lv_anim.h:129:20:lv_anim_set_var	16	static
lv_anim.h:141:20:lv_anim_set_exec_cb	16	static
lv_anim.h:151:20:lv_anim_set_time	16	static
lv_anim.h:172:20:lv_anim_set_values	16	static
lv_anim.h:231:20:lv_anim_set_playback_time	16	static
lv_anim.h:251:20:lv_anim_set_repeat_count	16	static
lv_anim_img.c:63:12:lv_animimg_create	32	static
lv_anim_img.c:122:6:lv_set_anim_img_sources	24	static
lv_anim_img.c:132:6:lv_anim_img_startup	24	static
lv_anim_img.c:148:6:lv_set_anim_img_numbers	24	static
lv_anim_img.c:158:6:lv_set_anim_img_repeat_delay	24	static
lv_anim_img.c:168:6:lv_set_anim_img_duration	24	static
lv_anim_img.c:178:6:lv_set_anim_img_playback_time	24	static
lv_anim_img.c:188:6:lv_set_anim_img_startup_repeat_count	24	static
lv_anim_img.c:200:6:lv_anim_img_set_src	16	static
lv_anim_img.c:211:6:lv_anim_img_set_auto_size	16	static
lv_anim_img.c:222:6:lv_anim_img_set_offset_x	16	static
lv_anim_img.c:233:6:lv_anim_img_set_offset_y	16	static
lv_anim_img.c:245:6:lv_anim_img_set_pivot	16	static
lv_anim_img.c:256:6:lv_anim_img_set_angle	16	static
lv_anim_img.c:271:6:lv_anim_img_set_zoom	16	static
lv_anim_img.c:281:6:lv_anim_img_set_antialias	16	static
lv_anim_img.c:295:14:lv_anim_img_get_src	16	static
lv_anim_img.c:305:14:lv_anim_img_get_file_name	16	static
lv_anim_img.c:315:6:lv_anim_img_get_auto_size	16	static
lv_anim_img.c:325:12:lv_anim_img_get_offset_x	16	static
lv_anim_img.c:335:12:lv_anim_img_get_offset_y	16	static
lv_anim_img.c:345:6:lv_anim_img_get_pivot	16	static
lv_anim_img.c:355:10:lv_anim_img_get_angle	16	static
lv_anim_img.c:365:10:lv_anim_img_get_zoom	16	static
lv_anim_img.c:375:6:lv_anim_img_get_antialias	16	static
lv_anim_img.c:394:24:lv_anim_img_design	24	static
lv_anim_img.c:421:17:lv_anim_img_signal	32	static
lv_anim_img.c:432:26:lv_anim_img_get_style	24	static
lv_anim_img.c:446:13:index_change	24	static
