lv_mem.h:214:44:_lv_memcpy_small	32	static
lv_area.h:100:20:lv_area_copy	16	static
lv_area.h:110:26:lv_area_get_width	16	static
lv_area.h:120:26:lv_area_get_height	16	static
lv_obj_style_dec.h:110:1:lv_obj_get_style_pad_top	16	static
lv_obj_style_dec.h:111:1:lv_obj_get_style_pad_bottom	16	static
lv_obj_style_dec.h:112:1:lv_obj_get_style_pad_left	16	static
lv_obj_style_dec.h:113:1:lv_obj_get_style_pad_right	16	static
lv_obj_style_dec.h:114:1:lv_obj_get_style_pad_inner	16	static
lv_btnmatrix.c:72:12:lv_btnmatrix_create	32	static
lv_btnmatrix.c:138:6:lv_btnmatrix_set_map	80	static
lv_btnmatrix.c:275:6:lv_btnmatrix_set_ctrl_map	24	static
lv_btnmatrix.c:290:6:lv_btnmatrix_set_focused_btn	24	static
lv_btnmatrix.c:310:6:lv_btnmatrix_set_recolor	24	static
lv_btnmatrix.c:325:6:lv_btnmatrix_set_btn_ctrl	24	static
lv_btnmatrix.c:342:6:lv_btnmatrix_clear_btn_ctrl	24	static
lv_btnmatrix.c:359:6:lv_btnmatrix_set_btn_ctrl_all	24	static
lv_btnmatrix.c:376:6:lv_btnmatrix_clear_btn_ctrl_all	24	static
lv_btnmatrix.c:396:6:lv_btnmatrix_set_btn_width	24	static
lv_btnmatrix.c:416:6:lv_btnmatrix_set_one_check	24	static
lv_btnmatrix.c:432:6:lv_btnmatrix_set_align	24	static
lv_btnmatrix.c:453:15:lv_btnmatrix_get_map_array	24	static
lv_btnmatrix.c:466:6:lv_btnmatrix_get_recolor	24	static
lv_btnmatrix.c:481:10:lv_btnmatrix_get_active_btn	24	static
lv_btnmatrix.c:495:14:lv_btnmatrix_get_active_btn_text	24	static
lv_btnmatrix.c:514:10:lv_btnmatrix_get_focused_btn	24	static
lv_btnmatrix.c:529:14:lv_btnmatrix_get_btn_text	24	static
lv_btnmatrix.c:560:6:lv_btnmatrix_get_btn_ctrl	24	static
lv_btnmatrix.c:576:6:lv_btnmatrix_get_one_check	24	static
lv_btnmatrix.c:590:18:lv_btnmatrix_get_align	24	static
lv_btnmatrix.c:625:24:lv_btnmatrix_design	576	static
lv_btnmatrix.c:820:17:lv_btnmatrix_signal	104	static
lv_btnmatrix.c:1088:26:lv_btnmatrix_get_style	24	static
lv_btnmatrix.c:1115:13:allocate_btn_areas_and_controls	24	static
lv_btnmatrix.c:1154:16:get_button_width	24	static
lv_btnmatrix.c:1160:13:button_is_hidden	16	static
lv_btnmatrix.c:1165:13:button_is_repeat_disabled	16	static
lv_btnmatrix.c:1170:13:button_is_inactive	16	static
lv_btnmatrix.c:1175:13:button_is_click_trig	16	static
lv_btnmatrix.c:1180:13:button_is_tgl_enabled	16	static
lv_btnmatrix.c:1185:13:button_get_tgl_state	16	static
lv_btnmatrix.c:1196:17:get_button_from_point	56	static
lv_btnmatrix.c:1246:13:invalidate_button_area	40	static
lv_btnmatrix.c:1272:13:maps_are_identical	24	static
lv_btnmatrix.c:1291:13:make_one_button_toggled	24	static
