fsl_clock.h:1185:20:CLOCK_ControlGate	32	static
fsl_clock.h:1202:20:CLOCK_EnableClock	16	static
fsl_clock.h:1212:20:CLOCK_DisableClock	16	static
fsl_pxp.h:586:20:PXP_Start	16	static
fsl_pxp.h:705:20:PXP_ClearStatusFlags	16	static
fsl_pxp.h:756:20:PXP_EnableInterrupts	16	static
fsl_pxp.c:134:17:PXP_GetInstance	24	static
fsl_pxp.c:193:13:PXP_GetScalerParam	32	static
fsl_pxp.c:231:13:PXP_ResetToInit	24	static
fsl_pxp.c:265:6:PXP_Init	24	static
fsl_pxp.c:282:6:PXP_Deinit	24	static
fsl_pxp.c:297:6:PXP_Reset	16	static
fsl_pxp.c:309:6:PXP_SetAlphaSurfaceBufferConfig	16	static
fsl_pxp.c:325:6:PXP_SetAlphaSurfaceBlendConfig	24	static
fsl_pxp.c:353:6:PXP_SetAlphaSurfacePosition	24	static
fsl_pxp.c:374:6:PXP_SetAlphaSurfaceOverlayColorKey	24	static
fsl_pxp.c:386:6:PXP_SetProcessSurfaceBufferConfig	16	static
fsl_pxp.c:410:6:PXP_SetProcessSurfaceScaler	40	static
fsl_pxp.c:434:6:PXP_SetProcessSurfacePosition	24	static
fsl_pxp.c:451:6:PXP_SetProcessSurfaceColorKey	24	static
fsl_pxp.c:463:6:PXP_SetOutputBufferConfig	16	static
fsl_pxp.c:506:6:PXP_SetNextCommand	24	static
fsl_pxp.c:569:6:PXP_SetCsc1Mode	16	static
fsl_pxp.c:774:6:PXP_SetPorterDuffConfig	24	static
fsl_pxp.c:797:10:PXP_GetPorterDuffConfig	24	static
fsl_pxp.c:888:13:PXP_StartRectCopy	72	static
fsl_pxp.c:955:10:PXP_StartPictureCopy	56	static
fsl_pxp.c:995:10:PXP_StartMemCopy	48	static
