fsl_clock.h:1235:24:CLOCK_GetOscFreq	4	static
fsl_clock.h:1342:24:CLOCK_GetRtcFreq	4	static
fsl_clock.h:1440:20:CLOCK_IsPllBypassed	16	static
fsl_clock.h:1454:20:CLOCK_IsPllEnabled	16	static
fsl_clock.h:1480:24:CLOCK_GetPllBypassRefClk	16	static
fsl_clock.c:85:17:CLOCK_GetPeriphClkFreq	16	static
fsl_clock.c:151:17:CLOCK_GetPllUsb1SWFreq	16	static
fsl_clock.c:189:6:CLOCK_InitExternalClk	16	static
fsl_clock.c:213:6:CLOCK_DeinitExternalClk	4	static
fsl_clock.c:225:6:CLOCK_SwitchOsc	16	static
fsl_clock.c:240:6:CLOCK_InitRcOsc24M	4	static
fsl_clock.c:248:6:CLOCK_DeinitRcOsc24M	4	static
fsl_clock.c:258:10:CLOCK_GetAhbFreq	8	static
fsl_clock.c:268:10:CLOCK_GetSemcFreq	16	static
fsl_clock.c:302:10:CLOCK_GetIpgFreq	8	static
fsl_clock.c:312:10:CLOCK_GetPerClkFreq	16	static
fsl_clock.c:341:10:CLOCK_GetFreq	24	static
fsl_clock.c:444:10:CLOCK_GetClockRootFreq	336	static
fsl_clock.c:488:6:CLOCK_EnableUsbhs0Clock	24	static
fsl_clock.c:515:6:CLOCK_EnableUsbhs1Clock	24	static
fsl_clock.c:540:6:CLOCK_EnableUsbhs0PhyPllClock	24	static
fsl_clock.c:564:6:CLOCK_DisableUsbhs0PhyPllClock	4	static
fsl_clock.c:577:6:CLOCK_InitArmPll	16	static
fsl_clock.c:598:6:CLOCK_DeinitArmPll	4	static
fsl_clock.c:610:6:CLOCK_InitSysPll	16	static
fsl_clock.c:640:6:CLOCK_DeinitSysPll	4	static
fsl_clock.c:652:6:CLOCK_InitUsb1Pll	16	static
fsl_clock.c:673:6:CLOCK_DeinitUsb1Pll	4	static
fsl_clock.c:685:6:CLOCK_InitUsb2Pll	16	static
fsl_clock.c:706:6:CLOCK_DeinitUsb2Pll	4	static
fsl_clock.c:718:6:CLOCK_InitAudioPll	24	static
fsl_clock.c:793:6:CLOCK_DeinitAudioPll	4	static
fsl_clock.c:805:6:CLOCK_InitVideoPll	24	static
fsl_clock.c:879:6:CLOCK_DeinitVideoPll	4	static
fsl_clock.c:891:6:CLOCK_InitEnetPll	24	static
fsl_clock.c:926:6:CLOCK_DeinitEnetPll	4	static
fsl_clock.c:939:10:CLOCK_GetPllFreq	56	static
fsl_clock.c:1157:6:CLOCK_InitSysPfd	24	static
fsl_clock.c:1180:6:CLOCK_DeinitSysPfd	16	static
fsl_clock.c:1195:6:CLOCK_InitUsb1Pfd	24	static
fsl_clock.c:1218:6:CLOCK_DeinitUsb1Pfd	16	static
fsl_clock.c:1231:10:CLOCK_GetSysPfdFreq	24	static
fsl_clock.c:1270:10:CLOCK_GetUsb1PfdFreq	24	static
fsl_clock.c:1310:6:CLOCK_EnableUsbhs1PhyPllClock	24	static
fsl_clock.c:1328:6:CLOCK_DisableUsbhs1PhyPllClock	4	static
fsl_clock.c:1340:6:CLOCK_SetClockOutput1	24	static
fsl_clock.c:1364:6:CLOCK_SetClockOutput2	24	static
fsl_clock.c:1388:10:CLOCK_GetClockOutCLKO1Freq	16	static
fsl_clock.c:1449:10:CLOCK_GetClockOutClkO2Freq	16	static
