fsl_clock.h:1112:20:CLOCK_SetMux	24	static
fsl_clock.h:1149:20:CLOCK_SetDiv	24	static
fsl_clock.h:1185:20:CLOCK_ControlGate	32	static
fsl_clock.h:1212:20:CLOCK_DisableClock	16	static
fsl_clock.h:1352:20:CLOCK_SetXtalFreq	16	static
fsl_clock.h:1362:20:CLOCK_SetRtcXtalFreq	16	static
fsl_clock.h:1419:20:CLOCK_SetPllBypass	24	static
fsl_iomuxc.h:1145:20:IOMUXC_EnableMode	24	static
fsl_iomuxc.h:1168:20:IOMUXC_SetSaiMClkClockSource	24	static
fsl_iomuxc.h:1228:20:IOMUXC_MQSConfig	24	static
clock_config.c:48:6:BOARD_InitBootClocks	8	static
clock_config.c:172:6:BOARD_BootClockRUN	16	static
