fsl_sdif.h:530:20:SDIF_EnableCardPower	16	static
fsl_sdif.h:549:20:SDIF_EnableCard1Power	16	static
fsl_sdif.h:582:24:SDIF_DetectCardInsert	16	static
fsl_sdif.h:601:24:SDIF_DetectCard1Insert	16	static
fsl_sdif.h:767:20:SDIF_EnableInterrupt	16	static
fsl_sdif.h:777:20:SDIF_DisableInterrupt	16	static
fsl_sdif.h:997:24:SDIF_GetControllerStatus	16	static
fsl_sdmmc_host.h:183:20:SDMMCHOST_EnableCardInt	16	static
fsl_sdmmc_host.c:53:13:SDMMCHOST_DetectCardInsertByHost	24	static
fsl_sdmmc_host.c:72:13:SDMMCHOST_DetectCardRemoveByHost	24	static
fsl_sdmmc_host.c:91:13:SDMMCHOST_CardInterrupt	24	static
fsl_sdmmc_host.c:106:10:SDMMCHOST_CardIntInit	16	static
fsl_sdmmc_host.c:115:10:SDMMCHOST_CardDetectInit	24	static
fsl_sdmmc_host.c:146:10:SDMMCHOST_CardDetectStatus	24	static
fsl_sdmmc_host.c:166:10:SDMMCHOST_PollingCardDetectStatus	32	static
fsl_sdmmc_host.c:213:10:SDMMCHOST_WaitCardDetectStatus	24	static
fsl_sdmmc_host.c:226:13:SDMMCHOST_TransferCompleteCallback	32	static
fsl_sdmmc_host.c:250:10:SDMMCHOST_TransferFunction	40	static
fsl_sdmmc_host.c:317:13:SDMMCHOST_ErrorRecovery	16	static
fsl_sdmmc_host.c:322:6:SDMMCHOST_SetCardPower	16	static
fsl_sdmmc_host.c:345:6:SDMMCHOST_PowerOffCard	16	static
fsl_sdmmc_host.c:361:6:SDMMCHOST_PowerOnCard	16	static
fsl_sdmmc_host.c:384:10:SDMMCHOST_Init	48	static
fsl_sdmmc_host.c:417:6:SDMMCHOST_Reset	16	static
fsl_sdmmc_host.c:423:6:SDMMCHOST_SetCardBusWidth	16	static
fsl_sdmmc_host.c:443:6:SDMMCHOST_Deinit	24	static
fsl_sdmmc_host.c:450:10:SDMMCHOST_StartBoot	24	static
fsl_sdmmc_host.c:459:10:SDMMCHOST_ReadBootData	24	static
