core_cm33.h:2127:22:__NVIC_EnableIRQ	16	static
fsl_clock.h:722:20:CLOCK_EnableClock	24	static
fsl_clock.h:732:20:CLOCK_DisableClock	24	static
fsl_common.h:484:28:EnableIRQ	16	static
fsl_sdif.h:456:20:SDIF_EnableCardClock	16	static
fsl_sdif.h:582:24:SDIF_DetectCardInsert	16	static
fsl_sdif.h:750:20:SDIF_EnableGlobalInterrupt	16	static
fsl_sdif.h:767:20:SDIF_EnableInterrupt	16	static
fsl_sdif.h:777:20:SDIF_DisableInterrupt	16	static
fsl_sdif.h:786:24:SDIF_GetInterruptStatus	16	static
fsl_sdif.h:795:24:SDIF_GetEnabledInterruptStatus	24	static
fsl_sdif.h:807:20:SDIF_ClearInterruptStatus	16	static
fsl_sdif.h:830:20:SDIF_EnableDmaInterrupt	16	static
fsl_sdif.h:840:20:SDIF_DisableDmaInterrupt	16	static
fsl_sdif.h:850:24:SDIF_GetInternalDMAStatus	16	static
fsl_sdif.h:860:24:SDIF_GetEnabledDMAInterruptStatus	24	static
fsl_sdif.h:871:20:SDIF_ClearInternalDMAStatus	16	static
fsl_sdif.h:890:20:SDIF_EnableInternalDMA	16	static
fsl_sdif.c:206:17:SDIF_GetInstance	24	static
fsl_sdif.c:220:17:SDIF_TransferConfig	32	static
fsl_sdif.c:320:17:SDIF_ReadCommandResponse	16	static
fsl_sdif.c:349:17:SDIF_WaitCommandDone	24	static
fsl_sdif.c:370:17:SDIF_SetCommandRegister	32	static
fsl_sdif.c:396:10:SDIF_ReleaseDMADescriptor	32	static
fsl_sdif.c:450:17:SDIF_ReadDataPort	40	static
fsl_sdif.c:497:17:SDIF_WriteDataPort	40	static
fsl_sdif.c:544:17:SDIF_ReadDataPortBlocking	40	static
fsl_sdif.c:594:17:SDIF_WriteDataPortBlocking	32	static
fsl_sdif.c:656:6:SDIF_Reset	24	static
fsl_sdif.c:680:17:SDIF_TransferDataBlocking	32	static
fsl_sdif.c:760:10:SDIF_SendCommand	24	static
fsl_sdif.c:780:6:SDIF_SendCardActive	24	static
fsl_sdif.c:826:6:SDIF_ConfigClockDelay	24	static
fsl_sdif.c:868:10:SDIF_SetCardClock	40	static
fsl_sdif.c:944:6:SDIF_AbortReadData	16	static
fsl_sdif.c:968:10:SDIF_InternalDMAConfig	56	static
fsl_sdif.c:1120:6:SDIF_SetCardBusWidth	16	static
fsl_sdif.c:1141:6:SDIF_SetCard1BusWidth	16	static
fsl_sdif.c:1186:6:SDIF_Init	16	static
fsl_sdif.c:1229:10:SDIF_TransferBlocking	40	static
fsl_sdif.c:1309:10:SDIF_TransferNonBlocking	40	static
fsl_sdif.c:1370:6:SDIF_TransferCreateHandle	24	static
fsl_sdif.c:1407:6:SDIF_GetCapability	16	static
fsl_sdif.c:1424:13:SDIF_TransferHandleCommand	32	static
fsl_sdif.c:1465:13:SDIF_TransferHandleData	40	static
fsl_sdif.c:1532:13:SDIF_TransferHandleDMA	40	static
fsl_sdif.c:1568:13:SDIF_TransferHandleSDIOInterrupt	16	static
fsl_sdif.c:1576:13:SDIF_TransferHandleCardDetect	16	static
fsl_sdif.c:1594:13:SDIF_TransferHandleIRQ	24	static
fsl_sdif.c:1633:6:SDIF_Deinit	16	static
fsl_sdif.c:1650:6:SDIO_DriverIRQHandler	8	static
