Archive member included to satisfy reference by file (symbol)

C:\Users\rapicano\Documents\MCUXpressoIDE_11.2.1_4149\workspace\FreeRTOS_cJson_test\libs\libpower_hardabi.a(fsl_power_lib.o)
                              ./drivers/fsl_clock.o (POWER_SetVoltageForFreq)
c:/nxp/mcuxpressoide_11.2.1_4149/ide/plugins/com.nxp.mcuxpresso.tools.win32_11.2.0.202008311134/tools/bin/../lib/gcc/arm-none-eabi/9.2.1/thumb/v8-m.main+fp/hard\libgcc.a(_arm_muldf3.o)
                              ./utilities/fsl_str.o (__aeabi_dmul)
c:/nxp/mcuxpressoide_11.2.1_4149/ide/plugins/com.nxp.mcuxpresso.tools.win32_11.2.0.202008311134/tools/bin/../lib/gcc/arm-none-eabi/9.2.1/thumb/v8-m.main+fp/hard\libgcc.a(_arm_addsubdf3.o)
                              ./utilities/fsl_str.o (__aeabi_dsub)
c:/nxp/mcuxpressoide_11.2.1_4149/ide/plugins/com.nxp.mcuxpresso.tools.win32_11.2.0.202008311134/tools/bin/../lib/gcc/arm-none-eabi/9.2.1/thumb/v8-m.main+fp/hard\libgcc.a(_arm_muldivdf3.o)
                              ./utilities/fsl_str.o (__aeabi_ddiv)
c:/nxp/mcuxpressoide_11.2.1_4149/ide/plugins/com.nxp.mcuxpresso.tools.win32_11.2.0.202008311134/tools/bin/../lib/gcc/arm-none-eabi/9.2.1/thumb/v8-m.main+fp/hard\libgcc.a(_arm_cmpdf2.o)
                              ./utilities/fsl_str.o (__aeabi_dcmpeq)
c:/nxp/mcuxpressoide_11.2.1_4149/ide/plugins/com.nxp.mcuxpresso.tools.win32_11.2.0.202008311134/tools/bin/../lib/gcc/arm-none-eabi/9.2.1/thumb/v8-m.main+fp/hard\libgcc.a(_arm_unorddf2.o)
                              ./cJSON/cJSON.o (__aeabi_dcmpun)
c:/nxp/mcuxpressoide_11.2.1_4149/ide/plugins/com.nxp.mcuxpresso.tools.win32_11.2.0.202008311134/tools/bin/../lib/gcc/arm-none-eabi/9.2.1/thumb/v8-m.main+fp/hard\libgcc.a(_arm_fixdfsi.o)
                              ./utilities/fsl_str.o (__aeabi_d2iz)
c:/nxp/mcuxpressoide_11.2.1_4149/ide/plugins/com.nxp.mcuxpresso.tools.win32_11.2.0.202008311134/tools/bin/../lib/gcc/arm-none-eabi/9.2.1/thumb/v8-m.main+fp/hard\libgcc.a(_arm_truncdfsf2.o)
                              ./utilities/fsl_str.o (__aeabi_d2f)
c:/nxp/mcuxpressoide_11.2.1_4149/ide/plugins/com.nxp.mcuxpresso.tools.win32_11.2.0.202008311134/tools/bin/../lib/gcc/arm-none-eabi/9.2.1/thumb/v8-m.main+fp/hard\libgcc.a(_aeabi_uldivmod.o)
                              ./drivers/fsl_clock.o (__aeabi_uldivmod)
c:/nxp/mcuxpressoide_11.2.1_4149/ide/plugins/com.nxp.mcuxpresso.tools.win32_11.2.0.202008311134/tools/bin/../lib/gcc/arm-none-eabi/9.2.1/thumb/v8-m.main+fp/hard\libgcc.a(_fixdfdi.o)
                              ./utilities/fsl_str.o (__aeabi_d2lz)
c:/nxp/mcuxpressoide_11.2.1_4149/ide/plugins/com.nxp.mcuxpresso.tools.win32_11.2.0.202008311134/tools/bin/../lib/gcc/arm-none-eabi/9.2.1/thumb/v8-m.main+fp/hard\libgcc.a(_fixunssfdi.o)
                              ./device/system_LPC55S28.o (__aeabi_f2ulz)
c:/nxp/mcuxpressoide_11.2.1_4149/ide/plugins/com.nxp.mcuxpresso.tools.win32_11.2.0.202008311134/tools/bin/../lib/gcc/arm-none-eabi/9.2.1/thumb/v8-m.main+fp/hard\libgcc.a(_fixunsdfdi.o)
                              c:/nxp/mcuxpressoide_11.2.1_4149/ide/plugins/com.nxp.mcuxpresso.tools.win32_11.2.0.202008311134/tools/bin/../lib/gcc/arm-none-eabi/9.2.1/thumb/v8-m.main+fp/hard\libgcc.a(_fixdfdi.o) (__aeabi_d2ulz)
c:/nxp/mcuxpressoide_11.2.1_4149/ide/plugins/com.nxp.mcuxpresso.tools.win32_11.2.0.202008311134/tools/bin/../lib/gcc/arm-none-eabi/9.2.1/thumb/v8-m.main+fp/hard\libgcc.a(_udivmoddi4.o)
                              c:/nxp/mcuxpressoide_11.2.1_4149/ide/plugins/com.nxp.mcuxpresso.tools.win32_11.2.0.202008311134/tools/bin/../lib/gcc/arm-none-eabi/9.2.1/thumb/v8-m.main+fp/hard\libgcc.a(_aeabi_uldivmod.o) (__udivmoddi4)
c:/nxp/mcuxpressoide_11.2.1_4149/ide/plugins/com.nxp.mcuxpresso.tools.win32_11.2.0.202008311134/tools/bin/../lib/gcc/arm-none-eabi/9.2.1/thumb/v8-m.main+fp/hard\libgcc.a(_dvmd_tls.o)
                              c:/nxp/mcuxpressoide_11.2.1_4149/ide/plugins/com.nxp.mcuxpresso.tools.win32_11.2.0.202008311134/tools/bin/../lib/gcc/arm-none-eabi/9.2.1/thumb/v8-m.main+fp/hard\libgcc.a(_aeabi_uldivmod.o) (__aeabi_ldiv0)
c:/nxp/mcuxpressoide_11.2.1_4149/ide/plugins/com.nxp.mcuxpresso.tools.win32_11.2.0.202008311134/tools/bin/../lib/gcc/arm-none-eabi/9.2.1/thumb/v8-m.main+fp/hard\libgcc.a(_arm_fixunsdfsi.o)
                              c:/nxp/mcuxpressoide_11.2.1_4149/ide/plugins/com.nxp.mcuxpresso.tools.win32_11.2.0.202008311134/tools/bin/../lib/gcc/arm-none-eabi/9.2.1/thumb/v8-m.main+fp/hard\libgcc.a(_fixunssfdi.o) (__aeabi_d2uiz)
c:/nxp/mcuxpressoide_11.2.1_4149/ide/plugins/com.nxp.mcuxpresso.tools.win32_11.2.0.202008311134/tools/bin/../lib/gcc/arm-none-eabi/9.2.1/../../../../arm-none-eabi/lib/thumb/v8-m.main+fp/hard\libc_nano.a(lib_a-calloc.o)
                              ./source/FreeRTOS_cJson_test.o (calloc)
c:/nxp/mcuxpressoide_11.2.1_4149/ide/plugins/com.nxp.mcuxpresso.tools.win32_11.2.0.202008311134/tools/bin/../lib/gcc/arm-none-eabi/9.2.1/../../../../arm-none-eabi/lib/thumb/v8-m.main+fp/hard\libc_nano.a(lib_a-ctype_.o)
[...]
Memory Configuration

Name             Origin             Length             Attributes
PROGRAM_FLASH    0x00000000         0x00080000         xr
SRAM             0x20000000         0x00030000         xrw
SRAM4            0x20040000         0x00004000         xrw
SRAMX            0x04000000         0x00008000         xrw
USB_RAM          0x40100000         0x00004000         xrw
*default*        0x00000000         0xffffffff

Linker script and memory map

LOAD ./utilities/fsl_assert.o
LOAD ./utilities/fsl_debug_console.o
LOAD ./utilities/fsl_str.o
LOAD ./startup/startup_lpc55s28.o
LOAD ./source/FreeRTOS_cJson_test.o
LOAD ./source/inizializations.o
LOAD ./source/json_handler.o
LOAD ./source/semihost_hardfault.o
LOAD ./sdmmc/src/fsl_sd.o
LOAD ./sdmmc/src/fsl_sdmmc_common.o
LOAD ./sdmmc/osa/fsl_sdmmc_osa.o
LOAD ./sdmmc/host/fsl_sdmmc_host.o
LOAD ./freertos/freertos_kernel/portable/MemMang/heap_4.o
LOAD ./freertos/freertos_kernel/portable/GCC/ARM_CM33_NTZ/non_secure/port.o
LOAD ./freertos/freertos_kernel/portable/GCC/ARM_CM33_NTZ/non_secure/portasm.o
LOAD ./freertos/freertos_kernel/croutine.o
LOAD ./freertos/freertos_kernel/event_groups.o
LOAD ./freertos/freertos_kernel/list.o
LOAD ./freertos/freertos_kernel/queue.o
LOAD ./freertos/freertos_kernel/stream_buffer.o
LOAD ./freertos/freertos_kernel/tasks.o
LOAD ./freertos/freertos_kernel/timers.o
LOAD ./fatfs/source/fsl_sd_disk/fsl_sd_disk.o
LOAD ./fatfs/source/fsl_ram_disk/fsl_ram_disk.o
LOAD ./fatfs/source/diskio.o
LOAD ./fatfs/source/ff.o
LOAD ./fatfs/source/ffsystem.o
LOAD ./fatfs/source/ffunicode.o
LOAD ./drivers/fsl_clock.o
LOAD ./drivers/fsl_common.o
LOAD ./drivers/fsl_flexcomm.o
LOAD ./drivers/fsl_gpio.o
LOAD ./drivers/fsl_i2c.o
LOAD ./drivers/fsl_power.o
LOAD ./drivers/fsl_reset.o
LOAD ./drivers/fsl_sdif.o
LOAD ./drivers/fsl_usart.o
LOAD ./device/system_LPC55S28.o
LOAD ./component/uart/usart_adapter.o
LOAD ./component/serial_manager/serial_manager.o
LOAD ./component/serial_manager/serial_port_uart.o
LOAD ./component/osa/fsl_os_abstraction_free_rtos.o
LOAD ./component/lists/generic_list.o
LOAD ./cJSON/cJSON.o
LOAD ./board/board.o
LOAD ./board/clock_config.o
LOAD ./board/peripherals.o
LOAD ./board/pin_mux.o
LOAD ./board/sdmmc_config.o
LOAD C:\Users\rapicano\Documents\MCUXpressoIDE_11.2.1_4149\workspace\FreeRTOS_cJson_test\libs\libpower_hardabi.a
START GROUP
LOAD c:/nxp/mcuxpressoide_11.2.1_4149/ide/plugins/com.nxp.mcuxpresso.tools.win32_11.2.0.202008311134/tools/bin/../lib/gcc/arm-none-eabi/9.2.1/thumb/v8-m.main+fp/hard\libgcc.a
LOAD c:/nxp/mcuxpressoide_11.2.1_4149/ide/plugins/com.nxp.mcuxpresso.tools.win32_11.2.0.202008311134/tools/bin/../lib/gcc/arm-none-eabi/9.2.1/../../../../arm-none-eabi/lib/thumb/v8-m.main+fp/hard\libc_nano.a
LOAD c:/nxp/mcuxpressoide_11.2.1_4149/ide/plugins/com.nxp.mcuxpresso.tools.win32_11.2.0.202008311134/tools/bin/../lib/gcc/arm-none-eabi/9.2.1/../../../../arm-none-eabi/lib/thumb/v8-m.main+fp/hard\libm.a
LOAD c:/nxp/mcuxpressoide_11.2.1_4149/ide/plugins/com.nxp.mcuxpresso.tools.win32_11.2.0.202008311134/tools/bin/../lib/gcc/arm-none-eabi/9.2.1/../../../../arm-none-eabi/lib/thumb/v8-m.main+fp/hard\libcr_newlib_semihost.a
END GROUP
                0x00000000                __base_PROGRAM_FLASH = 0x0
                0x00000000                __base_Flash = 0x0
                0x00080000                __top_PROGRAM_FLASH = 0x80000
                0x00080000                __top_Flash = 0x80000
                0x20000000                __base_SRAM = 0x20000000
                0x20000000                __base_RAM = 0x20000000
                0x20030000                __top_SRAM = 0x20030000
                0x20030000                __top_RAM = 0x20030000
                0x20040000                __base_SRAM4 = 0x20040000
                0x20040000                __base_RAM2 = 0x20040000
                0x20044000                __top_SRAM4 = 0x20044000
                0x20044000                __top_RAM2 = 0x20044000
                0x04000000                __base_SRAMX = 0x4000000
                0x04000000                __base_RAM3 = 0x4000000
                0x04008000                __top_SRAMX = 0x4008000
                0x04008000                __top_RAM3 = 0x4008000
                0x40100000                __base_USB_RAM = 0x40100000
                0x40100000                __base_RAM4 = 0x40100000
                0x40104000                __top_USB_RAM = 0x40104000
                0x40104000                __top_RAM4 = 0x40104000

.text           0x00000000    0x22878
 FILL mask 0xff
                0x00000000                __vectors_start__ = ABSOLUTE (.)
 *(SORT_BY_ALIGNMENT(.isr_vector))
 .isr_vector    0x00000000      0x130 ./startup/startup_lpc55s28.o
                0x00000000                g_pfnVectors
                0x00000000                __Vectors
                0x00000130                . = ALIGN (0x4)
                0x00000130                __section_table_start = .
                0x00000130                __data_section_table = .
                0x00000130        0x4 LONG 0x22880 LOADADDR (.data)
                0x00000134        0x4 LONG 0x20000000 ADDR (.data)
                0x00000138        0x4 LONG 0x1f0 SIZEOF (.data)
                0x0000013c        0x4 LONG 0x22880 LOADADDR (.data_RAM2)
                0x00000140        0x4 LONG 0x20040000 ADDR (.data_RAM2)
                0x00000144        0x4 LONG 0x0 SIZEOF (.data_RAM2)
                0x00000148        0x4 LONG 0x22880 LOADADDR (.data_RAM3)
                0x0000014c        0x4 LONG 0x4000000 ADDR (.data_RAM3)
                0x00000150        0x4 LONG 0x0 SIZEOF (.data_RAM3)
                0x00000154        0x4 LONG 0x22880 LOADADDR (.data_RAM4)
                0x00000158        0x4 LONG 0x40100000 ADDR (.data_RAM4)
                0x0000015c        0x4 LONG 0x0 SIZEOF (.data_RAM4)
                0x00000160                __data_section_table_end = .
                0x00000160                __bss_section_table = .
                0x00000160        0x4 LONG 0x200001f0 ADDR (.bss)
                0x00000164        0x4 LONG 0x84f4 SIZEOF (.bss)
                0x00000168        0x4 LONG 0x20040000 ADDR (.bss_RAM2)
                0x0000016c        0x4 LONG 0x0 SIZEOF (.bss_RAM2)
                0x00000170        0x4 LONG 0x4000000 ADDR (.bss_RAM3)
                0x00000174        0x4 LONG 0x0 SIZEOF (.bss_RAM3)
                0x00000178        0x4 LONG 0x40100000 ADDR (.bss_RAM4)
                0x0000017c        0x4 LONG 0x0 SIZEOF (.bss_RAM4)
                0x00000180                __bss_section_table_end = .
                0x00000180                __section_table_end = .
 *(SORT_BY_ALIGNMENT(.after_vectors*))
 .after_vectors.reset
                0x00000180       0x4c ./startup/startup_lpc55s28.o
                0x00000180                ResetISR
 .after_vectors.init_data
                0x000001cc       0x1e ./startup/startup_lpc55s28.o
                0x000001cc                data_init
 .after_vectors.init_bss
                0x000001ea       0x12 ./startup/startup_lpc55s28.o
                0x000001ea                bss_init
 .after_vectors
                0x000001fc       0x16 ./startup/startup_lpc55s28.o
                0x000001fc                NMI_Handler
                0x00000200                MemManage_Handler
                0x00000202                BusFault_Handler
                0x00000204                UsageFault_Handler
                0x00000206                SecureFault_Handler
                0x0000020a                DebugMon_Handler
                0x00000210                PIN_INT3_DriverIRQHandler
                0x00000210                PIN_INT2_DriverIRQHandler
                0x00000210                Reserved56_DriverIRQHandler
                0x00000210                PIN_INT0_DriverIRQHandler
                0x00000210                CTIMER2_DriverIRQHandler
                0x00000210                SEC_VIO_DriverIRQHandler
                0x00000210                IntDefaultHandler
                0x00000210                USB0_DriverIRQHandler
                0x00000210                CASER_DriverIRQHandler
                0x00000210                MRT0_DriverIRQHandler
                0x00000210                UTICK0_DriverIRQHandler
                0x00000210                Reserved41_DriverIRQHandler
                0x00000210                PIN_INT4_DriverIRQHandler
                0x00000210                PIN_INT5_DriverIRQHandler
                0x00000210                SEC_GPIO_INT0_IRQ0_DriverIRQHandler
                0x00000210                Reserved47_DriverIRQHandler
                0x00000210                CTIMER4_DriverIRQHandler
                0x00000210                GINT1_DriverIRQHandler
                0x00000210                PIN_INT7_DriverIRQHandler
                0x00000210                Reserved42_DriverIRQHandler
                0x00000210                HASHCRYPT_DriverIRQHandler
                0x00000210                USB0_NEEDCLK_DriverIRQHandler
                0x00000210                CTIMER0_DriverIRQHandler
                0x00000210                CTIMER1_DriverIRQHandler
                0x00000210                DMA0_DriverIRQHandler
                0x00000210                PIN_INT6_DriverIRQHandler
                0x00000210                PQ_DriverIRQHandler
                0x00000210                PIN_INT1_DriverIRQHandler
                0x00000210                CTIMER3_DriverIRQHandler
                0x00000210                Reserved61_DriverIRQHandler
                0x00000210                SEC_GPIO_INT0_IRQ1_DriverIRQHandler
                0x00000210                PUF_DriverIRQHandler
                0x00000210                RTC_DriverIRQHandler
                0x00000210                Reserved39_DriverIRQHandler
                0x00000210                USB1_DriverIRQHandler
                0x00000210                Reserved60_DriverIRQHandler
                0x00000210                DMA1_DriverIRQHandler
                0x00000210                ADC0_DriverIRQHandler
                0x00000210                USB1_NEEDCLK_DriverIRQHandler
                0x00000210                Reserved59_DriverIRQHandler
                0x00000210                GINT0_DriverIRQHandler
                0x00000210                USB1_PHY_DriverIRQHandler
                0x00000210                ACMP_DriverIRQHandler
                0x00000210                Reserved57_DriverIRQHandler
                0x00000210                Reserved55_DriverIRQHandler
                0x00000210                Reserved46_DriverIRQHandler
                0x00000210                WDT_BOD_DriverIRQHandler
                0x00000210                SCT0_DriverIRQHandler
                0x00000210                PLU_DriverIRQHandler
                0x00000210                OS_EVENT_DriverIRQHandler
                0x00000210                SEC_HYPERVISOR_CALL_DriverIRQHandler
 *(SORT_BY_ALIGNMENT(.text*))
 *fill*         0x00000212        0xe ff
 .text.vRestoreContextOfFirstTask
                0x00000220       0x28 ./freertos/freertos_kernel/portable/GCC/ARM_CM33_NTZ/non_secure/portasm.o
                0x00000220                vRestoreContextOfFirstTask
 *fill*         0x00000248        0x8 ff
 .text.vStartFirstTask
                0x00000250       0x28 ./freertos/freertos_kernel/portable/GCC/ARM_CM33_NTZ/non_secure/portasm.o
                0x00000250                vStartFirstTask
 *fill*         0x00000278        0x8 ff
 .text.PendSV_Handler
                0x00000280       0x58 ./freertos/freertos_kernel/portable/GCC/ARM_CM33_NTZ/non_secure/portasm.o
                0x00000280                PendSV_Handler
 *fill*         0x000002d8        0x8 ff
 .text.SVC_Handler
                0x000002e0       0x28 ./freertos/freertos_kernel/portable/GCC/ARM_CM33_NTZ/non_secure/portasm.o
                0x000002e0                SVC_Handler
 .text.parse_number
                0x00000308      0x1dc ./cJSON/cJSON.o
 *fill*         0x000004e4        0x4 ff
 .text._strtod_l
                0x000004e8      0xc1c c:/nxp/mcuxpressoide_11.2.1_4149/ide/plugins/com.nxp.mcuxpresso.tools.win32_11.2.0.202008311134/tools/bin/../lib/gcc/arm-none-eabi/9.2.1/../../../../arm-none-eabi/lib/thumb/v8-m.main+fp/hard\libc_nano.a(lib_a-strtod.o)
                0x000004e8                _strtod_l
 *fill*         0x00001104        0x4 ff
 .text.nan      0x00001108       0x10 c:/nxp/mcuxpressoide_11.2.1_4149/ide/plugins/com.nxp.mcuxpresso.tools.win32_11.2.0.202008311134/tools/bin/../lib/gcc/arm-none-eabi/9.2.1/../../../../arm-none-eabi/lib/thumb/v8-m.main+fp/hard\libc_nano.a(lib_a-s_nan.o)
                0x00001108                nan
 .text.__assert_func
                0x00001118       0x28 ./utilities/fsl_assert.o
                0x00001118                __assert_func
 .text.SDCARD_DetectCallBack
                0x00001140       0x30 ./source/FreeRTOS_cJson_test.o
 .text.CardDetectTask
                0x00001170      0x104 ./source/FreeRTOS_cJson_test.o
 .text.main     0x00001274       0xa4 ./source/FreeRTOS_cJson_test.o
                0x00001274                main
 .text.DEMO_MakeFileSystem
                0x00001318       0xa4 ./source/FreeRTOS_cJson_test.o
 .text.saveJsonIntoFileTask
                0x000013bc       0xdc ./source/FreeRTOS_cJson_test.o
 .text.parseJSONTask
                0x00001498      0x100 ./source/FreeRTOS_cJson_test.o
 .text.POWER_SetBodVbatLevel
                0x00001598       0x58 ./source/inizializations.o
 .text.createJson
                0x000015f0       0x54 ./source/json_handler.o
                0x000015f0                createJson
 .text.parseJson
                0x00001644       0xa4 ./source/json_handler.o
                0x00001644                parseJson
 .text.SD_SendApplicationCmd
                0x000016e8       0x40 ./sdmmc/src/fsl_sd.o
 .text.SD_GoIdle
                0x00001728       0x3c ./sdmmc/src/fsl_sd.o
 .text.SD_SetBlockSize
                0x00001764       0x40 ./sdmmc/src/fsl_sd.o
 .text.SD_StopTransmission
                0x000017a4       0x90 ./sdmmc/src/fsl_sd.o
 .text.SD_Transfer
                0x00001834       0x74 ./sdmmc/src/fsl_sd.o
 .text.SD_WaitWriteComplete
                0x000018a8       0x9c ./sdmmc/src/fsl_sd.o
 .text.SD_SendWriteSuccessBlocks
                0x00001944       0xf0 ./sdmmc/src/fsl_sd.o
 .text.SD_SendRca
                0x00001a34       0x84 ./sdmmc/src/fsl_sd.o
 .text.SD_SwitchFunction
                0x00001ab8       0xe0 ./sdmmc/src/fsl_sd.o
 .text.SD_DecodeScr
                0x00001b98      0x194 ./sdmmc/src/fsl_sd.o
 .text.SD_SendScr
                0x00001d2c      0x144 ./sdmmc/src/fsl_sd.o
 .text.SD_SelectFunction
                0x00001e70      0x2c0 ./sdmmc/src/fsl_sd.o
 .text.SD_SetDataBusWidth
                0x00002130       0xb0 ./sdmmc/src/fsl_sd.o
 .text.SD_DecodeCsd
                0x000021e0      0x390 ./sdmmc/src/fsl_sd.o
 .text.SD_SendCsd
                0x00002570       0xa8 ./sdmmc/src/fsl_sd.o
 .text.SD_DecodeCid
                0x00002618       0xec ./sdmmc/src/fsl_sd.o
 .text.SD_AllSendCid
                0x00002704       0x9c ./sdmmc/src/fsl_sd.o
 .text.SD_ApplicationSendOperationCondition
                0x000027a0       0xec ./sdmmc/src/fsl_sd.o
 .text.SD_SendInterfaceCondition
                0x0000288c       0xa8 ./sdmmc/src/fsl_sd.o
 .text.SD_SelectBusTiming
                0x00002934       0xf0 ./sdmmc/src/fsl_sd.o
 .text.SD_DecodeStatus
                0x00002a24      0x12c ./sdmmc/src/fsl_sd.o
 .text.SD_ReadStatus
                0x00002b50      0x170 ./sdmmc/src/fsl_sd.o
                0x00002b50                SD_ReadStatus
 .text.SD_SelectCard
                0x00002cc0       0x48 ./sdmmc/src/fsl_sd.o
                0x00002cc0                SD_SelectCard
 .text.SD_Read  0x00002d08      0x154 ./sdmmc/src/fsl_sd.o
 .text.SD_Write
                0x00002e5c      0x18c ./sdmmc/src/fsl_sd.o
 .text.SD_ReadBlocks
                0x00002fe8      0x16c ./sdmmc/src/fsl_sd.o
                0x00002fe8                SD_ReadBlocks
 .text.SD_WriteBlocks
                0x00003154      0x174 ./sdmmc/src/fsl_sd.o
                0x00003154                SD_WriteBlocks
 .text.SD_ProbeBusVoltage
                0x000032c8       0xac ./sdmmc/src/fsl_sd.o
                0x000032c8                SD_ProbeBusVoltage
 .text.SD_CardInit
                0x00003374      0x160 ./sdmmc/src/fsl_sd.o
                0x00003374                SD_CardInit
 .text.SD_CardDeinit
                0x000034d4       0x38 ./sdmmc/src/fsl_sd.o
                0x000034d4                SD_CardDeinit
 .text.SD_HostInit
                0x0000350c       0x98 ./sdmmc/src/fsl_sd.o
                0x0000350c                SD_HostInit
 .text.SD_SetCardPower
                0x000035a4       0x60 ./sdmmc/src/fsl_sd.o
                0x000035a4                SD_SetCardPower
 .text.SDMMC_SelectCard
                0x00003604       0x80 ./sdmmc/src/fsl_sdmmc_common.o
                0x00003604                SDMMC_SelectCard
 .text.SDMMC_SendApplicationCommand
                0x00003684       0x7c ./sdmmc/src/fsl_sdmmc_common.o
                0x00003684                SDMMC_SendApplicationCommand
 .text.SDMMC_SetBlockSize
                0x00003700       0x68 ./sdmmc/src/fsl_sdmmc_common.o
                0x00003700                SDMMC_SetBlockSize
 .text.SDMMC_OSAEventCreate
                0x00003768       0x38 ./sdmmc/osa/fsl_sdmmc_osa.o
                0x00003768                SDMMC_OSAEventCreate
 .text.SDMMC_OSAEventWait
                0x000037a0       0x6c ./sdmmc/osa/fsl_sdmmc_osa.o
                0x000037a0                SDMMC_OSAEventWait
 .text.SDMMC_OSAEventSet
                0x0000380c       0x3c ./sdmmc/osa/fsl_sdmmc_osa.o
                0x0000380c                SDMMC_OSAEventSet
 .text.SDMMC_OSAEventClear
                0x00003848       0x3c ./sdmmc/osa/fsl_sdmmc_osa.o
                0x00003848                SDMMC_OSAEventClear
 .text.SDMMCHOST_Init
                0x00003884       0xd4 ./sdmmc/host/fsl_sdmmc_host.o
                0x00003884                SDMMCHOST_Init
 .text.pvPortMalloc
                0x00003958      0x168 ./freertos/freertos_kernel/portable/MemMang/heap_4.o
                0x00003958                pvPortMalloc
 .text.vPortFree
                0x00003ac0       0xa4 ./freertos/freertos_kernel/portable/MemMang/heap_4.o
                0x00003ac0                vPortFree
 .text.prvHeapInit
                0x00003b64       0xc4 ./freertos/freertos_kernel/portable/MemMang/heap_4.o
 .text.prvInsertBlockIntoFreeList
                0x00003c28       0xb4 ./freertos/freertos_kernel/portable/MemMang/heap_4.o
 .text.vPortSetupTimerInterrupt
                0x00003cdc       0x48 ./freertos/freertos_kernel/portable/GCC/ARM_CM33_NTZ/non_secure/port.o
                0x00003cdc                vPortSetupTimerInterrupt
 .text.prvTaskExitError
                0x00003d24       0x34 ./freertos/freertos_kernel/portable/GCC/ARM_CM33_NTZ/non_secure/port.o
 .text.vPortYield
                0x00003d58       0x24 ./freertos/freertos_kernel/portable/GCC/ARM_CM33_NTZ/non_secure/port.o
                0x00003d58                vPortYield
 .text.vPortEnterCritical
                0x00003d7c       0x24 ./freertos/freertos_kernel/portable/GCC/ARM_CM33_NTZ/non_secure/port.o
                0x00003d7c                vPortEnterCritical
 .text.vPortExitCritical
                0x00003da0       0x34 ./freertos/freertos_kernel/portable/GCC/ARM_CM33_NTZ/non_secure/port.o
                0x00003da0                vPortExitCritical
 .text.SysTick_Handler
                0x00003dd4       0x30 ./freertos/freertos_kernel/portable/GCC/ARM_CM33_NTZ/non_secure/port.o
                0x00003dd4                SysTick_Handler
 .text.pxPortInitialiseStack
                0x00003e04      0x114 ./freertos/freertos_kernel/portable/GCC/ARM_CM33_NTZ/non_secure/port.o
                0x00003e04                pxPortInitialiseStack
 .text.xPortStartScheduler
                0x00003f18       0x40 ./freertos/freertos_kernel/portable/GCC/ARM_CM33_NTZ/non_secure/port.o
                0x00003f18                xPortStartScheduler
 .text.xEventGroupClearBitsFromISR
                0x00003f58       0x28 ./freertos/freertos_kernel/event_groups.o
                0x00003f58                xEventGroupClearBitsFromISR
 .text.xEventGroupSetBitsFromISR
                0x00003f80       0x28 ./freertos/freertos_kernel/event_groups.o
                0x00003f80                xEventGroupSetBitsFromISR
 .text.vQueueAddToRegistry
                0x00003fa8       0x54 ./freertos/freertos_kernel/queue.o
                0x00003fa8                vQueueAddToRegistry
 .text.prvAddNewTaskToReadyList
                0x00003ffc       0xd0 ./freertos/freertos_kernel/tasks.o
 .text.vTaskDelay
                0x000040cc       0x48 ./freertos/freertos_kernel/tasks.o
                0x000040cc                vTaskDelay
 .text.vTaskSuspend
                0x00004114       0xcc ./freertos/freertos_kernel/tasks.o
                0x00004114                vTaskSuspend
 .text.vTaskStartScheduler
                0x000041e0       0x7c ./freertos/freertos_kernel/tasks.o
                0x000041e0                vTaskStartScheduler
 .text.vTaskSuspendAll
                0x0000425c       0x1c ./freertos/freertos_kernel/tasks.o
                0x0000425c                vTaskSuspendAll
 .text.xTaskResumeAll
                0x00004278      0x11c ./freertos/freertos_kernel/tasks.o
                0x00004278                xTaskResumeAll
 .text.xTaskGetTickCount
                0x00004394       0x20 ./freertos/freertos_kernel/tasks.o
                0x00004394                xTaskGetTickCount
 .text.xTaskIncrementTick
                0x000043b4      0x144 ./freertos/freertos_kernel/tasks.o
                0x000043b4                xTaskIncrementTick
 .text.vTaskSwitchContext
                0x000044f8       0xa8 ./freertos/freertos_kernel/tasks.o
                0x000044f8                vTaskSwitchContext
 .text.vTaskPlaceOnEventList
                0x000045a0       0x38 ./freertos/freertos_kernel/tasks.o
                0x000045a0                vTaskPlaceOnEventList
 .text.vTaskPlaceOnUnorderedEventList
                0x000045d8       0x58 ./freertos/freertos_kernel/tasks.o
                0x000045d8                vTaskPlaceOnUnorderedEventList
 .text.vTaskPlaceOnEventListRestricted
                0x00004630       0x48 ./freertos/freertos_kernel/tasks.o
                0x00004630                vTaskPlaceOnEventListRestricted
 .text.xTaskRemoveFromEventList
                0x00004678       0xb8 ./freertos/freertos_kernel/tasks.o
                0x00004678                xTaskRemoveFromEventList
 .text.vTaskRemoveFromUnorderedEventList
                0x00004730       0xa4 ./freertos/freertos_kernel/tasks.o
                0x00004730                vTaskRemoveFromUnorderedEventList
 .text.vTaskInternalSetTimeOutState
                0x000047d4       0x2c ./freertos/freertos_kernel/tasks.o
                0x000047d4                vTaskInternalSetTimeOutState
 .text.xTaskCheckForTimeOut
                0x00004800       0xa4 ./freertos/freertos_kernel/tasks.o
                0x00004800                xTaskCheckForTimeOut
 .text.vTaskMissedYield
                0x000048a4       0x18 ./freertos/freertos_kernel/tasks.o
                0x000048a4                vTaskMissedYield
 .text.prvIdleTask
                0x000048bc       0x20 ./freertos/freertos_kernel/tasks.o
 .text.prvInitialiseTaskLists
                0x000048dc       0x80 ./freertos/freertos_kernel/tasks.o
 .text.prvCheckTasksWaitingTermination
                0x0000495c       0x5c ./freertos/freertos_kernel/tasks.o
 .text.prvResetNextTaskUnblockTime
                0x000049b8       0x40 ./freertos/freertos_kernel/tasks.o
 .text.xTaskGetSchedulerState
                0x000049f8       0x3c ./freertos/freertos_kernel/tasks.o
                0x000049f8                xTaskGetSchedulerState
 .text.xTaskPriorityInherit
                0x00004a34       0xd0 ./freertos/freertos_kernel/tasks.o
                0x00004a34                xTaskPriorityInherit
 .text.xTaskPriorityDisinherit
                0x00004b04       0xbc ./freertos/freertos_kernel/tasks.o
                0x00004b04                xTaskPriorityDisinherit
 .text.vTaskPriorityDisinheritAfterTimeout
                0x00004bc0       0xe4 ./freertos/freertos_kernel/tasks.o
                0x00004bc0                vTaskPriorityDisinheritAfterTimeout
 .text.uxTaskResetEventItemValue
                0x00004ca4       0x30 ./freertos/freertos_kernel/tasks.o
                0x00004ca4                uxTaskResetEventItemValue
 .text.pvTaskIncrementMutexHeldCount
                0x00004cd4       0x28 ./freertos/freertos_kernel/tasks.o
                0x00004cd4                pvTaskIncrementMutexHeldCount
 .text.prvAddCurrentTaskToDelayedList
                0x00004cfc       0xa8 ./freertos/freertos_kernel/tasks.o
 .text.xTimerCreateTimerTask
                0x00004da4       0x54 ./freertos/freertos_kernel/timers.o
                0x00004da4                xTimerCreateTimerTask
 .text.xTimerGenericCommand
                0x00004df8       0x8c ./freertos/freertos_kernel/timers.o
                0x00004df8                xTimerGenericCommand
 .text.prvProcessExpiredTimer
                0x00004e84       0x88 ./freertos/freertos_kernel/timers.o
 .text.prvProcessTimerOrBlockTask
                0x00004f0c       0x8c ./freertos/freertos_kernel/timers.o
 .text.prvGetNextExpireTime
                0x00004f98       0x48 ./freertos/freertos_kernel/timers.o
 .text.prvSampleTimeNow
                0x00004fe0       0x40 ./freertos/freertos_kernel/timers.o
 .text.prvInsertTimerInActiveList
                0x00005020       0x84 ./freertos/freertos_kernel/timers.o
 .text.prvProcessReceivedCommands
                0x000050a4      0x194 ./freertos/freertos_kernel/timers.o
 .text.prvSwitchTimerLists
                0x00005238       0xb8 ./freertos/freertos_kernel/timers.o
 .text.prvCheckForValidListAndQueue
                0x000052f0       0x6c ./freertos/freertos_kernel/timers.o
 .text.xTimerPendFunctionCallFromISR
                0x0000535c       0x40 ./freertos/freertos_kernel/timers.o
                0x0000535c                xTimerPendFunctionCallFromISR
 .text.sd_disk_write
                0x0000539c       0x40 ./fatfs/source/fsl_sd_disk/fsl_sd_disk.o
                0x0000539c                sd_disk_write
 .text.sd_disk_read
                0x000053dc       0x40 ./fatfs/source/fsl_sd_disk/fsl_sd_disk.o
                0x000053dc                sd_disk_read
 .text.sd_disk_ioctl
                0x0000541c       0xa4 ./fatfs/source/fsl_sd_disk/fsl_sd_disk.o
                0x0000541c                sd_disk_ioctl
 .text.sd_disk_initialize
                0x000054c0       0x68 ./fatfs/source/fsl_sd_disk/fsl_sd_disk.o
                0x000054c0                sd_disk_initialize
 .text.sync_fs  0x00005528       0xdc ./fatfs/source/ff.o
 .text.cmp_lfn  0x00005604       0xdc ./fatfs/source/ff.o
 .text.put_lfn  0x000056e0       0xd0 ./fatfs/source/ff.o
 .text.dir_register
                0x000057b0      0x1f0 ./fatfs/source/ff.o
 .text.create_name
                0x000059a0      0x434 ./fatfs/source/ff.o
 .text.get_ldnumber
                0x00005dd4       0x90 ./fatfs/source/ff.o
 .text.check_fs
                0x00005e64      0x118 ./fatfs/source/ff.o
 .text.mount_volume
                0x00005f7c      0x40c ./fatfs/source/ff.o
 .text.f_mount  0x00006388       0x80 ./fatfs/source/ff.o
                0x00006388                f_mount
 .text.f_open   0x00006408      0x304 ./fatfs/source/ff.o
                0x00006408                f_open
 .text.f_sync   0x0000670c      0x100 ./fatfs/source/ff.o
                0x0000670c                f_sync
 .text.f_chdrive
                0x0000680c       0x34 ./fatfs/source/ff.o
                0x0000680c                f_chdrive
 .text.create_partition
                0x00006840      0x248 ./fatfs/source/ff.o
 .text.f_mkfs   0x00006a88      0x858 ./fatfs/source/ff.o
                0x00006a88                f_mkfs
 .text.ff_uni2oem
                0x000072e0       0xb8 ./fatfs/source/ffunicode.o
                0x000072e0                ff_uni2oem
 .text.ff_oem2uni
                0x00007398       0xb0 ./fatfs/source/ffunicode.o
                0x00007398                ff_oem2uni
 .text.ff_wtoupper
                0x00007448      0x124 ./fatfs/source/ffunicode.o
                0x00007448                ff_wtoupper
 .text.POWER_EnablePD
                0x0000756c       0x20 ./drivers/fsl_clock.o
 .text.POWER_DisablePD
                0x0000758c       0x20 ./drivers/fsl_clock.o
 .text.CLOCK_AttachClk
                0x000075ac       0x98 ./drivers/fsl_clock.o
                0x000075ac                CLOCK_AttachClk
 .text.CLOCK_SetClkDiv
                0x00007644       0x5c ./drivers/fsl_clock.o
                0x00007644                CLOCK_SetClkDiv
 .text.CLOCK_SetupFROClocking
                0x000076a0       0x80 ./drivers/fsl_clock.o
                0x000076a0                CLOCK_SetupFROClocking
 .text.CLOCK_SetFLASHAccessCyclesForFreq
                0x00007720      0x148 ./drivers/fsl_clock.o
                0x00007720                CLOCK_SetFLASHAccessCyclesForFreq
 .text.CLOCK_SetupExtClocking
                0x00007868       0x50 ./drivers/fsl_clock.o
                0x00007868                CLOCK_SetupExtClocking
 .text.CLOCK_GetSdioClkFreq
                0x000078b8       0x98 ./drivers/fsl_clock.o
                0x000078b8                CLOCK_GetSdioClkFreq
 .text.CLOCK_GetFro12MFreq
                0x00007950       0x28 ./drivers/fsl_clock.o
                0x00007950                CLOCK_GetFro12MFreq
 .text.CLOCK_GetFro1MFreq
                0x00007978       0x28 ./drivers/fsl_clock.o
                0x00007978                CLOCK_GetFro1MFreq
 .text.CLOCK_GetExtClkFreq
                0x000079a0       0x2c ./drivers/fsl_clock.o
                0x000079a0                CLOCK_GetExtClkFreq
 .text.CLOCK_GetFroHfFreq
                0x000079cc       0x28 ./drivers/fsl_clock.o
                0x000079cc                CLOCK_GetFroHfFreq
 .text.CLOCK_GetPll0OutFreq
                0x000079f4       0x18 ./drivers/fsl_clock.o
                0x000079f4                CLOCK_GetPll0OutFreq
 .text.CLOCK_GetPll1OutFreq
                0x00007a0c       0x18 ./drivers/fsl_clock.o
                0x00007a0c                CLOCK_GetPll1OutFreq
 .text.CLOCK_GetOsc32KFreq
                0x00007a24       0x58 ./drivers/fsl_clock.o
                0x00007a24                CLOCK_GetOsc32KFreq
 .text.CLOCK_GetCoreSysClkFreq
                0x00007a7c       0xa8 ./drivers/fsl_clock.o
                0x00007a7c                CLOCK_GetCoreSysClkFreq
 .text.CLOCK_GetPLL0InClockRate
                0x00007b24       0x64 ./drivers/fsl_clock.o
                0x00007b24                CLOCK_GetPLL0InClockRate
 .text.CLOCK_SetPLL0Freq
                0x00007b88      0x12c ./drivers/fsl_clock.o
                0x00007b88                CLOCK_SetPLL0Freq
 .text.SDK_DelayAtLeastUs
                0x00007cb4       0xa4 ./drivers/fsl_common.o
                0x00007cb4                SDK_DelayAtLeastUs
 .text.FLEXCOMM0_DriverIRQHandler
                0x00007d58       0x44 ./drivers/fsl_flexcomm.o
                0x00007d58                FLEXCOMM0_DriverIRQHandler
 .text.FLEXCOMM1_DriverIRQHandler
                0x00007d9c       0x44 ./drivers/fsl_flexcomm.o
                0x00007d9c                FLEXCOMM1_DriverIRQHandler
 .text.FLEXCOMM2_DriverIRQHandler
                0x00007de0       0x44 ./drivers/fsl_flexcomm.o
                0x00007de0                FLEXCOMM2_DriverIRQHandler
 .text.FLEXCOMM3_DriverIRQHandler
                0x00007e24       0x44 ./drivers/fsl_flexcomm.o
                0x00007e24                FLEXCOMM3_DriverIRQHandler
 .text.FLEXCOMM4_DriverIRQHandler
                0x00007e68       0x44 ./drivers/fsl_flexcomm.o
                0x00007e68                FLEXCOMM4_DriverIRQHandler
 .text.FLEXCOMM5_DriverIRQHandler
                0x00007eac       0x44 ./drivers/fsl_flexcomm.o
                0x00007eac                FLEXCOMM5_DriverIRQHandler
 .text.FLEXCOMM6_DriverIRQHandler
                0x00007ef0       0x44 ./drivers/fsl_flexcomm.o
                0x00007ef0                FLEXCOMM6_DriverIRQHandler
 .text.FLEXCOMM7_DriverIRQHandler
                0x00007f34       0x44 ./drivers/fsl_flexcomm.o
                0x00007f34                FLEXCOMM7_DriverIRQHandler
 .text.FLEXCOMM8_DriverIRQHandler
                0x00007f78       0x44 ./drivers/fsl_flexcomm.o
                0x00007f78                FLEXCOMM8_DriverIRQHandler
 .text.RESET_SetPeripheralReset
                0x00007fbc       0x6c ./drivers/fsl_reset.o
                0x00007fbc                RESET_SetPeripheralReset
 .text.RESET_ClearPeripheralReset
                0x00008028       0x6c ./drivers/fsl_reset.o
                0x00008028                RESET_ClearPeripheralReset
 .text.__NVIC_EnableIRQ
                0x00008094       0x3c ./drivers/fsl_sdif.o
 .text.SDIF_GetInstance
                0x000080d0       0x50 ./drivers/fsl_sdif.o
 .text.SDIF_TransferConfig
                0x00008120      0x1a4 ./drivers/fsl_sdif.o
 .text.SDIF_SendCommand
                0x000082c4       0x68 ./drivers/fsl_sdif.o
                0x000082c4                SDIF_SendCommand
 .text.SDIF_ConfigClockDelay
                0x0000832c       0x6c ./drivers/fsl_sdif.o
                0x0000832c                SDIF_ConfigClockDelay
 .text.SDIF_SetCardClock
                0x00008398       0xfc ./drivers/fsl_sdif.o
                0x00008398                SDIF_SetCardClock
 .text.SDIF_InternalDMAConfig
                0x00008494      0x2ac ./drivers/fsl_sdif.o
                0x00008494                SDIF_InternalDMAConfig
 .text.SDIF_Init
                0x00008740       0x90 ./drivers/fsl_sdif.o
                0x00008740                SDIF_Init
 .text.SDIF_TransferNonBlocking
                0x000087d0       0xf0 ./drivers/fsl_sdif.o
                0x000087d0                SDIF_TransferNonBlocking
 .text.SDIF_TransferCreateHandle
                0x000088c0       0xc8 ./drivers/fsl_sdif.o
                0x000088c0                SDIF_TransferCreateHandle
 .text.SDIF_TransferHandleCommand
                0x00008988       0xc4 ./drivers/fsl_sdif.o
 .text.SDIF_TransferHandleData
                0x00008a4c      0x168 ./drivers/fsl_sdif.o
 .text.SDIF_TransferHandleIRQ
                0x00008bb4       0xb8 ./drivers/fsl_sdif.o
 .text.SDIO_DriverIRQHandler
                0x00008c6c       0x44 ./drivers/fsl_sdif.o
                0x00008c6c                SDIO_DriverIRQHandler
 .text.SystemInit
                0x00008cb0       0x64 ./device/system_LPC55S28.o
                0x00008cb0                SystemInit
 .text.OSA_TimeDelay
                0x00008d14       0x30 ./component/osa/fsl_os_abstraction_free_rtos.o
                0x00008d14                OSA_TimeDelay
 .text.OSA_EventCreate
                0x00008d44       0x58 ./component/osa/fsl_os_abstraction_free_rtos.o
                0x00008d44                OSA_EventCreate
 .text.OSA_EventSet
                0x00008d9c       0xa0 ./component/osa/fsl_os_abstraction_free_rtos.o
                0x00008d9c                OSA_EventSet
 .text.OSA_EventClear
                0x00008e3c       0x6c ./component/osa/fsl_os_abstraction_free_rtos.o
                0x00008e3c                OSA_EventClear
 .text.OSA_EventWait
                0x00008ea8       0xb0 ./component/osa/fsl_os_abstraction_free_rtos.o
                0x00008ea8                OSA_EventWait
 .text.cJSON_GetErrorPtr
                0x00008f58       0x1c ./cJSON/cJSON.o
                0x00008f58                cJSON_GetErrorPtr
 .text.case_insensitive_strcmp
                0x00008f74       0xd8 ./cJSON/cJSON.o
 .text.cJSON_Delete
                0x0000904c       0x94 ./cJSON/cJSON.o
                0x0000904c                cJSON_Delete
 .text.compare_double
                0x000090e0       0xb4 ./cJSON/cJSON.o
 .text.print_number
                0x00009194      0x1ac ./cJSON/cJSON.o
 .text.utf16_literal_to_utf8
                0x00009340      0x1d0 ./cJSON/cJSON.o
 .text.parse_string
                0x00009510      0x28c ./cJSON/cJSON.o
 .text.print_string_ptr
                0x0000979c      0x25c ./cJSON/cJSON.o
 .text.skip_utf8_bom
                0x000099f8       0x68 ./cJSON/cJSON.o
 .text.cJSON_ParseWithLengthOpts
                0x00009a60      0x134 ./cJSON/cJSON.o
                0x00009a60                cJSON_ParseWithLengthOpts
 .text.print    0x00009b94      0x108 ./cJSON/cJSON.o
 .text.cJSON_Print
                0x00009c9c       0x20 ./cJSON/cJSON.o
                0x00009c9c                cJSON_Print
 .text.parse_value
                0x00009cbc      0x1d8 ./cJSON/cJSON.o
 .text.print_value
                0x00009e94      0x1bc ./cJSON/cJSON.o
 .text.cJSON_AddItemToObject
                0x0000a050       0x2c ./cJSON/cJSON.o
                0x0000a050                cJSON_AddItemToObject
 .text.cJSON_AddStringToObject
                0x0000a07c       0x44 ./cJSON/cJSON.o
                0x0000a07c                cJSON_AddStringToObject
 .text.cJSON_CreateString
                0x0000a0c0       0x4c ./cJSON/cJSON.o
                0x0000a0c0                cJSON_CreateString
 .text.cJSON_CreateObject
                0x0000a10c       0x28 ./cJSON/cJSON.o
                0x0000a10c                cJSON_CreateObject
 .text.BOARD_InitDebugConsole
                0x0000a134       0x38 ./board/board.o
                0x0000a134                BOARD_InitDebugConsole
 .text.POWER_DisablePD
                0x0000a16c       0x20 ./board/clock_config.o
 .text.BOARD_BootClockPLL150M
                0x0000a18c      0x130 ./board/clock_config.o
                0x0000a18c                BOARD_BootClockPLL150M
 .text.BOARD_InitPins
                0x0000a2bc      0x10c ./board/pin_mux.o
                0x0000a2bc                BOARD_InitPins
 .text.__NVIC_SetPriority
                0x0000a3c8       0x54 ./board/sdmmc_config.o
 .text.BOARD_SDIF0ClockConfiguration
                0x0000a41c       0x38 ./board/sdmmc_config.o
                0x0000a41c                BOARD_SDIF0ClockConfiguration
 .text.BOARD_SDCardDetectInit
                0x0000a454       0x34 ./board/sdmmc_config.o
                0x0000a454                BOARD_SDCardDetectInit
 .text.BOARD_SD_Config
                0x0000a488       0x8c ./board/sdmmc_config.o
                0x0000a488                BOARD_SD_Config
 .text.lowpower_set_system_voltage
                0x0000a514       0xa0 C:\Users\rapicano\Documents\MCUXpressoIDE_11.2.1_4149\workspace\FreeRTOS_cJson_test\libs\libpower_hardabi.a(fsl_power_lib.o)
 .text.lowpower_set_voltage_for_process
                0x0000a5b4       0x84 C:\Users\rapicano\Documents\MCUXpressoIDE_11.2.1_4149\workspace\FreeRTOS_cJson_test\libs\libpower_hardabi.a(fsl_power_lib.o)
 .text.POWER_SetVoltageForFreq
                0x0000a638       0x84 C:\Users\rapicano\Documents\MCUXpressoIDE_11.2.1_4149\workspace\FreeRTOS_cJson_test\libs\libpower_hardabi.a(fsl_power_lib.o)
                0x0000a638                POWER_SetVoltageForFreq
 .text          0x0000a6bc      0x378 c:/nxp/mcuxpressoide_11.2.1_4149/ide/plugins/com.nxp.mcuxpresso.tools.win32_11.2.0.202008311134/tools/bin/../lib/gcc/arm-none-eabi/9.2.1/thumb/v8-m.main+fp/hard\libgcc.a(_arm_addsubdf3.o)
                0x0000a6bc                __aeabi_drsub
                0x0000a6c4                __aeabi_dsub
                0x0000a6c4                __subdf3
                0x0000a6c8                __aeabi_dadd
                0x0000a6c8                __adddf3
                0x0000a940                __floatunsidf
                0x0000a940                __aeabi_ui2d
                0x0000a960                __floatsidf
                0x0000a960                __aeabi_i2d
                0x0000a984                __aeabi_f2d
                0x0000a984                __extendsfdf2
                0x0000a9c8                __floatundidf
                0x0000a9c8                __aeabi_ul2d
                0x0000a9d8                __floatdidf
                0x0000a9d8                __aeabi_l2d
 .text          0x0000aa34      0x424 c:/nxp/mcuxpressoide_11.2.1_4149/ide/plugins/com.nxp.mcuxpresso.tools.win32_11.2.0.202008311134/tools/bin/../lib/gcc/arm-none-eabi/9.2.1/thumb/v8-m.main+fp/hard\libgcc.a(_arm_muldivdf3.o)
                0x0000aa34                __aeabi_dmul
                0x0000aa34                __muldf3
                0x0000ac88                __divdf3
                0x0000ac88                __aeabi_ddiv
 .text          0x0000ae58      0x110 c:/nxp/mcuxpressoide_11.2.1_4149/ide/plugins/com.nxp.mcuxpresso.tools.win32_11.2.0.202008311134/tools/bin/../lib/gcc/arm-none-eabi/9.2.1/thumb/v8-m.main+fp/hard\libgcc.a(_arm_cmpdf2.o)
                0x0000ae58                __gtdf2
                0x0000ae58                __gedf2
                0x0000ae60                __ltdf2
                0x0000ae60                __ledf2
                0x0000ae68                __nedf2
                0x0000ae68                __eqdf2
                0x0000ae68                __cmpdf2
                0x0000aee4                __aeabi_cdrcmple
                0x0000aef4                __aeabi_cdcmpeq
                0x0000aef4                __aeabi_cdcmple
                0x0000af04                __aeabi_dcmpeq
                0x0000af18                __aeabi_dcmplt
                0x0000af2c                __aeabi_dcmple
                0x0000af40                __aeabi_dcmpge
                0x0000af54                __aeabi_dcmpgt
 .text          0x0000af68       0x2c c:/nxp/mcuxpressoide_11.2.1_4149/ide/plugins/com.nxp.mcuxpresso.tools.win32_11.2.0.202008311134/tools/bin/../lib/gcc/arm-none-eabi/9.2.1/thumb/v8-m.main+fp/hard\libgcc.a(_arm_unorddf2.o)
                0x0000af68                __unorddf2
                0x0000af68                __aeabi_dcmpun
 .text          0x0000af94       0x50 c:/nxp/mcuxpressoide_11.2.1_4149/ide/plugins/com.nxp.mcuxpresso.tools.win32_11.2.0.202008311134/tools/bin/../lib/gcc/arm-none-eabi/9.2.1/thumb/v8-m.main+fp/hard\libgcc.a(_arm_fixdfsi.o)
                0x0000af94                __aeabi_d2iz
                0x0000af94                __fixdfsi
 .text          0x0000afe4       0x30 c:/nxp/mcuxpressoide_11.2.1_4149/ide/plugins/com.nxp.mcuxpresso.tools.win32_11.2.0.202008311134/tools/bin/../lib/gcc/arm-none-eabi/9.2.1/thumb/v8-m.main+fp/hard\libgcc.a(_aeabi_uldivmod.o)
                0x0000afe4                __aeabi_uldivmod
 .text          0x0000b014       0x30 c:/nxp/mcuxpressoide_11.2.1_4149/ide/plugins/com.nxp.mcuxpresso.tools.win32_11.2.0.202008311134/tools/bin/../lib/gcc/arm-none-eabi/9.2.1/thumb/v8-m.main+fp/hard\libgcc.a(_fixdfdi.o)
                0x0000b014                __fixdfdi
                0x0000b014                __aeabi_d2lz
 .text          0x0000b044       0x3c c:/nxp/mcuxpressoide_11.2.1_4149/ide/plugins/com.nxp.mcuxpresso.tools.win32_11.2.0.202008311134/tools/bin/../lib/gcc/arm-none-eabi/9.2.1/thumb/v8-m.main+fp/hard\libgcc.a(_fixunsdfdi.o)
                0x0000b044                __fixunsdfdi
                0x0000b044                __aeabi_d2ulz
 .text          0x0000b080      0x2c0 c:/nxp/mcuxpressoide_11.2.1_4149/ide/plugins/com.nxp.mcuxpresso.tools.win32_11.2.0.202008311134/tools/bin/../lib/gcc/arm-none-eabi/9.2.1/thumb/v8-m.main+fp/hard\libgcc.a(_udivmoddi4.o)
                0x0000b080                __udivmoddi4
 .text          0x0000b340        0x4 c:/nxp/mcuxpressoide_11.2.1_4149/ide/plugins/com.nxp.mcuxpresso.tools.win32_11.2.0.202008311134/tools/bin/../lib/gcc/arm-none-eabi/9.2.1/thumb/v8-m.main+fp/hard\libgcc.a(_dvmd_tls.o)
                0x0000b340                __aeabi_idiv0
                0x0000b340                __aeabi_ldiv0
 .text          0x0000b344       0x40 c:/nxp/mcuxpressoide_11.2.1_4149/ide/plugins/com.nxp.mcuxpresso.tools.win32_11.2.0.202008311134/tools/bin/../lib/gcc/arm-none-eabi/9.2.1/thumb/v8-m.main+fp/hard\libgcc.a(_arm_fixunsdfsi.o)
                0x0000b344                __aeabi_d2uiz
                0x0000b344                __fixunsdfsi
 .text.calloc   0x0000b384       0x10 c:/nxp/mcuxpressoide_11.2.1_4149/ide/plugins/com.nxp.mcuxpresso.tools.win32_11.2.0.202008311134/tools/bin/../lib/gcc/arm-none-eabi/9.2.1/../../../../arm-none-eabi/lib/thumb/v8-m.main+fp/hard\libc_nano.a(lib_a-calloc.o)
                0x0000b384                calloc
 .text.malloc   0x0000b394       0x10 c:/nxp/mcuxpressoide_11.2.1_4149/ide/plugins/com.nxp.mcuxpresso.tools.win32_11.2.0.202008311134/tools/bin/../lib/gcc/arm-none-eabi/9.2.1/../../../../arm-none-eabi/lib/thumb/v8-m.main+fp/hard\libc_nano.a(lib_a-malloc.o)
                0x0000b394                malloc
 .text.free     0x0000b3a4       0x10 c:/nxp/mcuxpressoide_11.2.1_4149/ide/plugins/com.nxp.mcuxpresso.tools.win32_11.2.0.202008311134/tools/bin/../lib/gcc/arm-none-eabi/9.2.1/../../../../arm-none-eabi/lib/thumb/v8-m.main+fp/hard\libc_nano.a(lib_a-malloc.o)
                0x0000b3a4                free
 .text._free_r  0x0000b3b4       0xa0 c:/nxp/mcuxpressoide_11.2.1_4149/ide/plugins/com.nxp.mcuxpresso.tools.win32_11.2.0.202008311134/tools/bin/../lib/gcc/arm-none-eabi/9.2.1/../../../../arm-none-eabi/lib/thumb/v8-m.main+fp/hard\libc_nano.a(lib_a-nano-freer.o)
                0x0000b3b4                _free_r
 .text._malloc_r
                0x0000b454       0xb4 c:/nxp/mcuxpressoide_11.2.1_4149/ide/plugins/com.nxp.mcuxpresso.tools.win32_11.2.0.202008311134/tools/bin/../lib/gcc/arm-none-eabi/9.2.1/../../../../arm-none-eabi/lib/thumb/v8-m.main+fp/hard\libc_nano.a(lib_a-nano-mallocr.o)
                0x0000b454                _malloc_r
 .text.printf   0x0000b508       0x30 c:/nxp/mcuxpressoide_11.2.1_4149/ide/plugins/com.nxp.mcuxpresso.tools.win32_11.2.0.202008311134/tools/bin/../lib/gcc/arm-none-eabi/9.2.1/../../../../arm-none-eabi/lib/thumb/v8-m.main+fp/hard\libc_nano.a(lib_a-printf.o)
                0x0000b508                iprintf
                0x0000b508                printf
 .text.realloc  0x0000b538       0x10 c:/nxp/mcuxpressoide_11.2.1_4149/ide/plugins/com.nxp.mcuxpresso.tools.win32_11.2.0.202008311134/tools/bin/../lib/gcc/arm-none-eabi/9.2.1/../../../../arm-none-eabi/lib/thumb/v8-m.main+fp/hard\libc_nano.a(lib_a-realloc.o)
                0x0000b538                realloc
 .text._sbrk_r  0x0000b548       0x20 c:/nxp/mcuxpressoide_11.2.1_4149/ide/plugins/com.nxp.mcuxpresso.tools.win32_11.2.0.202008311134/tools/bin/../lib/gcc/arm-none-eabi/9.2.1/../../../../arm-none-eabi/lib/thumb/v8-m.main+fp/hard\libc_nano.a(lib_a-sbrkr.o)
                0x0000b548                _sbrk_r
 .text.sprintf  0x0000b568       0x40 c:/nxp/mcuxpressoide_11.2.1_4149/ide/plugins/com.nxp.mcuxpresso.tools.win32_11.2.0.202008311134/tools/bin/../lib/gcc/arm-none-eabi/9.2.1/../../../../arm-none-eabi/lib/thumb/v8-m.main+fp/hard\libc_nano.a(lib_a-sprintf.o)
                0x0000b568                siprintf
                0x0000b568                sprintf
 .text.sscanf   0x0000b5a8       0x58 c:/nxp/mcuxpressoide_11.2.1_4149/ide/plugins/com.nxp.mcuxpresso.tools.win32_11.2.0.202008311134/tools/bin/../lib/gcc/arm-none-eabi/9.2.1/../../../../arm-none-eabi/lib/thumb/v8-m.main+fp/hard\libc_nano.a(lib_a-sscanf.o)
                0x0000b5a8                siscanf
                0x0000b5a8                sscanf
 .text.strtod   0x0000b600       0x18 c:/nxp/mcuxpressoide_11.2.1_4149/ide/plugins/com.nxp.mcuxpresso.tools.win32_11.2.0.202008311134/tools/bin/../lib/gcc/arm-none-eabi/9.2.1/../../../../arm-none-eabi/lib/thumb/v8-m.main+fp/hard\libc_nano.a(lib_a-strtod.o)
                0x0000b600                strtod
 .text._strtoul_l.isra.0
                0x0000b618       0xf4 c:/nxp/mcuxpressoide_11.2.1_4149/ide/plugins/com.nxp.mcuxpresso.tools.win32_11.2.0.202008311134/tools/bin/../lib/gcc/arm-none-eabi/9.2.1/../../../../arm-none-eabi/lib/thumb/v8-m.main+fp/hard\libc_nano.a(lib_a-strtoul.o)
 .text._write_r
                0x0000b70c       0x24 c:/nxp/mcuxpressoide_11.2.1_4149/ide/plugins/com.nxp.mcuxpresso.tools.win32_11.2.0.202008311134/tools/bin/../lib/gcc/arm-none-eabi/9.2.1/../../../../arm-none-eabi/lib/thumb/v8-m.main+fp/hard\libc_nano.a(lib_a-writer.o)
                0x0000b70c                _write_r
 .text._close_r
                0x0000b730       0x20 c:/nxp/mcuxpressoide_11.2.1_4149/ide/plugins/com.nxp.mcuxpresso.tools.win32_11.2.0.202008311134/tools/bin/../lib/gcc/arm-none-eabi/9.2.1/../../../../arm-none-eabi/lib/thumb/v8-m.main+fp/hard\libc_nano.a(lib_a-closer.o)
                0x0000b730                _close_r
 .text.std      0x0000b750       0x48 c:/nxp/mcuxpressoide_11.2.1_4149/ide/plugins/com.nxp.mcuxpresso.tools.win32_11.2.0.202008311134/tools/bin/../lib/gcc/arm-none-eabi/9.2.1/../../../../arm-none-eabi/lib/thumb/v8-m.main+fp/hard\libc_nano.a(lib_a-findfp.o)
 .text._cleanup_r
                0x0000b798        0xc c:/nxp/mcuxpressoide_11.2.1_4149/ide/plugins/com.nxp.mcuxpresso.tools.win32_11.2.0.202008311134/tools/bin/../lib/gcc/arm-none-eabi/9.2.1/../../../../arm-none-eabi/lib/thumb/v8-m.main+fp/hard\libc_nano.a(lib_a-findfp.o)
                0x0000b798                _cleanup_r
 .text.__sfp_lock_acquire
                0x0000b7a4        0xc c:/nxp/mcuxpressoide_11.2.1_4149/ide/plugins/com.nxp.mcuxpresso.tools.win32_11.2.0.202008311134/tools/bin/../lib/gcc/arm-none-eabi/9.2.1/../../../../arm-none-eabi/lib/thumb/v8-m.main+fp/hard\libc_nano.a(lib_a-findfp.o)
                0x0000b7a4                __sfp_lock_acquire
 .text.__sfp_lock_release
                0x0000b7b0        0xc c:/nxp/mcuxpressoide_11.2.1_4149/ide/plugins/com.nxp.mcuxpresso.tools.win32_11.2.0.202008311134/tools/bin/../lib/gcc/arm-none-eabi/9.2.1/../../../../arm-none-eabi/lib/thumb/v8-m.main+fp/hard\libc_nano.a(lib_a-findfp.o)
                0x0000b7b0                __sfp_lock_release
 .text.__sinit_lock_acquire
                0x0000b7bc        0xc c:/nxp/mcuxpressoide_11.2.1_4149/ide/plugins/com.nxp.mcuxpresso.tools.win32_11.2.0.202008311134/tools/bin/../lib/gcc/arm-none-eabi/9.2.1/../../../../arm-none-eabi/lib/thumb/v8-m.main+fp/hard\libc_nano.a(lib_a-findfp.o)
                0x0000b7bc                __sinit_lock_acquire
 .text.__sinit_lock_release
                0x0000b7c8        0xc c:/nxp/mcuxpressoide_11.2.1_4149/ide/plugins/com.nxp.mcuxpresso.tools.win32_11.2.0.202008311134/tools/bin/../lib/gcc/arm-none-eabi/9.2.1/../../../../arm-none-eabi/lib/thumb/v8-m.main+fp/hard\libc_nano.a(lib_a-findfp.o)
                0x0000b7c8                __sinit_lock_release
 .text.__sinit  0x0000b7d4       0x70 c:/nxp/mcuxpressoide_11.2.1_4149/ide/plugins/com.nxp.mcuxpresso.tools.win32_11.2.0.202008311134/tools/bin/../lib/gcc/arm-none-eabi/9.2.1/../../../../arm-none-eabi/lib/thumb/v8-m.main+fp/hard\libc_nano.a(lib_a-findfp.o)
                0x0000b7d4                __sinit
 .text.__sfp    0x0000b844       0x8c c:/nxp/mcuxpressoide_11.2.1_4149/ide/plugins/com.nxp.mcuxpresso.tools.win32_11.2.0.202008311134/tools/bin/../lib/gcc/arm-none-eabi/9.2.1/../../../../arm-none-eabi/lib/thumb/v8-m.main+fp/hard\libc_nano.a(lib_a-findfp.o)
                0x0000b844                __sfp
 .text.__gethex
                0x0000b8d0      0x468 c:/nxp/mcuxpressoide_11.2.1_4149/ide/plugins/com.nxp.mcuxpresso.tools.win32_11.2.0.202008311134/tools/bin/../lib/gcc/arm-none-eabi/9.2.1/../../../../arm-none-eabi/lib/thumb/v8-m.main+fp/hard\libc_nano.a(lib_a-gdtoa-gethex.o)
                0x0000b8d0                __gethex
 .text._lseek_r
                0x0000bd38       0x24 c:/nxp/mcuxpressoide_11.2.1_4149/ide/plugins/com.nxp.mcuxpresso.tools.win32_11.2.0.202008311134/tools/bin/../lib/gcc/arm-none-eabi/9.2.1/../../../../arm-none-eabi/lib/thumb/v8-m.main+fp/hard\libc_nano.a(lib_a-lseekr.o)
                0x0000bd38                _lseek_r
 .text.__malloc_lock
                0x0000bd5c        0xc c:/nxp/mcuxpressoide_11.2.1_4149/ide/plugins/com.nxp.mcuxpresso.tools.win32_11.2.0.202008311134/tools/bin/../lib/gcc/arm-none-eabi/9.2.1/../../../../arm-none-eabi/lib/thumb/v8-m.main+fp/hard\libc_nano.a(lib_a-mlock.o)
                0x0000bd5c                __malloc_lock
 .text.__malloc_unlock
                0x0000bd68        0xc c:/nxp/mcuxpressoide_11.2.1_4149/ide/plugins/com.nxp.mcuxpresso.tools.win32_11.2.0.202008311134/tools/bin/../lib/gcc/arm-none-eabi/9.2.1/../../../../arm-none-eabi/lib/thumb/v8-m.main+fp/hard\libc_nano.a(lib_a-mlock.o)
                0x0000bd68                __malloc_unlock
 .text.__pow5mult
                0x0000bd74       0x9c c:/nxp/mcuxpressoide_11.2.1_4149/ide/plugins/com.nxp.mcuxpresso.tools.win32_11.2.0.202008311134/tools/bin/../lib/gcc/arm-none-eabi/9.2.1/../../../../arm-none-eabi/lib/thumb/v8-m.main+fp/hard\libc_nano.a(lib_a-mprec.o)
                0x0000bd74                __pow5mult
 .text.__ulp    0x0000be10       0x54 c:/nxp/mcuxpressoide_11.2.1_4149/ide/plugins/com.nxp.mcuxpresso.tools.win32_11.2.0.202008311134/tools/bin/../lib/gcc/arm-none-eabi/9.2.1/../../../../arm-none-eabi/lib/thumb/v8-m.main+fp/hard\libc_nano.a(lib_a-mprec.o)
                0x0000be10                __ulp
 .text.__b2d    0x0000be64       0xa0 c:/nxp/mcuxpressoide_11.2.1_4149/ide/plugins/com.nxp.mcuxpresso.tools.win32_11.2.0.202008311134/tools/bin/../lib/gcc/arm-none-eabi/9.2.1/../../../../arm-none-eabi/lib/thumb/v8-m.main+fp/hard\libc_nano.a(lib_a-mprec.o)
                0x0000be64                __b2d
 .text._svfprintf_r
                0x0000bf04      0x200 c:/nxp/mcuxpressoide_11.2.1_4149/ide/plugins/com.nxp.mcuxpresso.tools.win32_11.2.0.202008311134/tools/bin/../lib/gcc/arm-none-eabi/9.2.1/../../../../arm-none-eabi/lib/thumb/v8-m.main+fp/hard\libc_nano.a(lib_a-nano-svfprintf.o)
                0x0000bf04                _svfiprintf_r
                0x0000bf04                _svfprintf_r
 .text.__ssvfscanf_r
                0x0000c104      0x2f8 c:/nxp/mcuxpressoide_11.2.1_4149/ide/plugins/com.nxp.mcuxpresso.tools.win32_11.2.0.202008311134/tools/bin/../lib/gcc/arm-none-eabi/9.2.1/../../../../arm-none-eabi/lib/thumb/v8-m.main+fp/hard\libc_nano.a(lib_a-nano-svfscanf.o)
                0x0000c104                __ssvfiscanf_r
                0x0000c104                __ssvfscanf_r
 .text._vfprintf_r
                0x0000c3fc      0x260 c:/nxp/mcuxpressoide_11.2.1_4149/ide/plugins/com.nxp.mcuxpresso.tools.win32_11.2.0.202008311134/tools/bin/../lib/gcc/arm-none-eabi/9.2.1/../../../../arm-none-eabi/lib/thumb/v8-m.main+fp/hard\libc_nano.a(lib_a-nano-vfprintf.o)
                0x0000c3fc                _vfprintf_r
                0x0000c3fc                _vfiprintf_r
 .text._printf_i
                0x0000c65c      0x24c c:/nxp/mcuxpressoide_11.2.1_4149/ide/plugins/com.nxp.mcuxpresso.tools.win32_11.2.0.202008311134/tools/bin/../lib/gcc/arm-none-eabi/9.2.1/../../../../arm-none-eabi/lib/thumb/v8-m.main+fp/hard\libc_nano.a(lib_a-nano-vfprintf_i.o)
                0x0000c65c                _printf_i
 .text._scanf_chars
                0x0000c8a8       0xb0 c:/nxp/mcuxpressoide_11.2.1_4149/ide/plugins/com.nxp.mcuxpresso.tools.win32_11.2.0.202008311134/tools/bin/../lib/gcc/arm-none-eabi/9.2.1/../../../../arm-none-eabi/lib/thumb/v8-m.main+fp/hard\libc_nano.a(lib_a-nano-vfscanf_i.o)
                0x0000c8a8                _scanf_chars
 .text._scanf_i
                0x0000c958      0x1e4 c:/nxp/mcuxpressoide_11.2.1_4149/ide/plugins/com.nxp.mcuxpresso.tools.win32_11.2.0.202008311134/tools/bin/../lib/gcc/arm-none-eabi/9.2.1/../../../../arm-none-eabi/lib/thumb/v8-m.main+fp/hard\libc_nano.a(lib_a-nano-vfscanf_i.o)
                0x0000c958                _scanf_i
 .text._read_r  0x0000cb3c       0x24 c:/nxp/mcuxpressoide_11.2.1_4149/ide/plugins/com.nxp.mcuxpresso.tools.win32_11.2.0.202008311134/tools/bin/../lib/gcc/arm-none-eabi/9.2.1/../../../../arm-none-eabi/lib/thumb/v8-m.main+fp/hard\libc_nano.a(lib_a-readr.o)
                0x0000cb3c                _read_r
 .text._strtol_l.isra.0
                0x0000cb60       0xf0 c:/nxp/mcuxpressoide_11.2.1_4149/ide/plugins/com.nxp.mcuxpresso.tools.win32_11.2.0.202008311134/tools/bin/../lib/gcc/arm-none-eabi/9.2.1/../../../../arm-none-eabi/lib/thumb/v8-m.main+fp/hard\libc_nano.a(lib_a-strtol.o)
 .text.__swbuf_r
                0x0000cc50       0xa4 c:/nxp/mcuxpressoide_11.2.1_4149/ide/plugins/com.nxp.mcuxpresso.tools.win32_11.2.0.202008311134/tools/bin/../lib/gcc/arm-none-eabi/9.2.1/../../../../arm-none-eabi/lib/thumb/v8-m.main+fp/hard\libc_nano.a(lib_a-wbuf.o)
                0x0000cc50                __swbuf_r
 .text.__swsetup_r
                0x0000ccf4       0xdc c:/nxp/mcuxpressoide_11.2.1_4149/ide/plugins/com.nxp.mcuxpresso.tools.win32_11.2.0.202008311134/tools/bin/../lib/gcc/arm-none-eabi/9.2.1/../../../../arm-none-eabi/lib/thumb/v8-m.main+fp/hard\libc_nano.a(lib_a-wsetup.o)
                0x0000ccf4                __swsetup_r
 .text.__sflush_r
                0x0000cdd0      0x108 c:/nxp/mcuxpressoide_11.2.1_4149/ide/plugins/com.nxp.mcuxpresso.tools.win32_11.2.0.202008311134/tools/bin/../lib/gcc/arm-none-eabi/9.2.1/../../../../arm-none-eabi/lib/thumb/v8-m.main+fp/hard\libc_nano.a(lib_a-fflush.o)
                0x0000cdd0                __sflush_r
 .text._fflush_r
                0x0000ced8       0x78 c:/nxp/mcuxpressoide_11.2.1_4149/ide/plugins/com.nxp.mcuxpresso.tools.win32_11.2.0.202008311134/tools/bin/../lib/gcc/arm-none-eabi/9.2.1/../../../../arm-none-eabi/lib/thumb/v8-m.main+fp/hard\libc_nano.a(lib_a-fflush.o)
                0x0000ced8                _fflush_r
 .text.__smakebuf_r
                0x0000cf50       0x80 c:/nxp/mcuxpressoide_11.2.1_4149/ide/plugins/com.nxp.mcuxpresso.tools.win32_11.2.0.202008311134/tools/bin/../lib/gcc/arm-none-eabi/9.2.1/../../../../arm-none-eabi/lib/thumb/v8-m.main+fp/hard\libc_nano.a(lib_a-makebuf.o)
                0x0000cf50                __smakebuf_r
 .text._fstat_r
                0x0000cfd0       0x24 c:/nxp/mcuxpressoide_11.2.1_4149/ide/plugins/com.nxp.mcuxpresso.tools.win32_11.2.0.202008311134/tools/bin/../lib/gcc/arm-none-eabi/9.2.1/../../../../arm-none-eabi/lib/thumb/v8-m.main+fp/hard\libc_nano.a(lib_a-fstatr.o)
                0x0000cfd0                _fstat_r
 .text._isatty_r
                0x0000cff4       0x20 c:/nxp/mcuxpressoide_11.2.1_4149/ide/plugins/com.nxp.mcuxpresso.tools.win32_11.2.0.202008311134/tools/bin/../lib/gcc/arm-none-eabi/9.2.1/../../../../arm-none-eabi/lib/thumb/v8-m.main+fp/hard\libc_nano.a(lib_a-isattyr.o)
                0x0000cff4                _isatty_r
 .text.fabs     0x0000d014       0x14 c:/nxp/mcuxpressoide_11.2.1_4149/ide/plugins/com.nxp.mcuxpresso.tools.win32_11.2.0.202008311134/tools/bin/../lib/gcc/arm-none-eabi/9.2.1/../../../../arm-none-eabi/lib/thumb/v8-m.main+fp/hard\libm.a(lib_a-s_fabs.o)
                0x0000d014                fabs
 .text._sbrk    0x0000d028       0x3c c:/nxp/mcuxpressoide_11.2.1_4149/ide/plugins/com.nxp.mcuxpresso.tools.win32_11.2.0.202008311134/tools/bin/../lib/gcc/arm-none-eabi/9.2.1/../../../../arm-none-eabi/lib/thumb/v8-m.main+fp/hard\libcr_newlib_semihost.a(_cr_sbrk.o)
                0x0000d028                _sbrk
 .text.initialise_monitor_handles
                0x0000d064       0xac c:/nxp/mcuxpressoide_11.2.1_4149/ide/plugins/com.nxp.mcuxpresso.tools.win32_11.2.0.202008311134/tools/bin/../lib/gcc/arm-none-eabi/9.2.1/../../../../arm-none-eabi/lib/thumb/v8-m.main+fp/hard\libcr_newlib_semihost.a(syscalls.o)
 .text.findslot
                0x0000d110       0x24 c:/nxp/mcuxpressoide_11.2.1_4149/ide/plugins/com.nxp.mcuxpresso.tools.win32_11.2.0.202008311134/tools/bin/../lib/gcc/arm-none-eabi/9.2.1/../../../../arm-none-eabi/lib/thumb/v8-m.main+fp/hard\libcr_newlib_semihost.a(syscalls.o)
 .text._close   0x0000d134       0x4c c:/nxp/mcuxpressoide_11.2.1_4149/ide/plugins/com.nxp.mcuxpresso.tools.win32_11.2.0.202008311134/tools/bin/../lib/gcc/arm-none-eabi/9.2.1/../../../../arm-none-eabi/lib/thumb/v8-m.main+fp/hard\libcr_newlib_semihost.a(syscalls.o)
                0x0000d134                _close
 .text.__check_heap_overflow
                0x0000d180       0x18 c:/nxp/mcuxpressoide_11.2.1_4149/ide/plugins/com.nxp.mcuxpresso.tools.win32_11.2.0.202008311134/tools/bin/../lib/gcc/arm-none-eabi/9.2.1/../../../../arm-none-eabi/lib/thumb/v8-m.main+fp/hard\libcr_newlib_semihost.a(_cr_check_heap.o)
                0x0000d180                __check_heap_overflow
 .text.__errno  0x0000d198        0xc c:/nxp/mcuxpressoide_11.2.1_4149/ide/plugins/com.nxp.mcuxpresso.tools.win32_11.2.0.202008311134/tools/bin/../lib/gcc/arm-none-eabi/9.2.1/../../../../arm-none-eabi/lib/thumb/v8-m.main+fp/hard\libc_nano.a(lib_a-errno.o)
                0x0000d198                __errno
 .text.WDT_BOD_IRQHandler
                0x0000d1a4        0x8 ./startup/startup_lpc55s28.o
                0x0000d1a4                WDT_BOD_IRQHandler
 .text.DMA0_IRQHandler
                0x0000d1ac        0x8 ./startup/startup_lpc55s28.o
                0x0000d1ac                DMA0_IRQHandler
 .text.GINT0_IRQHandler
                0x0000d1b4        0x8 ./startup/startup_lpc55s28.o
                0x0000d1b4                GINT0_IRQHandler
 .text.GINT1_IRQHandler
                0x0000d1bc        0x8 ./startup/startup_lpc55s28.o
                0x0000d1bc                GINT1_IRQHandler
 .text.PIN_INT0_IRQHandler
                0x0000d1c4        0x8 ./startup/startup_lpc55s28.o
                0x0000d1c4                PIN_INT0_IRQHandler
 .text.PIN_INT1_IRQHandler
                0x0000d1cc        0x8 ./startup/startup_lpc55s28.o
                0x0000d1cc                PIN_INT1_IRQHandler
 .text.PIN_INT2_IRQHandler
                0x0000d1d4        0x8 ./startup/startup_lpc55s28.o
                0x0000d1d4                PIN_INT2_IRQHandler
 .text.PIN_INT3_IRQHandler
                0x0000d1dc        0x8 ./startup/startup_lpc55s28.o
                0x0000d1dc                PIN_INT3_IRQHandler
 .text.UTICK0_IRQHandler
                0x0000d1e4        0x8 ./startup/startup_lpc55s28.o
                0x0000d1e4                UTICK0_IRQHandler
 .text.MRT0_IRQHandler
                0x0000d1ec        0x8 ./startup/startup_lpc55s28.o
                0x0000d1ec                MRT0_IRQHandler
 .text.CTIMER0_IRQHandler
                0x0000d1f4        0x8 ./startup/startup_lpc55s28.o
                0x0000d1f4                CTIMER0_IRQHandler
 .text.CTIMER1_IRQHandler
                0x0000d1fc        0x8 ./startup/startup_lpc55s28.o
                0x0000d1fc                CTIMER1_IRQHandler
 .text.SCT0_IRQHandler
                0x0000d204        0x8 ./startup/startup_lpc55s28.o
                0x0000d204                SCT0_IRQHandler
 .text.CTIMER3_IRQHandler
                0x0000d20c        0x8 ./startup/startup_lpc55s28.o
                0x0000d20c                CTIMER3_IRQHandler
 .text.FLEXCOMM0_IRQHandler
                0x0000d214        0x8 ./startup/startup_lpc55s28.o
                0x0000d214                FLEXCOMM0_IRQHandler
 .text.FLEXCOMM1_IRQHandler
                0x0000d21c        0x8 ./startup/startup_lpc55s28.o
                0x0000d21c                FLEXCOMM1_IRQHandler
 .text.FLEXCOMM2_IRQHandler
                0x0000d224        0x8 ./startup/startup_lpc55s28.o
                0x0000d224                FLEXCOMM2_IRQHandler
 .text.FLEXCOMM3_IRQHandler
                0x0000d22c        0x8 ./startup/startup_lpc55s28.o
                0x0000d22c                FLEXCOMM3_IRQHandler
 .text.FLEXCOMM4_IRQHandler
                0x0000d234        0x8 ./startup/startup_lpc55s28.o
                0x0000d234                FLEXCOMM4_IRQHandler
 .text.FLEXCOMM5_IRQHandler
                0x0000d23c        0x8 ./startup/startup_lpc55s28.o
                0x0000d23c                FLEXCOMM5_IRQHandler
 .text.FLEXCOMM6_IRQHandler
                0x0000d244        0x8 ./startup/startup_lpc55s28.o
                0x0000d244                FLEXCOMM6_IRQHandler
 .text.FLEXCOMM7_IRQHandler
                0x0000d24c        0x8 ./startup/startup_lpc55s28.o
                0x0000d24c                FLEXCOMM7_IRQHandler
 .text.ADC0_IRQHandler
                0x0000d254        0x8 ./startup/startup_lpc55s28.o
                0x0000d254                ADC0_IRQHandler
 .text.Reserved39_IRQHandler
                0x0000d25c        0x8 ./startup/startup_lpc55s28.o
                0x0000d25c                Reserved39_IRQHandler
 .text.ACMP_IRQHandler
                0x0000d264        0x8 ./startup/startup_lpc55s28.o
                0x0000d264                ACMP_IRQHandler
 .text.Reserved41_IRQHandler
                0x0000d26c        0x8 ./startup/startup_lpc55s28.o
                0x0000d26c                Reserved41_IRQHandler
 .text.Reserved42_IRQHandler
                0x0000d274        0x8 ./startup/startup_lpc55s28.o
                0x0000d274                Reserved42_IRQHandler
 .text.USB0_NEEDCLK_IRQHandler
                0x0000d27c        0x8 ./startup/startup_lpc55s28.o
                0x0000d27c                USB0_NEEDCLK_IRQHandler
 .text.USB0_IRQHandler
                0x0000d284        0x8 ./startup/startup_lpc55s28.o
                0x0000d284                USB0_IRQHandler
 .text.RTC_IRQHandler
                0x0000d28c        0x8 ./startup/startup_lpc55s28.o
                0x0000d28c                RTC_IRQHandler
 .text.Reserved46_IRQHandler
                0x0000d294        0x8 ./startup/startup_lpc55s28.o
                0x0000d294                Reserved46_IRQHandler
 .text.Reserved47_IRQHandler
                0x0000d29c        0x8 ./startup/startup_lpc55s28.o
                0x0000d29c                Reserved47_IRQHandler
 .text.PIN_INT4_IRQHandler
                0x0000d2a4        0x8 ./startup/startup_lpc55s28.o
                0x0000d2a4                PIN_INT4_IRQHandler
 .text.PIN_INT5_IRQHandler
                0x0000d2ac        0x8 ./startup/startup_lpc55s28.o
                0x0000d2ac                PIN_INT5_IRQHandler
 .text.PIN_INT6_IRQHandler
                0x0000d2b4        0x8 ./startup/startup_lpc55s28.o
                0x0000d2b4                PIN_INT6_IRQHandler
 .text.PIN_INT7_IRQHandler
                0x0000d2bc        0x8 ./startup/startup_lpc55s28.o
                0x0000d2bc                PIN_INT7_IRQHandler
 .text.CTIMER2_IRQHandler
                0x0000d2c4        0x8 ./startup/startup_lpc55s28.o
                0x0000d2c4                CTIMER2_IRQHandler
 .text.CTIMER4_IRQHandler
                0x0000d2cc        0x8 ./startup/startup_lpc55s28.o
                0x0000d2cc                CTIMER4_IRQHandler
 .text.OS_EVENT_IRQHandler
                0x0000d2d4        0x8 ./startup/startup_lpc55s28.o
                0x0000d2d4                OS_EVENT_IRQHandler
 .text.Reserved55_IRQHandler
                0x0000d2dc        0x8 ./startup/startup_lpc55s28.o
                0x0000d2dc                Reserved55_IRQHandler
 .text.Reserved56_IRQHandler
                0x0000d2e4        0x8 ./startup/startup_lpc55s28.o
                0x0000d2e4                Reserved56_IRQHandler
 .text.Reserved57_IRQHandler
                0x0000d2ec        0x8 ./startup/startup_lpc55s28.o
                0x0000d2ec                Reserved57_IRQHandler
 .text.SDIO_IRQHandler
                0x0000d2f4        0x8 ./startup/startup_lpc55s28.o
                0x0000d2f4                SDIO_IRQHandler
 .text.Reserved59_IRQHandler
                0x0000d2fc        0x8 ./startup/startup_lpc55s28.o
                0x0000d2fc                Reserved59_IRQHandler
 .text.Reserved60_IRQHandler
                0x0000d304        0x8 ./startup/startup_lpc55s28.o
                0x0000d304                Reserved60_IRQHandler
 .text.Reserved61_IRQHandler
                0x0000d30c        0x8 ./startup/startup_lpc55s28.o
                0x0000d30c                Reserved61_IRQHandler
 .text.USB1_PHY_IRQHandler
                0x0000d314        0x8 ./startup/startup_lpc55s28.o
                0x0000d314                USB1_PHY_IRQHandler
 .text.USB1_IRQHandler
                0x0000d31c        0x8 ./startup/startup_lpc55s28.o
                0x0000d31c                USB1_IRQHandler
 .text.USB1_NEEDCLK_IRQHandler
                0x0000d324        0x8 ./startup/startup_lpc55s28.o
                0x0000d324                USB1_NEEDCLK_IRQHandler
 .text.SEC_HYPERVISOR_CALL_IRQHandler
                0x0000d32c        0x8 ./startup/startup_lpc55s28.o
                0x0000d32c                SEC_HYPERVISOR_CALL_IRQHandler
 .text.SEC_GPIO_INT0_IRQ0_IRQHandler
                0x0000d334        0x8 ./startup/startup_lpc55s28.o
                0x0000d334                SEC_GPIO_INT0_IRQ0_IRQHandler
 .text.SEC_GPIO_INT0_IRQ1_IRQHandler
                0x0000d33c        0x8 ./startup/startup_lpc55s28.o
                0x0000d33c                SEC_GPIO_INT0_IRQ1_IRQHandler
 .text.PLU_IRQHandler
                0x0000d344        0x8 ./startup/startup_lpc55s28.o
                0x0000d344                PLU_IRQHandler
 .text.SEC_VIO_IRQHandler
                0x0000d34c        0x8 ./startup/startup_lpc55s28.o
                0x0000d34c                SEC_VIO_IRQHandler
 .text.HASHCRYPT_IRQHandler
                0x0000d354        0x8 ./startup/startup_lpc55s28.o
                0x0000d354                HASHCRYPT_IRQHandler
 .text.CASER_IRQHandler
                0x0000d35c        0x8 ./startup/startup_lpc55s28.o
                0x0000d35c                CASER_IRQHandler
 .text.PUF_IRQHandler
                0x0000d364        0x8 ./startup/startup_lpc55s28.o
                0x0000d364                PUF_IRQHandler
 .text.PQ_IRQHandler
                0x0000d36c        0x8 ./startup/startup_lpc55s28.o
                0x0000d36c                PQ_IRQHandler
 .text.DMA1_IRQHandler
                0x0000d374        0x8 ./startup/startup_lpc55s28.o
                0x0000d374                DMA1_IRQHandler
 .text.FLEXCOMM8_IRQHandler
                0x0000d37c        0x8 ./startup/startup_lpc55s28.o
                0x0000d37c                FLEXCOMM8_IRQHandler
 .text.CLOCK_EnableClock
                0x0000d384       0x30 ./source/inizializations.o
 .text.board_init
                0x0000d3b4       0x2c ./source/inizializations.o
                0x0000d3b4                board_init
 .text.HardFault_Handler
                0x0000d3e0       0x2c ./source/semihost_hardfault.o
                0x0000d3e0                HardFault_Handler
 .text.SDIF_GetControllerStatus
                0x0000d40c       0x18 ./sdmmc/src/fsl_sd.o
 .text.SDMMCHOST_SendCardActive
                0x0000d424       0x1c ./sdmmc/src/fsl_sd.o
 .text.SDMMCHOST_SetCardClock
                0x0000d440       0x24 ./sdmmc/src/fsl_sd.o
 .text.SDMMCHOST_IsCardBusy
                0x0000d464       0x2c ./sdmmc/src/fsl_sd.o
 .text.SD_HostDoReset
                0x0000d490       0x1a ./sdmmc/src/fsl_sd.o
                0x0000d490                SD_HostDoReset
 .text.SDMMC_GoIdle
                0x0000d4aa       0x50 ./sdmmc/src/fsl_sdmmc_common.o
                0x0000d4aa                SDMMC_GoIdle
 .text.SDMMC_OSAInit
                0x0000d4fa        0xe ./sdmmc/osa/fsl_sdmmc_osa.o
                0x0000d4fa                SDMMC_OSAInit
 .text.SDMMC_OSADelay
                0x0000d508       0x16 ./sdmmc/osa/fsl_sdmmc_osa.o
                0x0000d508                SDMMC_OSADelay
 .text.SDIF_EnableCardPower
                0x0000d51e       0x38 ./sdmmc/host/fsl_sdmmc_host.o
 .text.SDIF_EnableCard1Power
                0x0000d556       0x38 ./sdmmc/host/fsl_sdmmc_host.o
 .text.SDIF_DetectCardInsert
                0x0000d58e       0x46 ./sdmmc/host/fsl_sdmmc_host.o
 .text.SDIF_DetectCard1Insert
                0x0000d5d4       0x46 ./sdmmc/host/fsl_sdmmc_host.o
 .text.SDIF_EnableInterrupt
                0x0000d61a       0x22 ./sdmmc/host/fsl_sdmmc_host.o
 .text.SDIF_GetControllerStatus
                0x0000d63c       0x18 ./sdmmc/host/fsl_sdmmc_host.o
 .text.SDMMCHOST_DetectCardInsertByHost
                0x0000d654       0x4c ./sdmmc/host/fsl_sdmmc_host.o
 .text.SDMMCHOST_DetectCardRemoveByHost
                0x0000d6a0       0x4c ./sdmmc/host/fsl_sdmmc_host.o
 .text.SDMMCHOST_CardDetectInit
                0x0000d6ec       0x76 ./sdmmc/host/fsl_sdmmc_host.o
                0x0000d6ec                SDMMCHOST_CardDetectInit
 .text.SDMMCHOST_CardDetectStatus
                0x0000d762       0x6e ./sdmmc/host/fsl_sdmmc_host.o
                0x0000d762                SDMMCHOST_CardDetectStatus
 .text.SDMMCHOST_TransferCompleteCallback
                0x0000d7d0       0x5a ./sdmmc/host/fsl_sdmmc_host.o
 .text.SDMMCHOST_TransferFunction
                0x0000d82a       0xf4 ./sdmmc/host/fsl_sdmmc_host.o
                0x0000d82a                SDMMCHOST_TransferFunction
 .text.SDMMCHOST_ErrorRecovery
                0x0000d91e       0x14 ./sdmmc/host/fsl_sdmmc_host.o
 .text.SDMMCHOST_SetCardPower
                0x0000d932       0x64 ./sdmmc/host/fsl_sdmmc_host.o
                0x0000d932                SDMMCHOST_SetCardPower
 .text.SDMMCHOST_Reset
                0x0000d996       0x1e ./sdmmc/host/fsl_sdmmc_host.o
                0x0000d996                SDMMCHOST_Reset
 .text.SDMMCHOST_SetCardBusWidth
                0x0000d9b4       0x62 ./sdmmc/host/fsl_sdmmc_host.o
                0x0000d9b4                SDMMCHOST_SetCardBusWidth
 .text.vPortSVCHandler_C
                0x0000da16       0x30 ./freertos/freertos_kernel/portable/GCC/ARM_CM33_NTZ/non_secure/port.o
                0x0000da16                vPortSVCHandler_C
 .text.ulSetInterruptMask
                0x0000da46       0x1a ./freertos/freertos_kernel/portable/GCC/ARM_CM33_NTZ/non_secure/portasm.o
                0x0000da46                ulSetInterruptMask
 .text.vClearInterruptMask
                0x0000da60       0x10 ./freertos/freertos_kernel/portable/GCC/ARM_CM33_NTZ/non_secure/portasm.o
                0x0000da60                vClearInterruptMask
 .text.xEventGroupCreate
                0x0000da70       0x2e ./freertos/freertos_kernel/event_groups.o
                0x0000da70                xEventGroupCreate
 .text.xEventGroupWaitBits
                0x0000da9e      0x14c ./freertos/freertos_kernel/event_groups.o
                0x0000da9e                xEventGroupWaitBits
 .text.xEventGroupClearBits
                0x0000dbea       0x50 ./freertos/freertos_kernel/event_groups.o
                0x0000dbea                xEventGroupClearBits
 .text.xEventGroupSetBits
                0x0000dc3a       0xf6 ./freertos/freertos_kernel/event_groups.o
                0x0000dc3a                xEventGroupSetBits
 .text.vEventGroupSetBitsCallback
                0x0000dd30       0x1a ./freertos/freertos_kernel/event_groups.o
                0x0000dd30                vEventGroupSetBitsCallback
 .text.vEventGroupClearBitsCallback
                0x0000dd4a       0x1a ./freertos/freertos_kernel/event_groups.o
                0x0000dd4a                vEventGroupClearBitsCallback
 .text.prvTestWaitCondition
                0x0000dd64       0x44 ./freertos/freertos_kernel/event_groups.o
 .text.vListInitialise
                0x0000dda8       0x40 ./freertos/freertos_kernel/list.o
                0x0000dda8                vListInitialise
 .text.vListInitialiseItem
                0x0000dde8       0x1a ./freertos/freertos_kernel/list.o
                0x0000dde8                vListInitialiseItem
 .text.vListInsertEnd
                0x0000de02       0x48 ./freertos/freertos_kernel/list.o
                0x0000de02                vListInsertEnd
 .text.vListInsert
                0x0000de4a       0x72 ./freertos/freertos_kernel/list.o
                0x0000de4a                vListInsert
 .text.uxListRemove
                0x0000debc       0x54 ./freertos/freertos_kernel/list.o
                0x0000debc                uxListRemove
 .text.xQueueGenericReset
                0x0000df10       0xb0 ./freertos/freertos_kernel/queue.o
                0x0000df10                xQueueGenericReset
 .text.xQueueGenericCreate
                0x0000dfc0       0x5c ./freertos/freertos_kernel/queue.o
                0x0000dfc0                xQueueGenericCreate
 .text.prvInitialiseNewQueue
                0x0000e01c       0x46 ./freertos/freertos_kernel/queue.o
 .text.xQueueGenericSend
                0x0000e062      0x192 ./freertos/freertos_kernel/queue.o
                0x0000e062                xQueueGenericSend
 .text.xQueueGenericSendFromISR
                0x0000e1f4       0xe2 ./freertos/freertos_kernel/queue.o
                0x0000e1f4                xQueueGenericSendFromISR
 .text.xQueueGiveFromISR
                0x0000e2d6       0xc6 ./freertos/freertos_kernel/queue.o
                0x0000e2d6                xQueueGiveFromISR
 .text.xQueueReceive
                0x0000e39c      0x172 ./freertos/freertos_kernel/queue.o
                0x0000e39c                xQueueReceive
 .text.xQueueSemaphoreTake
                0x0000e50e      0x1be ./freertos/freertos_kernel/queue.o
                0x0000e50e                xQueueSemaphoreTake
 .text.prvGetDisinheritPriorityAfterTimeout
                0x0000e6cc       0x30 ./freertos/freertos_kernel/queue.o
 .text.prvCopyDataToQueue
                0x0000e6fc       0xd4 ./freertos/freertos_kernel/queue.o
 .text.prvCopyDataFromQueue
                0x0000e7d0       0x4c ./freertos/freertos_kernel/queue.o
 .text.prvUnlockQueue
                0x0000e81c       0xa4 ./freertos/freertos_kernel/queue.o
 .text.prvIsQueueEmpty
                0x0000e8c0       0x2c ./freertos/freertos_kernel/queue.o
 .text.prvIsQueueFull
                0x0000e8ec       0x30 ./freertos/freertos_kernel/queue.o
 .text.vQueueWaitForMessageRestricted
                0x0000e91c       0x68 ./freertos/freertos_kernel/queue.o
                0x0000e91c                vQueueWaitForMessageRestricted
 .text.xTaskCreate
                0x0000e984       0x82 ./freertos/freertos_kernel/tasks.o
                0x0000e984                xTaskCreate
 .text.prvInitialiseNewTask
                0x0000ea06      0x130 ./freertos/freertos_kernel/tasks.o
 .text.prvDeleteTCB
                0x0000eb36       0x20 ./freertos/freertos_kernel/tasks.o
 .text.prvTimerTask
                0x0000eb56       0x24 ./freertos/freertos_kernel/timers.o
 .text.sd_disk_status
                0x0000eb7a       0x22 ./fatfs/source/fsl_sd_disk/fsl_sd_disk.o
                0x0000eb7a                sd_disk_status
 .text.disk_status
                0x0000eb9c       0x2c ./fatfs/source/diskio.o
                0x0000eb9c                disk_status
 .text.disk_initialize
                0x0000ebc8       0x2c ./fatfs/source/diskio.o
                0x0000ebc8                disk_initialize
 .text.disk_read
                0x0000ebf4       0x36 ./fatfs/source/diskio.o
                0x0000ebf4                disk_read
 .text.disk_write
                0x0000ec2a       0x36 ./fatfs/source/diskio.o
                0x0000ec2a                disk_write
 .text.disk_ioctl
                0x0000ec60       0x36 ./fatfs/source/diskio.o
                0x0000ec60                disk_ioctl
 .text.ld_word  0x0000ec96       0x30 ./fatfs/source/ff.o
 .text.ld_dword
                0x0000ecc6       0x46 ./fatfs/source/ff.o
 .text.st_word  0x0000ed0c       0x36 ./fatfs/source/ff.o
 .text.st_dword
                0x0000ed42       0x58 ./fatfs/source/ff.o
 .text.mem_cpy  0x0000ed9a       0x42 ./fatfs/source/ff.o
 .text.mem_set  0x0000eddc       0x36 ./fatfs/source/ff.o
 .text.mem_cmp  0x0000ee12       0x4e ./fatfs/source/ff.o
 .text.chk_chr  0x0000ee60       0x36 ./fatfs/source/ff.o
 .text.dbc_1st  0x0000ee96       0x40 ./fatfs/source/ff.o
 .text.dbc_2nd  0x0000eed6       0x54 ./fatfs/source/ff.o
 .text.tchar2uni
                0x0000ef2a       0x8a ./fatfs/source/ff.o
 .text.sync_window
                0x0000efb4       0x78 ./fatfs/source/ff.o
 .text.move_window
                0x0000f02c       0x5a ./fatfs/source/ff.o
 .text.clst2sect
                0x0000f086       0x3e ./fatfs/source/ff.o
 .text.get_fat  0x0000f0c4      0x150 ./fatfs/source/ff.o
 .text.put_fat  0x0000f214      0x1d8 ./fatfs/source/ff.o
 .text.remove_chain
                0x0000f3ec       0xca ./fatfs/source/ff.o
 .text.create_chain
                0x0000f4b6      0x1a2 ./fatfs/source/ff.o
 .text.dir_clear
                0x0000f658       0x90 ./fatfs/source/ff.o
 .text.dir_sdi  0x0000f6e8       0xf6 ./fatfs/source/ff.o
 .text.dir_next
                0x0000f7de      0x12c ./fatfs/source/ff.o
 .text.dir_alloc
                0x0000f90a       0x8e ./fatfs/source/ff.o
 .text.ld_clust
                0x0000f998       0x3e ./fatfs/source/ff.o
 .text.st_clust
                0x0000f9d6       0x40 ./fatfs/source/ff.o
 .text.gen_numname
                0x0000fa16      0x148 ./fatfs/source/ff.o
 .text.sum_sfn  0x0000fb5e       0x42 ./fatfs/source/ff.o
 .text.dir_find
                0x0000fba0      0x180 ./fatfs/source/ff.o
 .text.follow_path
                0x0000fd20      0x11c ./fatfs/source/ff.o
 .text.find_volume
                0x0000fe3c       0xc4 ./fatfs/source/ff.o
 .text.validate
                0x0000ff00       0x6a ./fatfs/source/ff.o
 .text.f_read   0x0000ff6a      0x266 ./fatfs/source/ff.o
                0x0000ff6a                f_read
 .text.f_write  0x000101d0      0x2d2 ./fatfs/source/ff.o
                0x000101d0                f_write
 .text.f_close  0x000104a2       0x40 ./fatfs/source/ff.o
                0x000104a2                f_close
 .text.f_lseek  0x000104e2      0x25a ./fatfs/source/ff.o
                0x000104e2                f_lseek
 .text.CLOCK_IsPLL0Locked
                0x0001073c       0x24 ./drivers/fsl_clock.o
 .text.findPll0PreDiv
                0x00010760       0x3e ./drivers/fsl_clock.o
 .text.DelayLoop
                0x0001079e       0x20 ./drivers/fsl_common.o
 .text.RESET_PeripheralReset
                0x000107be       0x1c ./drivers/fsl_reset.o
                0x000107be                RESET_PeripheralReset
 .text.CLOCK_EnableClock
                0x000107da       0x30 ./drivers/fsl_sdif.o
 .text.EnableIRQ
                0x0001080a       0x2c ./drivers/fsl_sdif.o
 .text.SDIF_EnableCardClock
                0x00010836       0x38 ./drivers/fsl_sdif.o
 .text.SDIF_DetectCardInsert
                0x0001086e       0x46 ./drivers/fsl_sdif.o
 .text.SDIF_EnableGlobalInterrupt
                0x000108b4       0x38 ./drivers/fsl_sdif.o
 .text.SDIF_EnableInterrupt
                0x000108ec       0x22 ./drivers/fsl_sdif.o
 .text.SDIF_DisableInterrupt
                0x0001090e       0x24 ./drivers/fsl_sdif.o
 .text.SDIF_GetInterruptStatus
                0x00010932       0x18 ./drivers/fsl_sdif.o
 .text.SDIF_GetEnabledInterruptStatus
                0x0001094a       0x22 ./drivers/fsl_sdif.o
 .text.SDIF_ClearInterruptStatus
                0x0001096c       0x22 ./drivers/fsl_sdif.o
 .text.SDIF_EnableDmaInterrupt
                0x0001098e       0x26 ./drivers/fsl_sdif.o
 .text.SDIF_DisableDmaInterrupt
                0x000109b4       0x28 ./drivers/fsl_sdif.o
 .text.SDIF_GetEnabledDMAInterruptStatus
                0x000109dc       0x26 ./drivers/fsl_sdif.o
 .text.SDIF_ClearInternalDMAStatus
                0x00010a02       0x26 ./drivers/fsl_sdif.o
 .text.SDIF_EnableInternalDMA
                0x00010a28       0x58 ./drivers/fsl_sdif.o
 .text.SDIF_ReadCommandResponse
                0x00010a80       0x82 ./drivers/fsl_sdif.o
 .text.SDIF_SetCommandRegister
                0x00010b02       0x52 ./drivers/fsl_sdif.o
 .text.SDIF_ReadDataPort
                0x00010b54       0xba ./drivers/fsl_sdif.o
 .text.SDIF_WriteDataPort
                0x00010c0e       0xb8 ./drivers/fsl_sdif.o
 .text.SDIF_Reset
                0x00010cc6       0x6c ./drivers/fsl_sdif.o
                0x00010cc6                SDIF_Reset
 .text.SDIF_SendCardActive
                0x00010d32       0x90 ./drivers/fsl_sdif.o
                0x00010d32                SDIF_SendCardActive
 .text.SDIF_SetCardBusWidth
                0x00010dc2       0x50 ./drivers/fsl_sdif.o
                0x00010dc2                SDIF_SetCardBusWidth
 .text.SDIF_SetCard1BusWidth
                0x00010e12       0x50 ./drivers/fsl_sdif.o
                0x00010e12                SDIF_SetCard1BusWidth
 .text.SDIF_TransferHandleDMA
                0x00010e62       0x9e ./drivers/fsl_sdif.o
 .text.SDIF_TransferHandleSDIOInterrupt
                0x00010f00       0x28 ./drivers/fsl_sdif.o
 .text.SDIF_TransferHandleCardDetect
                0x00010f28       0x4e ./drivers/fsl_sdif.o
 .text.SystemInitHook
                0x00010f76        0xe ./device/system_LPC55S28.o
                0x00010f76                SystemInitHook
 .text.cJSON_strdup
                0x00010f84       0x50 ./cJSON/cJSON.o
 .text.cJSON_New_Item
                0x00010fd4       0x2c ./cJSON/cJSON.o
 .text.get_decimal_point
                0x00011000       0x10 ./cJSON/cJSON.o
 .text.ensure   0x00011010      0x134 ./cJSON/cJSON.o
 .text.update_offset
                0x00011144       0x42 ./cJSON/cJSON.o
 .text.parse_hex4
                0x00011186       0xc4 ./cJSON/cJSON.o
 .text.print_string
                0x0001124a       0x20 ./cJSON/cJSON.o
 .text.buffer_skip_whitespace
                0x0001126a       0x80 ./cJSON/cJSON.o
 .text.cJSON_ParseWithOpts
                0x000112ea       0x38 ./cJSON/cJSON.o
                0x000112ea                cJSON_ParseWithOpts
 .text.cJSON_Parse
                0x00011322       0x1c ./cJSON/cJSON.o
                0x00011322                cJSON_Parse
 .text.parse_array
                0x0001133e      0x188 ./cJSON/cJSON.o
 .text.print_array
                0x000114c6      0x10c ./cJSON/cJSON.o
 .text.parse_object
                0x000115d2      0x1fe ./cJSON/cJSON.o
 .text.print_object
                0x000117d0      0x23c ./cJSON/cJSON.o
 .text.get_object_item
                0x00011a0c       0x90 ./cJSON/cJSON.o
 .text.cJSON_GetObjectItemCaseSensitive
                0x00011a9c       0x1e ./cJSON/cJSON.o
                0x00011a9c                cJSON_GetObjectItemCaseSensitive
 .text.suffix_object
                0x00011aba       0x22 ./cJSON/cJSON.o
 .text.add_item_to_array
                0x00011adc       0x6c ./cJSON/cJSON.o
 .text.cast_away_const
                0x00011b48       0x16 ./cJSON/cJSON.o
 .text.add_item_to_object
                0x00011b5e       0xaa ./cJSON/cJSON.o
 .text.cJSON_IsString
                0x00011c08       0x2e ./cJSON/cJSON.o
                0x00011c08                cJSON_IsString
 .text.DbgConsole_Init
                0x00011c36       0x20 ./board/board.o
 .text.CLOCK_EnableClock
                0x00011c56       0x30 ./board/pin_mux.o
 .text.IOCON_PinMuxSet
                0x00011c86       0x2e ./board/pin_mux.o
 .text.memcpy   0x00011cb4       0x1a c:/nxp/mcuxpressoide_11.2.1_4149/ide/plugins/com.nxp.mcuxpresso.tools.win32_11.2.0.202008311134/tools/bin/../lib/gcc/arm-none-eabi/9.2.1/../../../../arm-none-eabi/lib/thumb/v8-m.main+fp/hard\libc_nano.a(lib_a-memcpy-stub.o)
                0x00011cb4                memcpy
 .text.memset   0x00011cce       0x10 c:/nxp/mcuxpressoide_11.2.1_4149/ide/plugins/com.nxp.mcuxpresso.tools.win32_11.2.0.202008311134/tools/bin/../lib/gcc/arm-none-eabi/9.2.1/../../../../arm-none-eabi/lib/thumb/v8-m.main+fp/hard\libc_nano.a(lib_a-memset.o)
                0x00011cce                memset
 .text._calloc_r
                0x00011cde       0x1e c:/nxp/mcuxpressoide_11.2.1_4149/ide/plugins/com.nxp.mcuxpresso.tools.win32_11.2.0.202008311134/tools/bin/../lib/gcc/arm-none-eabi/9.2.1/../../../../arm-none-eabi/lib/thumb/v8-m.main+fp/hard\libc_nano.a(lib_a-nano-callocr.o)
                0x00011cde                _calloc_r
 .text.__sread  0x00011cfc       0x22 c:/nxp/mcuxpressoide_11.2.1_4149/ide/plugins/com.nxp.mcuxpresso.tools.win32_11.2.0.202008311134/tools/bin/../lib/gcc/arm-none-eabi/9.2.1/../../../../arm-none-eabi/lib/thumb/v8-m.main+fp/hard\libc_nano.a(lib_a-stdio.o)
                0x00011cfc                __sread
 .text.__seofread
                0x00011d1e        0x4 c:/nxp/mcuxpressoide_11.2.1_4149/ide/plugins/com.nxp.mcuxpresso.tools.win32_11.2.0.202008311134/tools/bin/../lib/gcc/arm-none-eabi/9.2.1/../../../../arm-none-eabi/lib/thumb/v8-m.main+fp/hard\libc_nano.a(lib_a-stdio.o)
                0x00011d1e                __seofread
 .text.__swrite
                0x00011d22       0x38 c:/nxp/mcuxpressoide_11.2.1_4149/ide/plugins/com.nxp.mcuxpresso.tools.win32_11.2.0.202008311134/tools/bin/../lib/gcc/arm-none-eabi/9.2.1/../../../../arm-none-eabi/lib/thumb/v8-m.main+fp/hard\libc_nano.a(lib_a-stdio.o)
                0x00011d22                __swrite
 .text.__sseek  0x00011d5a       0x24 c:/nxp/mcuxpressoide_11.2.1_4149/ide/plugins/com.nxp.mcuxpresso.tools.win32_11.2.0.202008311134/tools/bin/../lib/gcc/arm-none-eabi/9.2.1/../../../../arm-none-eabi/lib/thumb/v8-m.main+fp/hard\libc_nano.a(lib_a-stdio.o)
                0x00011d5a                __sseek
 .text.__sclose
                0x00011d7e        0x8 c:/nxp/mcuxpressoide_11.2.1_4149/ide/plugins/com.nxp.mcuxpresso.tools.win32_11.2.0.202008311134/tools/bin/../lib/gcc/arm-none-eabi/9.2.1/../../../../arm-none-eabi/lib/thumb/v8-m.main+fp/hard\libc_nano.a(lib_a-stdio.o)
                0x00011d7e                __sclose
 .text          0x00011d86       0x14 c:/nxp/mcuxpressoide_11.2.1_4149/ide/plugins/com.nxp.mcuxpresso.tools.win32_11.2.0.202008311134/tools/bin/../lib/gcc/arm-none-eabi/9.2.1/../../../../arm-none-eabi/lib/thumb/v8-m.main+fp/hard\libc_nano.a(lib_a-strcmp.o)
                0x00011d86                strcmp
 .text.strcpy   0x00011d9a       0x10 c:/nxp/mcuxpressoide_11.2.1_4149/ide/plugins/com.nxp.mcuxpresso.tools.win32_11.2.0.202008311134/tools/bin/../lib/gcc/arm-none-eabi/9.2.1/../../../../arm-none-eabi/lib/thumb/v8-m.main+fp/hard\libc_nano.a(lib_a-strcpy.o)
                0x00011d9a                strcpy
 .text          0x00011daa       0x10 c:/nxp/mcuxpressoide_11.2.1_4149/ide/plugins/com.nxp.mcuxpresso.tools.win32_11.2.0.202008311134/tools/bin/../lib/gcc/arm-none-eabi/9.2.1/../../../../arm-none-eabi/lib/thumb/v8-m.main+fp/hard\libc_nano.a(lib_a-strlen.o)
                0x00011daa                strlen
 .text.strncmp  0x00011dba       0x24 c:/nxp/mcuxpressoide_11.2.1_4149/ide/plugins/com.nxp.mcuxpresso.tools.win32_11.2.0.202008311134/tools/bin/../lib/gcc/arm-none-eabi/9.2.1/../../../../arm-none-eabi/lib/thumb/v8-m.main+fp/hard\libc_nano.a(lib_a-strncmp.o)
                0x00011dba                strncmp
 .text.sulp     0x00011dde       0x38 c:/nxp/mcuxpressoide_11.2.1_4149/ide/plugins/com.nxp.mcuxpresso.tools.win32_11.2.0.202008311134/tools/bin/../lib/gcc/arm-none-eabi/9.2.1/../../../../arm-none-eabi/lib/thumb/v8-m.main+fp/hard\libc_nano.a(lib_a-strtod.o)
 .text._strtoul_r
                0x00011e16        0x4 c:/nxp/mcuxpressoide_11.2.1_4149/ide/plugins/com.nxp.mcuxpresso.tools.win32_11.2.0.202008311134/tools/bin/../lib/gcc/arm-none-eabi/9.2.1/../../../../arm-none-eabi/lib/thumb/v8-m.main+fp/hard\libc_nano.a(lib_a-strtoul.o)
                0x00011e16                _strtoul_r
 .text.__sfmoreglue
                0x00011e1a       0x2c c:/nxp/mcuxpressoide_11.2.1_4149/ide/plugins/com.nxp.mcuxpresso.tools.win32_11.2.0.202008311134/tools/bin/../lib/gcc/arm-none-eabi/9.2.1/../../../../arm-none-eabi/lib/thumb/v8-m.main+fp/hard\libc_nano.a(lib_a-findfp.o)
                0x00011e1a                __sfmoreglue
 .text._fwalk_reent
                0x00011e46       0x3e c:/nxp/mcuxpressoide_11.2.1_4149/ide/plugins/com.nxp.mcuxpresso.tools.win32_11.2.0.202008311134/tools/bin/../lib/gcc/arm-none-eabi/9.2.1/../../../../arm-none-eabi/lib/thumb/v8-m.main+fp/hard\libc_nano.a(lib_a-fwalk.o)
                0x00011e46                _fwalk_reent
 .text.rshift   0x00011e84       0xa2 c:/nxp/mcuxpressoide_11.2.1_4149/ide/plugins/com.nxp.mcuxpresso.tools.win32_11.2.0.202008311134/tools/bin/../lib/gcc/arm-none-eabi/9.2.1/../../../../arm-none-eabi/lib/thumb/v8-m.main+fp/hard\libc_nano.a(lib_a-gdtoa-gethex.o)
 .text.__hexdig_fun
                0x00011f26       0x2a c:/nxp/mcuxpressoide_11.2.1_4149/ide/plugins/com.nxp.mcuxpresso.tools.win32_11.2.0.202008311134/tools/bin/../lib/gcc/arm-none-eabi/9.2.1/../../../../arm-none-eabi/lib/thumb/v8-m.main+fp/hard\libc_nano.a(lib_a-gdtoa-gethex.o)
                0x00011f26                __hexdig_fun
 .text.L_shift  0x00011f50       0x24 c:/nxp/mcuxpressoide_11.2.1_4149/ide/plugins/com.nxp.mcuxpresso.tools.win32_11.2.0.202008311134/tools/bin/../lib/gcc/arm-none-eabi/9.2.1/../../../../arm-none-eabi/lib/thumb/v8-m.main+fp/hard\libc_nano.a(lib_a-gdtoa-hexnan.o)
 .text.__match  0x00011f74       0x28 c:/nxp/mcuxpressoide_11.2.1_4149/ide/plugins/com.nxp.mcuxpresso.tools.win32_11.2.0.202008311134/tools/bin/../lib/gcc/arm-none-eabi/9.2.1/../../../../arm-none-eabi/lib/thumb/v8-m.main+fp/hard\libc_nano.a(lib_a-gdtoa-hexnan.o)
                0x00011f74                __match
 .text.__hexnan
                0x00011f9c      0x138 c:/nxp/mcuxpressoide_11.2.1_4149/ide/plugins/com.nxp.mcuxpresso.tools.win32_11.2.0.202008311134/tools/bin/../lib/gcc/arm-none-eabi/9.2.1/../../../../arm-none-eabi/lib/thumb/v8-m.main+fp/hard\libc_nano.a(lib_a-gdtoa-hexnan.o)
                0x00011f9c                __hexnan
 .text.__retarget_lock_init_recursive
                0x000120d4        0x2 c:/nxp/mcuxpressoide_11.2.1_4149/ide/plugins/com.nxp.mcuxpresso.tools.win32_11.2.0.202008311134/tools/bin/../lib/gcc/arm-none-eabi/9.2.1/../../../../arm-none-eabi/lib/thumb/v8-m.main+fp/hard\libc_nano.a(lib_a-lock.o)
                0x000120d4                __retarget_lock_init_recursive
 .text.__retarget_lock_acquire_recursive
                0x000120d6        0x2 c:/nxp/mcuxpressoide_11.2.1_4149/ide/plugins/com.nxp.mcuxpresso.tools.win32_11.2.0.202008311134/tools/bin/../lib/gcc/arm-none-eabi/9.2.1/../../../../arm-none-eabi/lib/thumb/v8-m.main+fp/hard\libc_nano.a(lib_a-lock.o)
                0x000120d6                __retarget_lock_acquire_recursive
 .text.__retarget_lock_release_recursive
                0x000120d8        0x2 c:/nxp/mcuxpressoide_11.2.1_4149/ide/plugins/com.nxp.mcuxpresso.tools.win32_11.2.0.202008311134/tools/bin/../lib/gcc/arm-none-eabi/9.2.1/../../../../arm-none-eabi/lib/thumb/v8-m.main+fp/hard\libc_nano.a(lib_a-lock.o)
                0x000120d8                __retarget_lock_release_recursive
 .text.__ascii_mbtowc