Archive member included to satisfy reference by file (symbol)

C:\Users\rapicano\Documents\MCUXpressoProjects\FreeRTOS_cJson_test\libs\libpower_hardabi.a(fsl_power_lib.o)
                              ./drivers/fsl_clock.o (POWER_SetVoltageForFreq)
c:/nxp/mcuxpressoide_11.2.1_4149/ide/plugins/com.nxp.mcuxpresso.tools.win32_11.2.0.202008311134/tools/bin/../lib/gcc/arm-none-eabi/9.2.1/thumb/v8-m.main+fp/hard\libgcc.a(_arm_muldf3.o)
                              ./utilities/fsl_str.o (__aeabi_dmul)
c:/nxp/mcuxpressoide_11.2.1_4149/ide/plugins/com.nxp.mcuxpresso.tools.win32_11.2.0.202008311134/tools/bin/../lib/gcc/arm-none-eabi/9.2.1/thumb/v8-m.main+fp/hard\libgcc.a(_arm_addsubdf3.o)
                              ./utilities/fsl_str.o (__aeabi_dsub)
c:/nxp/mcuxpressoide_11.2.1_4149/ide/plugins/com.nxp.mcuxpresso.tools.win32_11.2.0.202008311134/tools/bin/../lib/gcc/arm-none-eabi/9.2.1/thumb/v8-m.main+fp/hard\libgcc.a(_arm_muldivdf3.o)
                              ./utilities/fsl_str.o (__aeabi_ddiv)
c:/nxp/mcuxpressoide_11.2.1_4149/ide/plugins/com.nxp.mcuxpresso.tools.win32_11.2.0.202008311134/tools/bin/../lib/gcc/arm-none-eabi/9.2.1/thumb/v8-m.main+fp/hard\libgcc.a(_arm_cmpdf2.o)
                              ./utilities/fsl_str.o (__aeabi_dcmpeq)
c:/nxp/mcuxpressoide_11.2.1_4149/ide/plugins/com.nxp.mcuxpresso.tools.win32_11.2.0.202008311134/tools/bin/../lib/gcc/arm-none-eabi/9.2.1/thumb/v8-m.main+fp/hard\libgcc.a(_arm_unorddf2.o)
                              ./cJSON/cJSON.o (__aeabi_dcmpun)
c:/nxp/mcuxpressoide_11.2.1_4149/ide/plugins/com.nxp.mcuxpresso.tools.win32_11.2.0.202008311134/tools/bin/../lib/gcc/arm-none-eabi/9.2.1/thumb/v8-m.main+fp/hard\libgcc.a(_arm_fixdfsi.o)
                              ./utilities/fsl_str.o (__aeabi_d2iz)
c:/nxp/mcuxpressoide_11.2.1_4149/ide/plugins/com.nxp.mcuxpresso.tools.win32_11.2.0.202008311134/tools/bin/../lib/gcc/arm-none-eabi/9.2.1/thumb/v8-m.main+fp/hard\libgcc.a(_arm_truncdfsf2.o)
                              ./utilities/fsl_str.o (__aeabi_d2f)
c:/nxp/mcuxpressoide_11.2.1_4149/ide/plugins/com.nxp.mcuxpresso.tools.win32_11.2.0.202008311134/tools/bin/../lib/gcc/arm-none-eabi/9.2.1/thumb/v8-m.main+fp/hard\libgcc.a(_aeabi_uldivmod.o)
                              ./drivers/fsl_clock.o (__aeabi_uldivmod)
c:/nxp/mcuxpressoide_11.2.1_4149/ide/plugins/com.nxp.mcuxpresso.tools.win32_11.2.0.202008311134/tools/bin/../lib/gcc/arm-none-eabi/9.2.1/thumb/v8-m.main+fp/hard\libgcc.a(_fixdfdi.o)
                              ./utilities/fsl_str.o (__aeabi_d2lz)
c:/nxp/mcuxpressoide_11.2.1_4149/ide/plugins/com.nxp.mcuxpresso.tools.win32_11.2.0.202008311134/tools/bin/../lib/gcc/arm-none-eabi/9.2.1/thumb/v8-m.main+fp/hard\libgcc.a(_fixunssfdi.o)
                              ./device/system_LPC55S28.o (__aeabi_f2ulz)
c:/nxp/mcuxpressoide_11.2.1_4149/ide/plugins/com.nxp.mcuxpresso.tools.win32_11.2.0.202008311134/tools/bin/../lib/gcc/arm-none-eabi/9.2.1/thumb/v8-m.main+fp/hard\libgcc.a(_fixunsdfdi.o)
                              c:/nxp/mcuxpressoide_11.2.1_4149/ide/plugins/com.nxp.mcuxpresso.tools.win32_11.2.0.202008311134/tools/bin/../lib/gcc/arm-none-eabi/9.2.1/thumb/v8-m.main+fp/hard\libgcc.a(_fixdfdi.o) (__aeabi_d2ulz)
c:/nxp/mcuxpressoide_11.2.1_4149/ide/plugins/com.nxp.mcuxpresso.tools.win32_11.2.0.202008311134/tools/bin/../lib/gcc/arm-none-eabi/9.2.1/thumb/v8-m.main+fp/hard\libgcc.a(_udivmoddi4.o)
                              c:/nxp/mcuxpressoide_11.2.1_4149/ide/plugins/com.nxp.mcuxpresso.tools.win32_11.2.0.202008311134/tools/bin/../lib/gcc/arm-none-eabi/9.2.1/thumb/v8-m.main+fp/hard\libgcc.a(_aeabi_uldivmod.o) (__udivmoddi4)
c:/nxp/mcuxpressoide_11.2.1_4149/ide/plugins/com.nxp.mcuxpresso.tools.win32_11.2.0.202008311134/tools/bin/../lib/gcc/arm-none-eabi/9.2.1/thumb/v8-m.main+fp/hard\libgcc.a(_dvmd_tls.o)
                              c:/nxp/mcuxpressoide_11.2.1_4149/ide/plugins/com.nxp.mcuxpresso.tools.win32_11.2.0.202008311134/tools/bin/../lib/gcc/arm-none-eabi/9.2.1/thumb/v8-m.main+fp/hard\libgcc.a(_aeabi_uldivmod.o) (__aeabi_ldiv0)
c:/nxp/mcuxpressoide_11.2.1_4149/ide/plugins/com.nxp.mcuxpresso.tools.win32_11.2.0.202008311134/tools/bin/../lib/gcc/arm-none-eabi/9.2.1/thumb/v8-m.main+fp/hard\libgcc.a(_arm_fixunsdfsi.o)
                              c:/nxp/mcuxpressoide_11.2.1_4149/ide/plugins/com.nxp.mcuxpresso.tools.win32_11.2.0.202008311134/tools/bin/../lib/gcc/arm-none-eabi/9.2.1/thumb/v8-m.main+fp/hard\libgcc.a(_fixunssfdi.o) (__aeabi_d2uiz)
c:/nxp/mcuxpressoide_11.2.1_4149/ide/plugins/com.nxp.mcuxpresso.tools.win32_11.2.0.202008311134/tools/bin/../lib/gcc/arm-none-eabi/9.2.1/../../../../arm-none-eabi/lib/thumb/v8-m.main+fp/hard\libc_nano.a(lib_a-calloc.o)
                              ./source/FreeRTOS_cJson_test.o (calloc)
c:/nxp/mcuxpressoide_11.2.1_4149/ide/plugins/com.nxp.mcuxpresso.tools.win32_11.2.0.202008311134/tools/bin/../lib/gcc/arm-none-eabi/9.2.1/../../../../arm-none-eabi/lib/thumb/v8-m.main+fp/hard\libc_nano.a(lib_a-ctype_.o)
[...]
Memory Configuration

Name             Origin             Length             Attributes
PROGRAM_FLASH    0x00000000         0x00080000         xr
SRAM             0x20000000         0x00030000         xrw
SRAM4            0x20040000         0x00004000         xrw
SRAMX            0x04000000         0x00008000         xrw
USB_RAM          0x40100000         0x00004000         xrw
*default*        0x00000000         0xffffffff

Linker script and memory map

LOAD ./utilities/fsl_assert.o
LOAD ./utilities/fsl_debug_console.o
LOAD ./utilities/fsl_str.o
LOAD ./startup/startup_lpc55s28.o
LOAD ./source/FreeRTOS_cJson_test.o
LOAD ./source/inizializations.o
LOAD ./source/json_handler.o
LOAD ./source/semihost_hardfault.o
LOAD ./sdmmc/src/fsl_sd.o
LOAD ./sdmmc/src/fsl_sdmmc_common.o
LOAD ./sdmmc/osa/fsl_sdmmc_osa.o
LOAD ./sdmmc/host/fsl_sdmmc_host.o
LOAD ./freertos/freertos_kernel/portable/MemMang/heap_4.o
LOAD ./freertos/freertos_kernel/portable/GCC/ARM_CM33_NTZ/non_secure/port.o
LOAD ./freertos/freertos_kernel/portable/GCC/ARM_CM33_NTZ/non_secure/portasm.o
LOAD ./freertos/freertos_kernel/croutine.o
LOAD ./freertos/freertos_kernel/event_groups.o
LOAD ./freertos/freertos_kernel/list.o
LOAD ./freertos/freertos_kernel/queue.o
LOAD ./freertos/freertos_kernel/stream_buffer.o
LOAD ./freertos/freertos_kernel/tasks.o
LOAD ./freertos/freertos_kernel/timers.o
LOAD ./fatfs/source/fsl_sd_disk/fsl_sd_disk.o
LOAD ./fatfs/source/fsl_ram_disk/fsl_ram_disk.o
LOAD ./fatfs/source/diskio.o
LOAD ./fatfs/source/ff.o
LOAD ./fatfs/source/ffsystem.o
LOAD ./fatfs/source/ffunicode.o
LOAD ./drivers/fsl_clock.o
LOAD ./drivers/fsl_common.o
LOAD ./drivers/fsl_flexcomm.o
LOAD ./drivers/fsl_gpio.o
LOAD ./drivers/fsl_i2c.o
LOAD ./drivers/fsl_power.o
LOAD ./drivers/fsl_reset.o
LOAD ./drivers/fsl_sdif.o
LOAD ./drivers/fsl_usart.o
LOAD ./device/system_LPC55S28.o
LOAD ./component/uart/usart_adapter.o
LOAD ./component/serial_manager/serial_manager.o
LOAD ./component/serial_manager/serial_port_uart.o
LOAD ./component/osa/fsl_os_abstraction_free_rtos.o
LOAD ./component/lists/generic_list.o
LOAD ./cJSON/cJSON.o
LOAD ./board/board.o
LOAD ./board/clock_config.o
LOAD ./board/peripherals.o
LOAD ./board/pin_mux.o
LOAD ./board/sdmmc_config.o
LOAD C:\Users\rapicano\Documents\MCUXpressoProjects\FreeRTOS_cJson_test\libs\libpower_hardabi.a
START GROUP
LOAD c:/nxp/mcuxpressoide_11.2.1_4149/ide/plugins/com.nxp.mcuxpresso.tools.win32_11.2.0.202008311134/tools/bin/../lib/gcc/arm-none-eabi/9.2.1/thumb/v8-m.main+fp/hard\libgcc.a
LOAD c:/nxp/mcuxpressoide_11.2.1_4149/ide/plugins/com.nxp.mcuxpresso.tools.win32_11.2.0.202008311134/tools/bin/../lib/gcc/arm-none-eabi/9.2.1/../../../../arm-none-eabi/lib/thumb/v8-m.main+fp/hard\libc_nano.a
LOAD c:/nxp/mcuxpressoide_11.2.1_4149/ide/plugins/com.nxp.mcuxpresso.tools.win32_11.2.0.202008311134/tools/bin/../lib/gcc/arm-none-eabi/9.2.1/../../../../arm-none-eabi/lib/thumb/v8-m.main+fp/hard\libm.a
LOAD c:/nxp/mcuxpressoide_11.2.1_4149/ide/plugins/com.nxp.mcuxpresso.tools.win32_11.2.0.202008311134/tools/bin/../lib/gcc/arm-none-eabi/9.2.1/../../../../arm-none-eabi/lib/thumb/v8-m.main+fp/hard\libcr_newlib_semihost.a
END GROUP
                0x00000000                __base_PROGRAM_FLASH = 0x0
                0x00000000                __base_Flash = 0x0
                0x00080000                __top_PROGRAM_FLASH = 0x80000
                0x00080000                __top_Flash = 0x80000
                0x20000000                __base_SRAM = 0x20000000
                0x20000000                __base_RAM = 0x20000000
                0x20030000                __top_SRAM = 0x20030000
                0x20030000                __top_RAM = 0x20030000
                0x20040000                __base_SRAM4 = 0x20040000
                0x20040000                __base_RAM2 = 0x20040000
                0x20044000                __top_SRAM4 = 0x20044000
                0x20044000                __top_RAM2 = 0x20044000
                0x04000000                __base_SRAMX = 0x4000000
                0x04000000                __base_RAM3 = 0x4000000
                0x04008000                __top_SRAMX = 0x4008000
                0x04008000                __top_RAM3 = 0x4008000
                0x40100000                __base_USB_RAM = 0x40100000
                0x40100000                __base_RAM4 = 0x40100000
                0x40104000                __top_USB_RAM = 0x40104000
                0x40104000                __top_RAM4 = 0x40104000

.text           0x00000000    0x24158
 FILL mask 0xff
                0x00000000                __vectors_start__ = ABSOLUTE (.)
 *(SORT_BY_ALIGNMENT(.isr_vector))
 .isr_vector    0x00000000      0x130 ./startup/startup_lpc55s28.o
                0x00000000                g_pfnVectors
                0x00000000                __Vectors
                0x00000130                . = ALIGN (0x4)
                0x00000130                __section_table_start = .
                0x00000130                __data_section_table = .
                0x00000130        0x4 LONG 0x24160 LOADADDR (.data)
                0x00000134        0x4 LONG 0x20000000 ADDR (.data)
                0x00000138        0x4 LONG 0x1f0 SIZEOF (.data)
                0x0000013c        0x4 LONG 0x24160 LOADADDR (.data_RAM2)
                0x00000140        0x4 LONG 0x20040000 ADDR (.data_RAM2)
                0x00000144        0x4 LONG 0x0 SIZEOF (.data_RAM2)
                0x00000148        0x4 LONG 0x24160 LOADADDR (.data_RAM3)
                0x0000014c        0x4 LONG 0x4000000 ADDR (.data_RAM3)
                0x00000150        0x4 LONG 0x0 SIZEOF (.data_RAM3)
                0x00000154        0x4 LONG 0x24160 LOADADDR (.data_RAM4)
                0x00000158        0x4 LONG 0x40100000 ADDR (.data_RAM4)
                0x0000015c        0x4 LONG 0x0 SIZEOF (.data_RAM4)
                0x00000160                __data_section_table_end = .
                0x00000160                __bss_section_table = .
                0x00000160        0x4 LONG 0x200001f0 ADDR (.bss)
                0x00000164        0x4 LONG 0x84f0 SIZEOF (.bss)
                0x00000168        0x4 LONG 0x20040000 ADDR (.bss_RAM2)
                0x0000016c        0x4 LONG 0x0 SIZEOF (.bss_RAM2)
                0x00000170        0x4 LONG 0x4000000 ADDR (.bss_RAM3)
                0x00000174        0x4 LONG 0x0 SIZEOF (.bss_RAM3)
                0x00000178        0x4 LONG 0x40100000 ADDR (.bss_RAM4)
                0x0000017c        0x4 LONG 0x0 SIZEOF (.bss_RAM4)
                0x00000180                __bss_section_table_end = .
                0x00000180                __section_table_end = .
 *(SORT_BY_ALIGNMENT(.after_vectors*))
 .after_vectors.reset
                0x00000180       0x4c ./startup/startup_lpc55s28.o
                0x00000180                ResetISR
 .after_vectors.init_data
                0x000001cc       0x1e ./startup/startup_lpc55s28.o
                0x000001cc                data_init
 .after_vectors.init_bss
                0x000001ea       0x12 ./startup/startup_lpc55s28.o
                0x000001ea                bss_init
 .after_vectors
                0x000001fc       0x16 ./startup/startup_lpc55s28.o
                0x000001fc                NMI_Handler
                0x00000200                MemManage_Handler
                0x00000202                BusFault_Handler
                0x00000204                UsageFault_Handler
                0x00000206                SecureFault_Handler
                0x0000020a                DebugMon_Handler
                0x00000210                PIN_INT3_DriverIRQHandler
                0x00000210                PIN_INT2_DriverIRQHandler
                0x00000210                Reserved56_DriverIRQHandler
                0x00000210                PIN_INT0_DriverIRQHandler
                0x00000210                CTIMER2_DriverIRQHandler
                0x00000210                SEC_VIO_DriverIRQHandler
                0x00000210                IntDefaultHandler
                0x00000210                USB0_DriverIRQHandler
                0x00000210                CASER_DriverIRQHandler
                0x00000210                MRT0_DriverIRQHandler
                0x00000210                UTICK0_DriverIRQHandler
                0x00000210                Reserved41_DriverIRQHandler
                0x00000210                PIN_INT4_DriverIRQHandler
                0x00000210                PIN_INT5_DriverIRQHandler
                0x00000210                SEC_GPIO_INT0_IRQ0_DriverIRQHandler
                0x00000210                Reserved47_DriverIRQHandler
                0x00000210                CTIMER4_DriverIRQHandler
                0x00000210                GINT1_DriverIRQHandler
                0x00000210                PIN_INT7_DriverIRQHandler
                0x00000210                Reserved42_DriverIRQHandler
                0x00000210                HASHCRYPT_DriverIRQHandler
                0x00000210                USB0_NEEDCLK_DriverIRQHandler
                0x00000210                CTIMER0_DriverIRQHandler
                0x00000210                CTIMER1_DriverIRQHandler
                0x00000210                DMA0_DriverIRQHandler
                0x00000210                PIN_INT6_DriverIRQHandler
                0x00000210                PQ_DriverIRQHandler
                0x00000210                PIN_INT1_DriverIRQHandler
                0x00000210                CTIMER3_DriverIRQHandler
                0x00000210                Reserved61_DriverIRQHandler
                0x00000210                SEC_GPIO_INT0_IRQ1_DriverIRQHandler
                0x00000210                PUF_DriverIRQHandler
                0x00000210                RTC_DriverIRQHandler
                0x00000210                Reserved39_DriverIRQHandler
                0x00000210                USB1_DriverIRQHandler
                0x00000210                Reserved60_DriverIRQHandler
                0x00000210                DMA1_DriverIRQHandler
                0x00000210                ADC0_DriverIRQHandler
                0x00000210                USB1_NEEDCLK_DriverIRQHandler
                0x00000210                Reserved59_DriverIRQHandler
                0x00000210                GINT0_DriverIRQHandler
                0x00000210                USB1_PHY_DriverIRQHandler
                0x00000210                ACMP_DriverIRQHandler
                0x00000210                Reserved57_DriverIRQHandler
                0x00000210                Reserved55_DriverIRQHandler
                0x00000210                Reserved46_DriverIRQHandler
                0x00000210                WDT_BOD_DriverIRQHandler
                0x00000210                SCT0_DriverIRQHandler
                0x00000210                PLU_DriverIRQHandler
                0x00000210                OS_EVENT_DriverIRQHandler
                0x00000210                SEC_HYPERVISOR_CALL_DriverIRQHandler
 *(SORT_BY_ALIGNMENT(.text*))
 *fill*         0x00000212        0xe ff
 .text.vRestoreContextOfFirstTask
                0x00000220       0x28 ./freertos/freertos_kernel/portable/GCC/ARM_CM33_NTZ/non_secure/portasm.o
                0x00000220                vRestoreContextOfFirstTask
 *fill*         0x00000248        0x8 ff
 .text.vStartFirstTask
                0x00000250       0x28 ./freertos/freertos_kernel/portable/GCC/ARM_CM33_NTZ/non_secure/portasm.o
                0x00000250                vStartFirstTask
 *fill*         0x00000278        0x8 ff
 .text.PendSV_Handler
                0x00000280       0x58 ./freertos/freertos_kernel/portable/GCC/ARM_CM33_NTZ/non_secure/portasm.o
                0x00000280                PendSV_Handler
 *fill*         0x000002d8        0x8 ff
 .text.SVC_Handler
                0x000002e0       0x28 ./freertos/freertos_kernel/portable/GCC/ARM_CM33_NTZ/non_secure/portasm.o
                0x000002e0                SVC_Handler
 .text.createJson
                0x00000308       0x74 ./source/json_handler.o
                0x00000308                createJson
 *fill*         0x0000037c        0x4 ff
 .text.parse_number
                0x00000380      0x1dc ./cJSON/cJSON.o
 *fill*         0x0000055c        0x4 ff
 .text.cJSON_CreateNumber
                0x00000560       0x90 ./cJSON/cJSON.o
                0x00000560                cJSON_CreateNumber
 .text._strtod_l
                0x000005f0      0xc1c c:/nxp/mcuxpressoide_11.2.1_4149/ide/plugins/com.nxp.mcuxpresso.tools.win32_11.2.0.202008311134/tools/bin/../lib/gcc/arm-none-eabi/9.2.1/../../../../arm-none-eabi/lib/thumb/v8-m.main+fp/hard\libc_nano.a(lib_a-strtod.o)
                0x000005f0                _strtod_l
 *fill*         0x0000120c        0x4 ff
 .text._dtoa_r  0x00001210      0xbb8 c:/nxp/mcuxpressoide_11.2.1_4149/ide/plugins/com.nxp.mcuxpresso.tools.win32_11.2.0.202008311134/tools/bin/../lib/gcc/arm-none-eabi/9.2.1/../../../../arm-none-eabi/lib/thumb/v8-m.main+fp/hard\libc_nano.a(lib_a-dtoa.o)
                0x00001210                _dtoa_r
 .text.nan      0x00001dc8       0x10 c:/nxp/mcuxpressoide_11.2.1_4149/ide/plugins/com.nxp.mcuxpresso.tools.win32_11.2.0.202008311134/tools/bin/../lib/gcc/arm-none-eabi/9.2.1/../../../../arm-none-eabi/lib/thumb/v8-m.main+fp/hard\libc_nano.a(lib_a-s_nan.o)
                0x00001dc8                nan
 .text.__assert_func
                0x00001dd8       0x28 ./utilities/fsl_assert.o
                0x00001dd8                __assert_func
 .text.SDCARD_DetectCallBack
                0x00001e00       0x30 ./source/FreeRTOS_cJson_test.o
 .text.CardDetectTask
                0x00001e30      0x104 ./source/FreeRTOS_cJson_test.o
 .text.main     0x00001f34       0xa0 ./source/FreeRTOS_cJson_test.o
                0x00001f34                main
 .text.DEMO_MakeFileSystem
                0x00001fd4       0xa4 ./source/FreeRTOS_cJson_test.o
 .text.saveJsonIntoFileTask
                0x00002078       0xd8 ./source/FreeRTOS_cJson_test.o
 .text.parseJSONTask
                0x00002150      0x100 ./source/FreeRTOS_cJson_test.o
 .text.POWER_SetBodVbatLevel
                0x00002250       0x58 ./source/inizializations.o
 .text.parseJson
                0x000022a8       0xd0 ./source/json_handler.o
                0x000022a8                parseJson
 .text.SD_SendApplicationCmd
                0x00002378       0x40 ./sdmmc/src/fsl_sd.o
 .text.SD_GoIdle
                0x000023b8       0x3c ./sdmmc/src/fsl_sd.o
 .text.SD_SetBlockSize
                0x000023f4       0x40 ./sdmmc/src/fsl_sd.o
 .text.SD_StopTransmission
                0x00002434       0x90 ./sdmmc/src/fsl_sd.o
 .text.SD_Transfer
                0x000024c4       0x74 ./sdmmc/src/fsl_sd.o
 .text.SD_WaitWriteComplete
                0x00002538       0x9c ./sdmmc/src/fsl_sd.o
 .text.SD_SendWriteSuccessBlocks
                0x000025d4       0xf0 ./sdmmc/src/fsl_sd.o
 .text.SD_SendRca
                0x000026c4       0x84 ./sdmmc/src/fsl_sd.o
 .text.SD_SwitchFunction
                0x00002748       0xe0 ./sdmmc/src/fsl_sd.o
 .text.SD_DecodeScr
                0x00002828      0x194 ./sdmmc/src/fsl_sd.o
 .text.SD_SendScr
                0x000029bc      0x144 ./sdmmc/src/fsl_sd.o
 .text.SD_SelectFunction
                0x00002b00      0x2c0 ./sdmmc/src/fsl_sd.o
 .text.SD_SetDataBusWidth
                0x00002dc0       0xb0 ./sdmmc/src/fsl_sd.o
 .text.SD_DecodeCsd
                0x00002e70      0x390 ./sdmmc/src/fsl_sd.o
 .text.SD_SendCsd
                0x00003200       0xa8 ./sdmmc/src/fsl_sd.o
 .text.SD_DecodeCid
                0x000032a8       0xec ./sdmmc/src/fsl_sd.o
 .text.SD_AllSendCid
                0x00003394       0x9c ./sdmmc/src/fsl_sd.o
 .text.SD_ApplicationSendOperationCondition
                0x00003430       0xec ./sdmmc/src/fsl_sd.o
 .text.SD_SendInterfaceCondition
                0x0000351c       0xa8 ./sdmmc/src/fsl_sd.o
 .text.SD_SelectBusTiming
                0x000035c4       0xf0 ./sdmmc/src/fsl_sd.o
 .text.SD_DecodeStatus
                0x000036b4      0x12c ./sdmmc/src/fsl_sd.o
 .text.SD_ReadStatus
                0x000037e0      0x170 ./sdmmc/src/fsl_sd.o
                0x000037e0                SD_ReadStatus
 .text.SD_SelectCard
                0x00003950       0x48 ./sdmmc/src/fsl_sd.o
                0x00003950                SD_SelectCard
 .text.SD_Read  0x00003998      0x154 ./sdmmc/src/fsl_sd.o
 .text.SD_Write
                0x00003aec      0x18c ./sdmmc/src/fsl_sd.o
 .text.SD_ReadBlocks
                0x00003c78      0x16c ./sdmmc/src/fsl_sd.o
                0x00003c78                SD_ReadBlocks
 .text.SD_WriteBlocks
                0x00003de4      0x174 ./sdmmc/src/fsl_sd.o
                0x00003de4                SD_WriteBlocks
 .text.SD_ProbeBusVoltage
                0x00003f58       0xac ./sdmmc/src/fsl_sd.o
                0x00003f58                SD_ProbeBusVoltage
 .text.SD_CardInit
                0x00004004      0x160 ./sdmmc/src/fsl_sd.o
                0x00004004                SD_CardInit
 .text.SD_CardDeinit
                0x00004164       0x38 ./sdmmc/src/fsl_sd.o
                0x00004164                SD_CardDeinit
 .text.SD_HostInit
                0x0000419c       0x98 ./sdmmc/src/fsl_sd.o
                0x0000419c                SD_HostInit
 .text.SD_SetCardPower
                0x00004234       0x60 ./sdmmc/src/fsl_sd.o
                0x00004234                SD_SetCardPower
 .text.SDMMC_SelectCard
                0x00004294       0x80 ./sdmmc/src/fsl_sdmmc_common.o
                0x00004294                SDMMC_SelectCard
 .text.SDMMC_SendApplicationCommand
                0x00004314       0x7c ./sdmmc/src/fsl_sdmmc_common.o
                0x00004314                SDMMC_SendApplicationCommand
 .text.SDMMC_SetBlockSize
                0x00004390       0x68 ./sdmmc/src/fsl_sdmmc_common.o
                0x00004390                SDMMC_SetBlockSize
 .text.SDMMC_OSAEventCreate
                0x000043f8       0x38 ./sdmmc/osa/fsl_sdmmc_osa.o
                0x000043f8                SDMMC_OSAEventCreate
 .text.SDMMC_OSAEventWait
                0x00004430       0x6c ./sdmmc/osa/fsl_sdmmc_osa.o
                0x00004430                SDMMC_OSAEventWait
 .text.SDMMC_OSAEventSet
                0x0000449c       0x3c ./sdmmc/osa/fsl_sdmmc_osa.o
                0x0000449c                SDMMC_OSAEventSet
 .text.SDMMC_OSAEventClear
                0x000044d8       0x3c ./sdmmc/osa/fsl_sdmmc_osa.o
                0x000044d8                SDMMC_OSAEventClear
 .text.SDMMCHOST_Init
                0x00004514       0xd4 ./sdmmc/host/fsl_sdmmc_host.o
                0x00004514                SDMMCHOST_Init
 .text.pvPortMalloc
                0x000045e8      0x168 ./freertos/freertos_kernel/portable/MemMang/heap_4.o
                0x000045e8                pvPortMalloc
 .text.vPortFree
                0x00004750       0xa4 ./freertos/freertos_kernel/portable/MemMang/heap_4.o
                0x00004750                vPortFree
 .text.prvHeapInit
                0x000047f4       0xc4 ./freertos/freertos_kernel/portable/MemMang/heap_4.o
 .text.prvInsertBlockIntoFreeList
                0x000048b8       0xb4 ./freertos/freertos_kernel/portable/MemMang/heap_4.o
 .text.vPortSetupTimerInterrupt
                0x0000496c       0x48 ./freertos/freertos_kernel/portable/GCC/ARM_CM33_NTZ/non_secure/port.o
                0x0000496c                vPortSetupTimerInterrupt
 .text.prvTaskExitError
                0x000049b4       0x34 ./freertos/freertos_kernel/portable/GCC/ARM_CM33_NTZ/non_secure/port.o
 .text.vPortYield
                0x000049e8       0x24 ./freertos/freertos_kernel/portable/GCC/ARM_CM33_NTZ/non_secure/port.o
                0x000049e8                vPortYield
 .text.vPortEnterCritical
                0x00004a0c       0x24 ./freertos/freertos_kernel/portable/GCC/ARM_CM33_NTZ/non_secure/port.o
                0x00004a0c                vPortEnterCritical
 .text.vPortExitCritical
                0x00004a30       0x34 ./freertos/freertos_kernel/portable/GCC/ARM_CM33_NTZ/non_secure/port.o
                0x00004a30                vPortExitCritical
 .text.SysTick_Handler
                0x00004a64       0x30 ./freertos/freertos_kernel/portable/GCC/ARM_CM33_NTZ/non_secure/port.o
                0x00004a64                SysTick_Handler
 .text.pxPortInitialiseStack
                0x00004a94      0x114 ./freertos/freertos_kernel/portable/GCC/ARM_CM33_NTZ/non_secure/port.o
                0x00004a94                pxPortInitialiseStack
 .text.xPortStartScheduler
                0x00004ba8       0x40 ./freertos/freertos_kernel/portable/GCC/ARM_CM33_NTZ/non_secure/port.o
                0x00004ba8                xPortStartScheduler
 .text.xEventGroupClearBitsFromISR
                0x00004be8       0x28 ./freertos/freertos_kernel/event_groups.o
                0x00004be8                xEventGroupClearBitsFromISR
 .text.xEventGroupSetBitsFromISR
                0x00004c10       0x28 ./freertos/freertos_kernel/event_groups.o
                0x00004c10                xEventGroupSetBitsFromISR
 .text.vQueueAddToRegistry
                0x00004c38       0x54 ./freertos/freertos_kernel/queue.o
                0x00004c38                vQueueAddToRegistry
 .text.prvAddNewTaskToReadyList
                0x00004c8c       0xd0 ./freertos/freertos_kernel/tasks.o
 .text.vTaskDelay
                0x00004d5c       0x48 ./freertos/freertos_kernel/tasks.o
                0x00004d5c                vTaskDelay
 .text.vTaskSuspend
                0x00004da4       0xcc ./freertos/freertos_kernel/tasks.o
                0x00004da4                vTaskSuspend
 .text.vTaskStartScheduler
                0x00004e70       0x7c ./freertos/freertos_kernel/tasks.o
                0x00004e70                vTaskStartScheduler
 .text.vTaskSuspendAll
                0x00004eec       0x1c ./freertos/freertos_kernel/tasks.o
                0x00004eec                vTaskSuspendAll
 .text.xTaskResumeAll
                0x00004f08      0x11c ./freertos/freertos_kernel/tasks.o
                0x00004f08                xTaskResumeAll
 .text.xTaskGetTickCount
                0x00005024       0x20 ./freertos/freertos_kernel/tasks.o
                0x00005024                xTaskGetTickCount
 .text.xTaskIncrementTick
                0x00005044      0x144 ./freertos/freertos_kernel/tasks.o
                0x00005044                xTaskIncrementTick
 .text.vTaskSwitchContext
                0x00005188       0xa8 ./freertos/freertos_kernel/tasks.o
                0x00005188                vTaskSwitchContext
 .text.vTaskPlaceOnEventList
                0x00005230       0x38 ./freertos/freertos_kernel/tasks.o
                0x00005230                vTaskPlaceOnEventList
 .text.vTaskPlaceOnUnorderedEventList
                0x00005268       0x58 ./freertos/freertos_kernel/tasks.o
                0x00005268                vTaskPlaceOnUnorderedEventList
 .text.vTaskPlaceOnEventListRestricted
                0x000052c0       0x48 ./freertos/freertos_kernel/tasks.o
                0x000052c0                vTaskPlaceOnEventListRestricted
 .text.xTaskRemoveFromEventList
                0x00005308       0xb8 ./freertos/freertos_kernel/tasks.o
                0x00005308                xTaskRemoveFromEventList
 .text.vTaskRemoveFromUnorderedEventList
                0x000053c0       0xa4 ./freertos/freertos_kernel/tasks.o
                0x000053c0                vTaskRemoveFromUnorderedEventList
 .text.vTaskInternalSetTimeOutState
                0x00005464       0x2c ./freertos/freertos_kernel/tasks.o
                0x00005464                vTaskInternalSetTimeOutState
 .text.xTaskCheckForTimeOut
                0x00005490       0xa4 ./freertos/freertos_kernel/tasks.o
                0x00005490                xTaskCheckForTimeOut
 .text.vTaskMissedYield
                0x00005534       0x18 ./freertos/freertos_kernel/tasks.o
                0x00005534                vTaskMissedYield
 .text.prvIdleTask
                0x0000554c       0x20 ./freertos/freertos_kernel/tasks.o
 .text.prvInitialiseTaskLists
                0x0000556c       0x80 ./freertos/freertos_kernel/tasks.o
 .text.prvCheckTasksWaitingTermination
                0x000055ec       0x5c ./freertos/freertos_kernel/tasks.o
 .text.prvResetNextTaskUnblockTime
                0x00005648       0x40 ./freertos/freertos_kernel/tasks.o
 .text.xTaskGetSchedulerState
                0x00005688       0x3c ./freertos/freertos_kernel/tasks.o
                0x00005688                xTaskGetSchedulerState
 .text.xTaskPriorityInherit
                0x000056c4       0xd0 ./freertos/freertos_kernel/tasks.o
                0x000056c4                xTaskPriorityInherit
 .text.xTaskPriorityDisinherit
                0x00005794       0xbc ./freertos/freertos_kernel/tasks.o
                0x00005794                xTaskPriorityDisinherit
 .text.vTaskPriorityDisinheritAfterTimeout
                0x00005850       0xe4 ./freertos/freertos_kernel/tasks.o
                0x00005850                vTaskPriorityDisinheritAfterTimeout
 .text.uxTaskResetEventItemValue
                0x00005934       0x30 ./freertos/freertos_kernel/tasks.o
                0x00005934                uxTaskResetEventItemValue
 .text.pvTaskIncrementMutexHeldCount
                0x00005964       0x28 ./freertos/freertos_kernel/tasks.o
                0x00005964                pvTaskIncrementMutexHeldCount
 .text.prvAddCurrentTaskToDelayedList
                0x0000598c       0xa8 ./freertos/freertos_kernel/tasks.o
 .text.xTimerCreateTimerTask
                0x00005a34       0x54 ./freertos/freertos_kernel/timers.o
                0x00005a34                xTimerCreateTimerTask
 .text.xTimerGenericCommand
                0x00005a88       0x8c ./freertos/freertos_kernel/timers.o
                0x00005a88                xTimerGenericCommand
 .text.prvProcessExpiredTimer
                0x00005b14       0x88 ./freertos/freertos_kernel/timers.o
 .text.prvProcessTimerOrBlockTask
                0x00005b9c       0x8c ./freertos/freertos_kernel/timers.o
 .text.prvGetNextExpireTime
                0x00005c28       0x48 ./freertos/freertos_kernel/timers.o
 .text.prvSampleTimeNow
                0x00005c70       0x40 ./freertos/freertos_kernel/timers.o
 .text.prvInsertTimerInActiveList
                0x00005cb0       0x84 ./freertos/freertos_kernel/timers.o
 .text.prvProcessReceivedCommands
                0x00005d34      0x194 ./freertos/freertos_kernel/timers.o
 .text.prvSwitchTimerLists
                0x00005ec8       0xb8 ./freertos/freertos_kernel/timers.o
 .text.prvCheckForValidListAndQueue
                0x00005f80       0x6c ./freertos/freertos_kernel/timers.o
 .text.xTimerPendFunctionCallFromISR
                0x00005fec       0x40 ./freertos/freertos_kernel/timers.o
                0x00005fec                xTimerPendFunctionCallFromISR
 .text.sd_disk_write
                0x0000602c       0x40 ./fatfs/source/fsl_sd_disk/fsl_sd_disk.o
                0x0000602c                sd_disk_write
 .text.sd_disk_read
                0x0000606c       0x40 ./fatfs/source/fsl_sd_disk/fsl_sd_disk.o
                0x0000606c                sd_disk_read
 .text.sd_disk_ioctl
                0x000060ac       0xa4 ./fatfs/source/fsl_sd_disk/fsl_sd_disk.o
                0x000060ac                sd_disk_ioctl
 .text.sd_disk_initialize
                0x00006150       0x68 ./fatfs/source/fsl_sd_disk/fsl_sd_disk.o
                0x00006150                sd_disk_initialize
 .text.sync_fs  0x000061b8       0xdc ./fatfs/source/ff.o
 .text.cmp_lfn  0x00006294       0xdc ./fatfs/source/ff.o
 .text.put_lfn  0x00006370       0xd0 ./fatfs/source/ff.o
 .text.dir_register
                0x00006440      0x1f0 ./fatfs/source/ff.o
 .text.create_name
                0x00006630      0x434 ./fatfs/source/ff.o
 .text.get_ldnumber
                0x00006a64       0x90 ./fatfs/source/ff.o
 .text.check_fs
                0x00006af4      0x118 ./fatfs/source/ff.o
 .text.mount_volume
                0x00006c0c      0x40c ./fatfs/source/ff.o
 .text.f_mount  0x00007018       0x80 ./fatfs/source/ff.o
                0x00007018                f_mount
 .text.f_open   0x00007098      0x304 ./fatfs/source/ff.o
                0x00007098                f_open
 .text.f_sync   0x0000739c      0x100 ./fatfs/source/ff.o
                0x0000739c                f_sync
 .text.f_chdrive
                0x0000749c       0x34 ./fatfs/source/ff.o
                0x0000749c                f_chdrive
 .text.create_partition
                0x000074d0      0x248 ./fatfs/source/ff.o
 .text.f_mkfs   0x00007718      0x858 ./fatfs/source/ff.o
                0x00007718                f_mkfs
 .text.ff_uni2oem
                0x00007f70       0xb8 ./fatfs/source/ffunicode.o
                0x00007f70                ff_uni2oem
 .text.ff_oem2uni
                0x00008028       0xb0 ./fatfs/source/ffunicode.o
                0x00008028                ff_oem2uni
 .text.ff_wtoupper
                0x000080d8      0x124 ./fatfs/source/ffunicode.o
                0x000080d8                ff_wtoupper
 .text.POWER_EnablePD
                0x000081fc       0x20 ./drivers/fsl_clock.o
 .text.POWER_DisablePD
                0x0000821c       0x20 ./drivers/fsl_clock.o
 .text.CLOCK_AttachClk
                0x0000823c       0x98 ./drivers/fsl_clock.o
                0x0000823c                CLOCK_AttachClk
 .text.CLOCK_SetClkDiv
                0x000082d4       0x5c ./drivers/fsl_clock.o
                0x000082d4                CLOCK_SetClkDiv
 .text.CLOCK_SetupFROClocking
                0x00008330       0x80 ./drivers/fsl_clock.o
                0x00008330                CLOCK_SetupFROClocking
 .text.CLOCK_SetFLASHAccessCyclesForFreq
                0x000083b0      0x148 ./drivers/fsl_clock.o
                0x000083b0                CLOCK_SetFLASHAccessCyclesForFreq
 .text.CLOCK_SetupExtClocking
                0x000084f8       0x50 ./drivers/fsl_clock.o
                0x000084f8                CLOCK_SetupExtClocking
 .text.CLOCK_GetSdioClkFreq
                0x00008548       0x98 ./drivers/fsl_clock.o
                0x00008548                CLOCK_GetSdioClkFreq
 .text.CLOCK_GetFro12MFreq
                0x000085e0       0x28 ./drivers/fsl_clock.o
                0x000085e0                CLOCK_GetFro12MFreq
 .text.CLOCK_GetFro1MFreq
                0x00008608       0x28 ./drivers/fsl_clock.o
                0x00008608                CLOCK_GetFro1MFreq
 .text.CLOCK_GetExtClkFreq
                0x00008630       0x2c ./drivers/fsl_clock.o
                0x00008630                CLOCK_GetExtClkFreq
 .text.CLOCK_GetFroHfFreq
                0x0000865c       0x28 ./drivers/fsl_clock.o
                0x0000865c                CLOCK_GetFroHfFreq
 .text.CLOCK_GetPll0OutFreq
                0x00008684       0x18 ./drivers/fsl_clock.o
                0x00008684                CLOCK_GetPll0OutFreq
 .text.CLOCK_GetPll1OutFreq
                0x0000869c       0x18 ./drivers/fsl_clock.o
                0x0000869c                CLOCK_GetPll1OutFreq
 .text.CLOCK_GetOsc32KFreq
                0x000086b4       0x58 ./drivers/fsl_clock.o
                0x000086b4                CLOCK_GetOsc32KFreq
 .text.CLOCK_GetCoreSysClkFreq
                0x0000870c       0xa8 ./drivers/fsl_clock.o
                0x0000870c                CLOCK_GetCoreSysClkFreq
 .text.CLOCK_GetPLL0InClockRate
                0x000087b4       0x64 ./drivers/fsl_clock.o
                0x000087b4                CLOCK_GetPLL0InClockRate
 .text.CLOCK_SetPLL0Freq
                0x00008818      0x12c ./drivers/fsl_clock.o
                0x00008818                CLOCK_SetPLL0Freq
 .text.SDK_DelayAtLeastUs
                0x00008944       0xa4 ./drivers/fsl_common.o
                0x00008944                SDK_DelayAtLeastUs
 .text.FLEXCOMM0_DriverIRQHandler
                0x000089e8       0x44 ./drivers/fsl_flexcomm.o
                0x000089e8                FLEXCOMM0_DriverIRQHandler
 .text.FLEXCOMM1_DriverIRQHandler
                0x00008a2c       0x44 ./drivers/fsl_flexcomm.o
                0x00008a2c                FLEXCOMM1_DriverIRQHandler
 .text.FLEXCOMM2_DriverIRQHandler
                0x00008a70       0x44 ./drivers/fsl_flexcomm.o
                0x00008a70                FLEXCOMM2_DriverIRQHandler
 .text.FLEXCOMM3_DriverIRQHandler
                0x00008ab4       0x44 ./drivers/fsl_flexcomm.o
                0x00008ab4                FLEXCOMM3_DriverIRQHandler
 .text.FLEXCOMM4_DriverIRQHandler
                0x00008af8       0x44 ./drivers/fsl_flexcomm.o
                0x00008af8                FLEXCOMM4_DriverIRQHandler
 .text.FLEXCOMM5_DriverIRQHandler
                0x00008b3c       0x44 ./drivers/fsl_flexcomm.o
                0x00008b3c                FLEXCOMM5_DriverIRQHandler
 .text.FLEXCOMM6_DriverIRQHandler
                0x00008b80       0x44 ./drivers/fsl_flexcomm.o
                0x00008b80                FLEXCOMM6_DriverIRQHandler
 .text.FLEXCOMM7_DriverIRQHandler
                0x00008bc4       0x44 ./drivers/fsl_flexcomm.o
                0x00008bc4                FLEXCOMM7_DriverIRQHandler
 .text.FLEXCOMM8_DriverIRQHandler
                0x00008c08       0x44 ./drivers/fsl_flexcomm.o
                0x00008c08                FLEXCOMM8_DriverIRQHandler
 .text.RESET_SetPeripheralReset
                0x00008c4c       0x6c ./drivers/fsl_reset.o
                0x00008c4c                RESET_SetPeripheralReset
 .text.RESET_ClearPeripheralReset
                0x00008cb8       0x6c ./drivers/fsl_reset.o
                0x00008cb8                RESET_ClearPeripheralReset
 .text.__NVIC_EnableIRQ
                0x00008d24       0x3c ./drivers/fsl_sdif.o
 .text.SDIF_GetInstance
                0x00008d60       0x50 ./drivers/fsl_sdif.o
 .text.SDIF_TransferConfig
                0x00008db0      0x1a4 ./drivers/fsl_sdif.o
 .text.SDIF_SendCommand
                0x00008f54       0x68 ./drivers/fsl_sdif.o
                0x00008f54                SDIF_SendCommand
 .text.SDIF_ConfigClockDelay
                0x00008fbc       0x6c ./drivers/fsl_sdif.o
                0x00008fbc                SDIF_ConfigClockDelay
 .text.SDIF_SetCardClock
                0x00009028       0xfc ./drivers/fsl_sdif.o
                0x00009028                SDIF_SetCardClock
 .text.SDIF_InternalDMAConfig
                0x00009124      0x2ac ./drivers/fsl_sdif.o
                0x00009124                SDIF_InternalDMAConfig
 .text.SDIF_Init
                0x000093d0       0x90 ./drivers/fsl_sdif.o
                0x000093d0                SDIF_Init
 .text.SDIF_TransferNonBlocking
                0x00009460       0xf0 ./drivers/fsl_sdif.o
                0x00009460                SDIF_TransferNonBlocking
 .text.SDIF_TransferCreateHandle
                0x00009550       0xc8 ./drivers/fsl_sdif.o
                0x00009550                SDIF_TransferCreateHandle
 .text.SDIF_TransferHandleCommand
                0x00009618       0xc4 ./drivers/fsl_sdif.o
 .text.SDIF_TransferHandleData
                0x000096dc      0x168 ./drivers/fsl_sdif.o
 .text.SDIF_TransferHandleIRQ
                0x00009844       0xb8 ./drivers/fsl_sdif.o
 .text.SDIO_DriverIRQHandler
                0x000098fc       0x44 ./drivers/fsl_sdif.o
                0x000098fc                SDIO_DriverIRQHandler
 .text.SystemInit
                0x00009940       0x64 ./device/system_LPC55S28.o
                0x00009940                SystemInit
 .text.OSA_TimeDelay
                0x000099a4       0x30 ./component/osa/fsl_os_abstraction_free_rtos.o
                0x000099a4                OSA_TimeDelay
 .text.OSA_EventCreate
                0x000099d4       0x58 ./component/osa/fsl_os_abstraction_free_rtos.o
                0x000099d4                OSA_EventCreate
 .text.OSA_EventSet
                0x00009a2c       0xa0 ./component/osa/fsl_os_abstraction_free_rtos.o
                0x00009a2c                OSA_EventSet
 .text.OSA_EventClear
                0x00009acc       0x6c ./component/osa/fsl_os_abstraction_free_rtos.o
                0x00009acc                OSA_EventClear
 .text.OSA_EventWait
                0x00009b38       0xb0 ./component/osa/fsl_os_abstraction_free_rtos.o
                0x00009b38                OSA_EventWait
 .text.cJSON_GetErrorPtr
                0x00009be8       0x1c ./cJSON/cJSON.o
                0x00009be8                cJSON_GetErrorPtr
 .text.case_insensitive_strcmp
                0x00009c04       0xd8 ./cJSON/cJSON.o
 .text.cJSON_Delete
                0x00009cdc       0x94 ./cJSON/cJSON.o
                0x00009cdc                cJSON_Delete
 .text.compare_double
                0x00009d70       0xb4 ./cJSON/cJSON.o
 .text.print_number
                0x00009e24      0x1ac ./cJSON/cJSON.o
 .text.utf16_literal_to_utf8
                0x00009fd0      0x1d0 ./cJSON/cJSON.o
 .text.parse_string
                0x0000a1a0      0x28c ./cJSON/cJSON.o
 .text.print_string_ptr
                0x0000a42c      0x25c ./cJSON/cJSON.o
 .text.skip_utf8_bom
                0x0000a688       0x68 ./cJSON/cJSON.o
 .text.cJSON_ParseWithLengthOpts
                0x0000a6f0      0x134 ./cJSON/cJSON.o
                0x0000a6f0                cJSON_ParseWithLengthOpts
 .text.print    0x0000a824      0x108 ./cJSON/cJSON.o
 .text.cJSON_Print
                0x0000a92c       0x20 ./cJSON/cJSON.o
                0x0000a92c                cJSON_Print
 .text.parse_value
                0x0000a94c      0x1d8 ./cJSON/cJSON.o
 .text.print_value
                0x0000ab24      0x1bc ./cJSON/cJSON.o
 .text.cJSON_AddItemToObject
                0x0000ace0       0x2c ./cJSON/cJSON.o
                0x0000ace0                cJSON_AddItemToObject
 .text.cJSON_AddNumberToObject
                0x0000ad0c       0x48 ./cJSON/cJSON.o
                0x0000ad0c                cJSON_AddNumberToObject
 .text.cJSON_AddStringToObject
                0x0000ad54       0x44 ./cJSON/cJSON.o
                0x0000ad54                cJSON_AddStringToObject
 .text.cJSON_CreateString
                0x0000ad98       0x4c ./cJSON/cJSON.o
                0x0000ad98                cJSON_CreateString
 .text.cJSON_CreateObject
                0x0000ade4       0x28 ./cJSON/cJSON.o
                0x0000ade4                cJSON_CreateObject
 .text.BOARD_InitDebugConsole
                0x0000ae0c       0x38 ./board/board.o
                0x0000ae0c                BOARD_InitDebugConsole
 .text.POWER_DisablePD
                0x0000ae44       0x20 ./board/clock_config.o
 .text.BOARD_BootClockPLL150M
                0x0000ae64      0x130 ./board/clock_config.o
                0x0000ae64                BOARD_BootClockPLL150M
 .text.BOARD_InitPins
                0x0000af94      0x10c ./board/pin_mux.o
                0x0000af94                BOARD_InitPins
 .text.__NVIC_SetPriority
                0x0000b0a0       0x54 ./board/sdmmc_config.o
 .text.BOARD_SDIF0ClockConfiguration
                0x0000b0f4       0x38 ./board/sdmmc_config.o
                0x0000b0f4                BOARD_SDIF0ClockConfiguration
 .text.BOARD_SDCardDetectInit
                0x0000b12c       0x34 ./board/sdmmc_config.o
                0x0000b12c                BOARD_SDCardDetectInit
 .text.BOARD_SD_Config
                0x0000b160       0x8c ./board/sdmmc_config.o
                0x0000b160                BOARD_SD_Config
 .text.lowpower_set_system_voltage
                0x0000b1ec       0xa0 C:\Users\rapicano\Documents\MCUXpressoProjects\FreeRTOS_cJson_test\libs\libpower_hardabi.a(fsl_power_lib.o)
 .text.lowpower_set_voltage_for_process
                0x0000b28c       0x84 C:\Users\rapicano\Documents\MCUXpressoProjects\FreeRTOS_cJson_test\libs\libpower_hardabi.a(fsl_power_lib.o)
 .text.POWER_SetVoltageForFreq
                0x0000b310       0x84 C:\Users\rapicano\Documents\MCUXpressoProjects\FreeRTOS_cJson_test\libs\libpower_hardabi.a(fsl_power_lib.o)
                0x0000b310                POWER_SetVoltageForFreq
 .text          0x0000b394      0x378 c:/nxp/mcuxpressoide_11.2.1_4149/ide/plugins/com.nxp.mcuxpresso.tools.win32_11.2.0.202008311134/tools/bin/../lib/gcc/arm-none-eabi/9.2.1/thumb/v8-m.main+fp/hard\libgcc.a(_arm_addsubdf3.o)
                0x0000b394                __aeabi_drsub
                0x0000b39c                __aeabi_dsub
                0x0000b39c                __subdf3
                0x0000b3a0                __aeabi_dadd
                0x0000b3a0                __adddf3
                0x0000b618                __floatunsidf
                0x0000b618                __aeabi_ui2d
                0x0000b638                __floatsidf
                0x0000b638                __aeabi_i2d
                0x0000b65c                __aeabi_f2d
                0x0000b65c                __extendsfdf2
                0x0000b6a0                __floatundidf
                0x0000b6a0                __aeabi_ul2d
                0x0000b6b0                __floatdidf
                0x0000b6b0                __aeabi_l2d
 .text          0x0000b70c      0x424 c:/nxp/mcuxpressoide_11.2.1_4149/ide/plugins/com.nxp.mcuxpresso.tools.win32_11.2.0.202008311134/tools/bin/../lib/gcc/arm-none-eabi/9.2.1/thumb/v8-m.main+fp/hard\libgcc.a(_arm_muldivdf3.o)
                0x0000b70c                __aeabi_dmul
                0x0000b70c                __muldf3
                0x0000b960                __divdf3
                0x0000b960                __aeabi_ddiv
 .text          0x0000bb30      0x110 c:/nxp/mcuxpressoide_11.2.1_4149/ide/plugins/com.nxp.mcuxpresso.tools.win32_11.2.0.202008311134/tools/bin/../lib/gcc/arm-none-eabi/9.2.1/thumb/v8-m.main+fp/hard\libgcc.a(_arm_cmpdf2.o)
                0x0000bb30                __gtdf2
                0x0000bb30                __gedf2
                0x0000bb38                __ltdf2
                0x0000bb38                __ledf2
                0x0000bb40                __nedf2
                0x0000bb40                __eqdf2
                0x0000bb40                __cmpdf2
                0x0000bbbc                __aeabi_cdrcmple
                0x0000bbcc                __aeabi_cdcmpeq
                0x0000bbcc                __aeabi_cdcmple
                0x0000bbdc                __aeabi_dcmpeq
                0x0000bbf0                __aeabi_dcmplt
                0x0000bc04                __aeabi_dcmple
                0x0000bc18                __aeabi_dcmpge
                0x0000bc2c                __aeabi_dcmpgt
 .text          0x0000bc40       0x2c c:/nxp/mcuxpressoide_11.2.1_4149/ide/plugins/com.nxp.mcuxpresso.tools.win32_11.2.0.202008311134/tools/bin/../lib/gcc/arm-none-eabi/9.2.1/thumb/v8-m.main+fp/hard\libgcc.a(_arm_unorddf2.o)
                0x0000bc40                __unorddf2
                0x0000bc40                __aeabi_dcmpun
 .text          0x0000bc6c       0x50 c:/nxp/mcuxpressoide_11.2.1_4149/ide/plugins/com.nxp.mcuxpresso.tools.win32_11.2.0.202008311134/tools/bin/../lib/gcc/arm-none-eabi/9.2.1/thumb/v8-m.main+fp/hard\libgcc.a(_arm_fixdfsi.o)
                0x0000bc6c                __aeabi_d2iz
                0x0000bc6c                __fixdfsi
 .text          0x0000bcbc       0xa0 c:/nxp/mcuxpressoide_11.2.1_4149/ide/plugins/com.nxp.mcuxpresso.tools.win32_11.2.0.202008311134/tools/bin/../lib/gcc/arm-none-eabi/9.2.1/thumb/v8-m.main+fp/hard\libgcc.a(_arm_truncdfsf2.o)
                0x0000bcbc                __truncdfsf2
                0x0000bcbc                __aeabi_d2f
 .text          0x0000bd5c       0x30 c:/nxp/mcuxpressoide_11.2.1_4149/ide/plugins/com.nxp.mcuxpresso.tools.win32_11.2.0.202008311134/tools/bin/../lib/gcc/arm-none-eabi/9.2.1/thumb/v8-m.main+fp/hard\libgcc.a(_aeabi_uldivmod.o)
                0x0000bd5c                __aeabi_uldivmod
 .text          0x0000bd8c       0x30 c:/nxp/mcuxpressoide_11.2.1_4149/ide/plugins/com.nxp.mcuxpresso.tools.win32_11.2.0.202008311134/tools/bin/../lib/gcc/arm-none-eabi/9.2.1/thumb/v8-m.main+fp/hard\libgcc.a(_fixdfdi.o)
                0x0000bd8c                __fixdfdi
                0x0000bd8c                __aeabi_d2lz
 .text          0x0000bdbc       0x3c c:/nxp/mcuxpressoide_11.2.1_4149/ide/plugins/com.nxp.mcuxpresso.tools.win32_11.2.0.202008311134/tools/bin/../lib/gcc/arm-none-eabi/9.2.1/thumb/v8-m.main+fp/hard\libgcc.a(_fixunsdfdi.o)
                0x0000bdbc                __fixunsdfdi
                0x0000bdbc                __aeabi_d2ulz
 .text          0x0000bdf8      0x2c0 c:/nxp/mcuxpressoide_11.2.1_4149/ide/plugins/com.nxp.mcuxpresso.tools.win32_11.2.0.202008311134/tools/bin/../lib/gcc/arm-none-eabi/9.2.1/thumb/v8-m.main+fp/hard\libgcc.a(_udivmoddi4.o)
                0x0000bdf8                __udivmoddi4
 .text          0x0000c0b8        0x4 c:/nxp/mcuxpressoide_11.2.1_4149/ide/plugins/com.nxp.mcuxpresso.tools.win32_11.2.0.202008311134/tools/bin/../lib/gcc/arm-none-eabi/9.2.1/thumb/v8-m.main+fp/hard\libgcc.a(_dvmd_tls.o)
                0x0000c0b8                __aeabi_idiv0
                0x0000c0b8                __aeabi_ldiv0
 .text          0x0000c0bc       0x40 c:/nxp/mcuxpressoide_11.2.1_4149/ide/plugins/com.nxp.mcuxpresso.tools.win32_11.2.0.202008311134/tools/bin/../lib/gcc/arm-none-eabi/9.2.1/thumb/v8-m.main+fp/hard\libgcc.a(_arm_fixunsdfsi.o)
                0x0000c0bc                __aeabi_d2uiz
                0x0000c0bc                __fixunsdfsi
 .text.calloc   0x0000c0fc       0x10 c:/nxp/mcuxpressoide_11.2.1_4149/ide/plugins/com.nxp.mcuxpresso.tools.win32_11.2.0.202008311134/tools/bin/../lib/gcc/arm-none-eabi/9.2.1/../../../../arm-none-eabi/lib/thumb/v8-m.main+fp/hard\libc_nano.a(lib_a-calloc.o)
                0x0000c0fc                calloc
 .text.malloc   0x0000c10c       0x10 c:/nxp/mcuxpressoide_11.2.1_4149/ide/plugins/com.nxp.mcuxpresso.tools.win32_11.2.0.202008311134/tools/bin/../lib/gcc/arm-none-eabi/9.2.1/../../../../arm-none-eabi/lib/thumb/v8-m.main+fp/hard\libc_nano.a(lib_a-malloc.o)
                0x0000c10c                malloc
 .text.free     0x0000c11c       0x10 c:/nxp/mcuxpressoide_11.2.1_4149/ide/plugins/com.nxp.mcuxpresso.tools.win32_11.2.0.202008311134/tools/bin/../lib/gcc/arm-none-eabi/9.2.1/../../../../arm-none-eabi/lib/thumb/v8-m.main+fp/hard\libc_nano.a(lib_a-malloc.o)
                0x0000c11c                free
 .text._free_r  0x0000c12c       0xa0 c:/nxp/mcuxpressoide_11.2.1_4149/ide/plugins/com.nxp.mcuxpresso.tools.win32_11.2.0.202008311134/tools/bin/../lib/gcc/arm-none-eabi/9.2.1/../../../../arm-none-eabi/lib/thumb/v8-m.main+fp/hard\libc_nano.a(lib_a-nano-freer.o)
                0x0000c12c                _free_r
 .text._malloc_r
                0x0000c1cc       0xb4 c:/nxp/mcuxpressoide_11.2.1_4149/ide/plugins/com.nxp.mcuxpresso.tools.win32_11.2.0.202008311134/tools/bin/../lib/gcc/arm-none-eabi/9.2.1/../../../../arm-none-eabi/lib/thumb/v8-m.main+fp/hard\libc_nano.a(lib_a-nano-mallocr.o)
                0x0000c1cc                _malloc_r
 .text._printf_float
                0x0000c280      0x46c c:/nxp/mcuxpressoide_11.2.1_4149/ide/plugins/com.nxp.mcuxpresso.tools.win32_11.2.0.202008311134/tools/bin/../lib/gcc/arm-none-eabi/9.2.1/../../../../arm-none-eabi/lib/thumb/v8-m.main+fp/hard\libc_nano.a(lib_a-nano-vfprintf_float.o)
                0x0000c280                _printf_float
 .text._printf_i
                0x0000c6ec      0x24c c:/nxp/mcuxpressoide_11.2.1_4149/ide/plugins/com.nxp.mcuxpresso.tools.win32_11.2.0.202008311134/tools/bin/../lib/gcc/arm-none-eabi/9.2.1/../../../../arm-none-eabi/lib/thumb/v8-m.main+fp/hard\libc_nano.a(lib_a-nano-vfprintf_i.o)
                0x0000c6ec                _printf_i
 .text._scanf_float
                0x0000c938      0x420 c:/nxp/mcuxpressoide_11.2.1_4149/ide/plugins/com.nxp.mcuxpresso.tools.win32_11.2.0.202008311134/tools/bin/../lib/gcc/arm-none-eabi/9.2.1/../../../../arm-none-eabi/lib/thumb/v8-m.main+fp/hard\libc_nano.a(lib_a-nano-vfscanf_float.o)
                0x0000c938                _scanf_float
 .text.printf   0x0000cd58       0x30 c:/nxp/mcuxpressoide_11.2.1_4149/ide/plugins/com.nxp.mcuxpresso.tools.win32_11.2.0.202008311134/tools/bin/../lib/gcc/arm-none-eabi/9.2.1/../../../../arm-none-eabi/lib/thumb/v8-m.main+fp/hard\libc_nano.a(lib_a-printf.o)
                0x0000cd58                iprintf
                0x0000cd58                printf
 .text.realloc  0x0000cd88       0x10 c:/nxp/mcuxpressoide_11.2.1_4149/ide/plugins/com.nxp.mcuxpresso.tools.win32_11.2.0.202008311134/tools/bin/../lib/gcc/arm-none-eabi/9.2.1/../../../../arm-none-eabi/lib/thumb/v8-m.main+fp/hard\libc_nano.a(lib_a-realloc.o)
                0x0000cd88                realloc
 .text._sbrk_r  0x0000cd98       0x20 c:/nxp/mcuxpressoide_11.2.1_4149/ide/plugins/com.nxp.mcuxpresso.tools.win32_11.2.0.202008311134/tools/bin/../lib/gcc/arm-none-eabi/9.2.1/../../../../arm-none-eabi/lib/thumb/v8-m.main+fp/hard\libc_nano.a(lib_a-sbrkr.o)
                0x0000cd98                _sbrk_r
 .text.nanf     0x0000cdb8        0xc c:/nxp/mcuxpressoide_11.2.1_4149/ide/plugins/com.nxp.mcuxpresso.tools.win32_11.2.0.202008311134/tools/bin/../lib/gcc/arm-none-eabi/9.2.1/../../../../arm-none-eabi/lib/thumb/v8-m.main+fp/hard\libc_nano.a(lib_a-sf_nan.o)
                0x0000cdb8                nanf
 .text.sprintf  0x0000cdc4       0x40 c:/nxp/mcuxpressoide_11.2.1_4149/ide/plugins/com.nxp.mcuxpresso.tools.win32_11.2.0.202008311134/tools/bin/../lib/gcc/arm-none-eabi/9.2.1/../../../../arm-none-eabi/lib/thumb/v8-m.main+fp/hard\libc_nano.a(lib_a-sprintf.o)
                0x0000cdc4                siprintf
                0x0000cdc4                sprintf
 .text.sscanf   0x0000ce04       0x58 c:/nxp/mcuxpressoide_11.2.1_4149/ide/plugins/com.nxp.mcuxpresso.tools.win32_11.2.0.202008311134/tools/bin/../lib/gcc/arm-none-eabi/9.2.1/../../../../arm-none-eabi/lib/thumb/v8-m.main+fp/hard\libc_nano.a(lib_a-sscanf.o)
                0x0000ce04                siscanf
                0x0000ce04                sscanf
 .text._strtod_r
                0x0000ce5c        0xc c:/nxp/mcuxpressoide_11.2.1_4149/ide/plugins/com.nxp.mcuxpresso.tools.win32_11.2.0.202008311134/tools/bin/../lib/gcc/arm-none-eabi/9.2.1/../../../../arm-none-eabi/lib/thumb/v8-m.main+fp/hard\libc_nano.a(lib_a-strtod.o)
                0x0000ce5c                _strtod_r
 .text.strtod   0x0000ce68       0x18 c:/nxp/mcuxpressoide_11.2.1_4149/ide/plugins/com.nxp.mcuxpresso.tools.win32_11.2.0.202008311134/tools/bin/../lib/gcc/arm-none-eabi/9.2.1/../../../../arm-none-eabi/lib/thumb/v8-m.main+fp/hard\libc_nano.a(lib_a-strtod.o)
                0x0000ce68                strtod
 .text._strtol_l.isra.0
                0x0000ce80       0xf0 c:/nxp/mcuxpressoide_11.2.1_4149/ide/plugins/com.nxp.mcuxpresso.tools.win32_11.2.0.202008311134/tools/bin/../lib/gcc/arm-none-eabi/9.2.1/../../../../arm-none-eabi/lib/thumb/v8-m.main+fp/hard\libc_nano.a(lib_a-strtol.o)
 .text._strtoul_l.isra.0
                0x0000cf70       0xf4 c:/nxp/mcuxpressoide_11.2.1_4149/ide/plugins/com.nxp.mcuxpresso.tools.win32_11.2.0.202008311134/tools/bin/../lib/gcc/arm-none-eabi/9.2.1/../../../../arm-none-eabi/lib/thumb/v8-m.main+fp/hard\libc_nano.a(lib_a-strtoul.o)
 .text._write_r
                0x0000d064       0x24 c:/nxp/mcuxpressoide_11.2.1_4149/ide/plugins/com.nxp.mcuxpresso.tools.win32_11.2.0.202008311134/tools/bin/../lib/gcc/arm-none-eabi/9.2.1/../../../../arm-none-eabi/lib/thumb/v8-m.main+fp/hard\libc_nano.a(lib_a-writer.o)
                0x0000d064                _write_r
 .text._close_r
                0x0000d088       0x20 c:/nxp/mcuxpressoide_11.2.1_4149/ide/plugins/com.nxp.mcuxpresso.tools.win32_11.2.0.202008311134/tools/bin/../lib/gcc/arm-none-eabi/9.2.1/../../../../arm-none-eabi/lib/thumb/v8-m.main+fp/hard\libc_nano.a(lib_a-closer.o)
                0x0000d088                _close_r
 .text.std      0x0000d0a8       0x48 c:/nxp/mcuxpressoide_11.2.1_4149/ide/plugins/com.nxp.mcuxpresso.tools.win32_11.2.0.202008311134/tools/bin/../lib/gcc/arm-none-eabi/9.2.1/../../../../arm-none-eabi/lib/thumb/v8-m.main+fp/hard\libc_nano.a(lib_a-findfp.o)
 .text._cleanup_r
                0x0000d0f0        0xc c:/nxp/mcuxpressoide_11.2.1_4149/ide/plugins/com.nxp.mcuxpresso.tools.win32_11.2.0.202008311134/tools/bin/../lib/gcc/arm-none-eabi/9.2.1/../../../../arm-none-eabi/lib/thumb/v8-m.main+fp/hard\libc_nano.a(lib_a-findfp.o)
                0x0000d0f0                _cleanup_r
 .text.__sfp_lock_acquire
                0x0000d0fc        0xc c:/nxp/mcuxpressoide_11.2.1_4149/ide/plugins/com.nxp.mcuxpresso.tools.win32_11.2.0.202008311134/tools/bin/../lib/gcc/arm-none-eabi/9.2.1/../../../../arm-none-eabi/lib/thumb/v8-m.main+fp/hard\libc_nano.a(lib_a-findfp.o)
                0x0000d0fc                __sfp_lock_acquire
 .text.__sfp_lock_release
                0x0000d108        0xc c:/nxp/mcuxpressoide_11.2.1_4149/ide/plugins/com.nxp.mcuxpresso.tools.win32_11.2.0.202008311134/tools/bin/../lib/gcc/arm-none-eabi/9.2.1/../../../../arm-none-eabi/lib/thumb/v8-m.main+fp/hard\libc_nano.a(lib_a-findfp.o)
                0x0000d108                __sfp_lock_release
 .text.__sinit_lock_acquire
                0x0000d114        0xc c:/nxp/mcuxpressoide_11.2.1_4149/ide/plugins/com.nxp.mcuxpresso.tools.win32_11.2.0.202008311134/tools/bin/../lib/gcc/arm-none-eabi/9.2.1/../../../../arm-none-eabi/lib/thumb/v8-m.main+fp/hard\libc_nano.a(lib_a-findfp.o)
                0x0000d114                __sinit_lock_acquire
 .text.__sinit_lock_release
                0x0000d120        0xc c:/nxp/mcuxpressoide_11.2.1_4149/ide/plugins/com.nxp.mcuxpresso.tools.win32_11.2.0.202008311134/tools/bin/../lib/gcc/arm-none-eabi/9.2.1/../../../../arm-none-eabi/lib/thumb/v8-m.main+fp/hard\libc_nano.a(lib_a-findfp.o)
                0x0000d120                __sinit_lock_release
 .text.__sinit  0x0000d12c       0x70 c:/nxp/mcuxpressoide_11.2.1_4149/ide/plugins/com.nxp.mcuxpresso.tools.win32_11.2.0.202008311134/tools/bin/../lib/gcc/arm-none-eabi/9.2.1/../../../../arm-none-eabi/lib/thumb/v8-m.main+fp/hard\libc_nano.a(lib_a-findfp.o)
                0x0000d12c                __sinit
 .text.__sfp    0x0000d19c       0x8c c:/nxp/mcuxpressoide_11.2.1_4149/ide/plugins/com.nxp.mcuxpresso.tools.win32_11.2.0.202008311134/tools/bin/../lib/gcc/arm-none-eabi/9.2.1/../../../../arm-none-eabi/lib/thumb/v8-m.main+fp/hard\libc_nano.a(lib_a-findfp.o)
                0x0000d19c                __sfp
 .text.__gethex
                0x0000d228      0x468 c:/nxp/mcuxpressoide_11.2.1_4149/ide/plugins/com.nxp.mcuxpresso.tools.win32_11.2.0.202008311134/tools/bin/../lib/gcc/arm-none-eabi/9.2.1/../../../../arm-none-eabi/lib/thumb/v8-m.main+fp/hard\libc_nano.a(lib_a-gdtoa-gethex.o)
                0x0000d228                __gethex
 .text._localeconv_r
                0x0000d690        0x8 c:/nxp/mcuxpressoide_11.2.1_4149/ide/plugins/com.nxp.mcuxpresso.tools.win32_11.2.0.202008311134/tools/bin/../lib/gcc/arm-none-eabi/9.2.1/../../../../arm-none-eabi/lib/thumb/v8-m.main+fp/hard\libc_nano.a(lib_a-localeconv.o)
                0x0000d690                _localeconv_r
 .text._lseek_r
                0x0000d698       0x24 c:/nxp/mcuxpressoide_11.2.1_4149/ide/plugins/com.nxp.mcuxpresso.tools.win32_11.2.0.202008311134/tools/bin/../lib/gcc/arm-none-eabi/9.2.1/../../../../arm-none-eabi/lib/thumb/v8-m.main+fp/hard\libc_nano.a(lib_a-lseekr.o)
                0x0000d698                _lseek_r
 .text.__malloc_lock
                0x0000d6bc        0xc c:/nxp/mcuxpressoide_11.2.1_4149/ide/plugins/com.nxp.mcuxpresso.tools.win32_11.2.0.202008311134/tools/bin/../lib/gcc/arm-none-eabi/9.2.1/../../../../arm-none-eabi/lib/thumb/v8-m.main+fp/hard\libc_nano.a(lib_a-mlock.o)
                0x0000d6bc                __malloc_lock
 .text.__malloc_unlock
                0x0000d6c8        0xc c:/nxp/mcuxpressoide_11.2.1_4149/ide/plugins/com.nxp.mcuxpresso.tools.win32_11.2.0.202008311134/tools/bin/../lib/gcc/arm-none-eabi/9.2.1/../../../../arm-none-eabi/lib/thumb/v8-m.main+fp/hard\libc_nano.a(lib_a-mlock.o)
                0x0000d6c8                __malloc_unlock
 .text.__pow5mult
                0x0000d6d4       0x9c c:/nxp/mcuxpressoide_11.2.1_4149/ide/plugins/com.nxp.mcuxpresso.tools.win32_11.2.0.202008311134/tools/bin/../lib/gcc/arm-none-eabi/9.2.1/../../../../arm-none-eabi/lib/thumb/v8-m.main+fp/hard\libc_nano.a(lib_a-mprec.o)
                0x0000d6d4                __pow5mult
 .text.__ulp    0x0000d770       0x54 c:/nxp/mcuxpressoide_11.2.1_4149/ide/plugins/com.nxp.mcuxpresso.tools.win32_11.2.0.202008311134/tools/bin/../lib/gcc/arm-none-eabi/9.2.1/../../../../arm-none-eabi/lib/thumb/v8-m.main+fp/hard\libc_nano.a(lib_a-mprec.o)
                0x0000d770                __ulp
 .text.__b2d    0x0000d7c4       0xa0 c:/nxp/mcuxpressoide_11.2.1_4149/ide/plugins/com.nxp.mcuxpresso.tools.win32_11.2.0.202008311134/tools/bin/../lib/gcc/arm-none-eabi/9.2.1/../../../../arm-none-eabi/lib/thumb/v8-m.main+fp/hard\libc_nano.a(lib_a-mprec.o)
                0x0000d7c4                __b2d
 .text._svfprintf_r
                0x0000d864      0x200 c:/nxp/mcuxpressoide_11.2.1_4149/ide/plugins/com.nxp.mcuxpresso.tools.win32_11.2.0.202008311134/tools/bin/../lib/gcc/arm-none-eabi/9.2.1/../../../../arm-none-eabi/lib/thumb/v8-m.main+fp/hard\libc_nano.a(lib_a-nano-svfprintf.o)
                0x0000d864                _svfiprintf_r
                0x0000d864                _svfprintf_r
 .text.__ssvfscanf_r
                0x0000da64      0x2f8 c:/nxp/mcuxpressoide_11.2.1_4149/ide/plugins/com.nxp.mcuxpresso.tools.win32_11.2.0.202008311134/tools/bin/../lib/gcc/arm-none-eabi/9.2.1/../../../../arm-none-eabi/lib/thumb/v8-m.main+fp/hard\libc_nano.a(lib_a-nano-svfscanf.o)
                0x0000da64                __ssvfiscanf_r
                0x0000da64                __ssvfscanf_r
 .text._vfprintf_r
                0x0000dd5c      0x260 c:/nxp/mcuxpressoide_11.2.1_4149/ide/plugins/com.nxp.mcuxpresso.tools.win32_11.2.0.202008311134/tools/bin/../lib/gcc/arm-none-eabi/9.2.1/../../../../arm-none-eabi/lib/thumb/v8-m.main+fp/hard\libc_nano.a(lib_a-nano-vfprintf.o)
                0x0000dd5c                _vfprintf_r
                0x0000dd5c                _vfiprintf_r
 .text._scanf_chars
                0x0000dfbc       0xb0 c:/nxp/mcuxpressoide_11.2.1_4149/ide/plugins/com.nxp.mcuxpresso.tools.win32_11.2.0.202008311134/tools/bin/../lib/gcc/arm-none-eabi/9.2.1/../../../../arm-none-eabi/lib/thumb/v8-m.main+fp/hard\libc_nano.a(lib_a-nano-vfscanf_i.o)
                0x0000dfbc                _scanf_chars
 .text._scanf_i
                0x0000e06c      0x1e4 c:/nxp/mcuxpressoide_11.2.1_4149/ide/plugins/com.nxp.mcuxpresso.tools.win32_11.2.0.202008311134/tools/bin/../lib/gcc/arm-none-eabi/9.2.1/../../../../arm-none-eabi/lib/thumb/v8-m.main+fp/hard\libc_nano.a(lib_a-nano-vfscanf_i.o)
                0x0000e06c                _scanf_i
 .text._read_r  0x0000e250       0x24 c:/nxp/mcuxpressoide_11.2.1_4149/ide/plugins/com.nxp.mcuxpresso.tools.win32_11.2.0.202008311134/tools/bin/../lib/gcc/arm-none-eabi/9.2.1/../../../../arm-none-eabi/lib/thumb/v8-m.main+fp/hard\libc_nano.a(lib_a-readr.o)
                0x0000e250                _read_r
 .text.__swbuf_r
                0x0000e274       0xa4 c:/nxp/mcuxpressoide_11.2.1_4149/ide/plugins/com.nxp.mcuxpresso.tools.win32_11.2.0.202008311134/tools/bin/../lib/gcc/arm-none-eabi/9.2.1/../../../../arm-none-eabi/lib/thumb/v8-m.main+fp/hard\libc_nano.a(lib_a-wbuf.o)
                0x0000e274                __swbuf_r
 .text.__swsetup_r
                0x0000e318       0xdc c:/nxp/mcuxpressoide_11.2.1_4149/ide/plugins/com.nxp.mcuxpresso.tools.win32_11.2.0.202008311134/tools/bin/../lib/gcc/arm-none-eabi/9.2.1/../../../../arm-none-eabi/lib/thumb/v8-m.main+fp/hard\libc_nano.a(lib_a-wsetup.o)
                0x0000e318                __swsetup_r
 .text.__sflush_r
                0x0000e3f4      0x108 c:/nxp/mcuxpressoide_11.2.1_4149/ide/plugins/com.nxp.mcuxpresso.tools.win32_11.2.0.202008311134/tools/bin/../lib/gcc/arm-none-eabi/9.2.1/../../../../arm-none-eabi/lib/thumb/v8-m.main+fp/hard\libc_nano.a(lib_a-fflush.o)
                0x0000e3f4                __sflush_r
 .text._fflush_r
                0x0000e4fc       0x78 c:/nxp/mcuxpressoide_11.2.1_4149/ide/plugins/com.nxp.mcuxpresso.tools.win32_11.2.0.202008311134/tools/bin/../lib/gcc/arm-none-eabi/9.2.1/../../../../arm-none-eabi/lib/thumb/v8-m.main+fp/hard\libc_nano.a(lib_a-fflush.o)
                0x0000e4fc                _fflush_r
 .text.__smakebuf_r
                0x0000e574       0x80 c:/nxp/mcuxpressoide_11.2.1_4149/ide/plugins/com.nxp.mcuxpresso.tools.win32_11.2.0.202008311134/tools/bin/../lib/gcc/arm-none-eabi/9.2.1/../../../../arm-none-eabi/lib/thumb/v8-m.main+fp/hard\libc_nano.a(lib_a-makebuf.o)
                0x0000e574                __smakebuf_r
 .text._fstat_r
                0x0000e5f4       0x24 c:/nxp/mcuxpressoide_11.2.1_4149/ide/plugins/com.nxp.mcuxpresso.tools.win32_11.2.0.202008311134/tools/bin/../lib/gcc/arm-none-eabi/9.2.1/../../../../arm-none-eabi/lib/thumb/v8-m.main+fp/hard\libc_nano.a(lib_a-fstatr.o)
                0x0000e5f4                _fstat_r
 .text._isatty_r
                0x0000e618       0x20 c:/nxp/mcuxpressoide_11.2.1_4149/ide/plugins/com.nxp.mcuxpresso.tools.win32_11.2.0.202008311134/tools/bin/../lib/gcc/arm-none-eabi/9.2.1/../../../../arm-none-eabi/lib/thumb/v8-m.main+fp/hard\libc_nano.a(lib_a-isattyr.o)
                0x0000e618                _isatty_r
 .text.fabs     0x0000e638       0x14 c:/nxp/mcuxpressoide_11.2.1_4149/ide/plugins/com.nxp.mcuxpresso.tools.win32_11.2.0.202008311134/tools/bin/../lib/gcc/arm-none-eabi/9.2.1/../../../../arm-none-eabi/lib/thumb/v8-m.main+fp/hard\libm.a(lib_a-s_fabs.o)
                0x0000e638                fabs
 .text._sbrk    0x0000e64c       0x3c c:/nxp/mcuxpressoide_11.2.1_4149/ide/plugins/com.nxp.mcuxpresso.tools.win32_11.2.0.202008311134/tools/bin/../lib/gcc/arm-none-eabi/9.2.1/../../../../arm-none-eabi/lib/thumb/v8-m.main+fp/hard\libcr_newlib_semihost.a(_cr_sbrk.o)
                0x0000e64c                _sbrk
 .text.initialise_monitor_handles
                0x0000e688       0xac c:/nxp/mcuxpressoide_11.2.1_4149/ide/plugins/com.nxp.mcuxpresso.tools.win32_11.2.0.202008311134/tools/bin/../lib/gcc/arm-none-eabi/9.2.1/../../../../arm-none-eabi/lib/thumb/v8-m.main+fp/hard\libcr_newlib_semihost.a(syscalls.o)
 .text.findslot
                0x0000e734       0x24 c:/nxp/mcuxpressoide_11.2.1_4149/ide/plugins/com.nxp.mcuxpresso.tools.win32_11.2.0.202008311134/tools/bin/../lib/gcc/arm-none-eabi/9.2.1/../../../../arm-none-eabi/lib/thumb/v8-m.main+fp/hard\libcr_newlib_semihost.a(syscalls.o)
 .text._close   0x0000e758       0x4c c:/nxp/mcuxpressoide_11.2.1_4149/ide/plugins/com.nxp.mcuxpresso.tools.win32_11.2.0.202008311134/tools/bin/../lib/gcc/arm-none-eabi/9.2.1/../../../../arm-none-eabi/lib/thumb/v8-m.main+fp/hard\libcr_newlib_semihost.a(syscalls.o)
                0x0000e758                _close
 .text.__check_heap_overflow
                0x0000e7a4       0x18 c:/nxp/mcuxpressoide_11.2.1_4149/ide/plugins/com.nxp.mcuxpresso.tools.win32_11.2.0.202008311134/tools/bin/../lib/gcc/arm-none-eabi/9.2.1/../../../../arm-none-eabi/lib/thumb/v8-m.main+fp/hard\libcr_newlib_semihost.a(_cr_check_heap.o)
                0x0000e7a4                __check_heap_overflow
 .text.__errno  0x0000e7bc        0xc c:/nxp/mcuxpressoide_11.2.1_4149/ide/plugins/com.nxp.mcuxpresso.tools.win32_11.2.0.202008311134/tools/bin/../lib/gcc/arm-none-eabi/9.2.1/../../../../arm-none-eabi/lib/thumb/v8-m.main+fp/hard\libc_nano.a(lib_a-errno.o)
                0x0000e7bc                __errno
 .text.WDT_BOD_IRQHandler
                0x0000e7c8        0x8 ./startup/startup_lpc55s28.o
                0x0000e7c8                WDT_BOD_IRQHandler
 .text.DMA0_IRQHandler
                0x0000e7d0        0x8 ./startup/startup_lpc55s28.o
                0x0000e7d0                DMA0_IRQHandler
 .text.GINT0_IRQHandler
                0x0000e7d8        0x8 ./startup/startup_lpc55s28.o
                0x0000e7d8                GINT0_IRQHandler
 .text.GINT1_IRQHandler
                0x0000e7e0        0x8 ./startup/startup_lpc55s28.o
                0x0000e7e0                GINT1_IRQHandler
 .text.PIN_INT0_IRQHandler
                0x0000e7e8        0x8 ./startup/startup_lpc55s28.o
                0x0000e7e8                PIN_INT0_IRQHandler
 .text.PIN_INT1_IRQHandler
                0x0000e7f0        0x8 ./startup/startup_lpc55s28.o
                0x0000e7f0                PIN_INT1_IRQHandler
 .text.PIN_INT2_IRQHandler
                0x0000e7f8        0x8 ./startup/startup_lpc55s28.o
                0x0000e7f8                PIN_INT2_IRQHandler
 .text.PIN_INT3_IRQHandler
                0x0000e800        0x8 ./startup/startup_lpc55s28.o
                0x0000e800                PIN_INT3_IRQHandler
 .text.UTICK0_IRQHandler
                0x0000e808        0x8 ./startup/startup_lpc55s28.o
                0x0000e808                UTICK0_IRQHandler
 .text.MRT0_IRQHandler
                0x0000e810        0x8 ./startup/startup_lpc55s28.o
                0x0000e810                MRT0_IRQHandler
 .text.CTIMER0_IRQHandler
                0x0000e818        0x8 ./startup/startup_lpc55s28.o
                0x0000e818                CTIMER0_IRQHandler
 .text.CTIMER1_IRQHandler
                0x0000e820        0x8 ./startup/startup_lpc55s28.o
                0x0000e820                CTIMER1_IRQHandler
 .text.SCT0_IRQHandler
                0x0000e828        0x8 ./startup/startup_lpc55s28.o
                0x0000e828                SCT0_IRQHandler
 .text.CTIMER3_IRQHandler
                0x0000e830        0x8 ./startup/startup_lpc55s28.o
                0x0000e830                CTIMER3_IRQHandler
 .text.FLEXCOMM0_IRQHandler
                0x0000e838        0x8 ./startup/startup_lpc55s28.o
                0x0000e838                FLEXCOMM0_IRQHandler
 .text.FLEXCOMM1_IRQHandler
                0x0000e840        0x8 ./startup/startup_lpc55s28.o
                0x0000e840                FLEXCOMM1_IRQHandler
 .text.FLEXCOMM2_IRQHandler
                0x0000e848        0x8 ./startup/startup_lpc55s28.o
                0x0000e848                FLEXCOMM2_IRQHandler
 .text.FLEXCOMM3_IRQHandler
                0x0000e850        0x8 ./startup/startup_lpc55s28.o
                0x0000e850                FLEXCOMM3_IRQHandler
 .text.FLEXCOMM4_IRQHandler
                0x0000e858        0x8 ./startup/startup_lpc55s28.o
                0x0000e858                FLEXCOMM4_IRQHandler
 .text.FLEXCOMM5_IRQHandler
                0x0000e860        0x8 ./startup/startup_lpc55s28.o
                0x0000e860                FLEXCOMM5_IRQHandler
 .text.FLEXCOMM6_IRQHandler
                0x0000e868        0x8 ./startup/startup_lpc55s28.o
                0x0000e868                FLEXCOMM6_IRQHandler
 .text.FLEXCOMM7_IRQHandler
                0x0000e870        0x8 ./startup/startup_lpc55s28.o
                0x0000e870                FLEXCOMM7_IRQHandler
 .text.ADC0_IRQHandler
                0x0000e878        0x8 ./startup/startup_lpc55s28.o
                0x0000e878                ADC0_IRQHandler
 .text.Reserved39_IRQHandler
                0x0000e880        0x8 ./startup/startup_lpc55s28.o
                0x0000e880                Reserved39_IRQHandler
 .text.ACMP_IRQHandler
                0x0000e888        0x8 ./startup/startup_lpc55s28.o
                0x0000e888                ACMP_IRQHandler
 .text.Reserved41_IRQHandler
                0x0000e890        0x8 ./startup/startup_lpc55s28.o
                0x0000e890                Reserved41_IRQHandler
 .text.Reserved42_IRQHandler
                0x0000e898        0x8 ./startup/startup_lpc55s28.o
                0x0000e898                Reserved42_IRQHandler
 .text.USB0_NEEDCLK_IRQHandler
                0x0000e8a0        0x8 ./startup/startup_lpc55s28.o
                0x0000e8a0                USB0_NEEDCLK_IRQHandler
 .text.USB0_IRQHandler
                0x0000e8a8        0x8 ./startup/startup_lpc55s28.o
                0x0000e8a8                USB0_IRQHandler
 .text.RTC_IRQHandler
                0x0000e8b0        0x8 ./startup/startup_lpc55s28.o
                0x0000e8b0                RTC_IRQHandler
 .text.Reserved46_IRQHandler
                0x0000e8b8        0x8 ./startup/startup_lpc55s28.o
                0x0000e8b8                Reserved46_IRQHandler
 .text.Reserved47_IRQHandler
                0x0000e8c0        0x8 ./startup/startup_lpc55s28.o
                0x0000e8c0                Reserved47_IRQHandler
 .text.PIN_INT4_IRQHandler
                0x0000e8c8        0x8 ./startup/startup_lpc55s28.o
                0x0000e8c8                PIN_INT4_IRQHandler
 .text.PIN_INT5_IRQHandler
                0x0000e8d0        0x8 ./startup/startup_lpc55s28.o
                0x0000e8d0                PIN_INT5_IRQHandler
 .text.PIN_INT6_IRQHandler
                0x0000e8d8        0x8 ./startup/startup_lpc55s28.o
                0x0000e8d8                PIN_INT6_IRQHandler
 .text.PIN_INT7_IRQHandler
                0x0000e8e0        0x8 ./startup/startup_lpc55s28.o
                0x0000e8e0                PIN_INT7_IRQHandler
 .text.CTIMER2_IRQHandler
                0x0000e8e8        0x8 ./startup/startup_lpc55s28.o
                0x0000e8e8                CTIMER2_IRQHandler
 .text.CTIMER4_IRQHandler
                0x0000e8f0        0x8 ./startup/startup_lpc55s28.o
                0x0000e8f0                CTIMER4_IRQHandler
 .text.OS_EVENT_IRQHandler
                0x0000e8f8        0x8 ./startup/startup_lpc55s28.o
                0x0000e8f8                OS_EVENT_IRQHandler
 .text.Reserved55_IRQHandler
                0x0000e900        0x8 ./startup/startup_lpc55s28.o
                0x0000e900                Reserved55_IRQHandler
 .text.Reserved56_IRQHandler
                0x0000e908        0x8 ./startup/startup_lpc55s28.o
                0x0000e908                Reserved56_IRQHandler
 .text.Reserved57_IRQHandler
                0x0000e910        0x8 ./startup/startup_lpc55s28.o
                0x0000e910                Reserved57_IRQHandler
 .text.SDIO_IRQHandler
                0x0000e918        0x8 ./startup/startup_lpc55s28.o
                0x0000e918                SDIO_IRQHandler
 .text.Reserved59_IRQHandler
                0x0000e920        0x8 ./startup/startup_lpc55s28.o
                0x0000e920                Reserved59_IRQHandler
 .text.Reserved60_IRQHandler
                0x0000e928        0x8 ./startup/startup_lpc55s28.o
                0x0000e928                Reserved60_IRQHandler
 .text.Reserved61_IRQHandler
                0x0000e930        0x8 ./startup/startup_lpc55s28.o
                0x0000e930                Reserved61_IRQHandler
 .text.USB1_PHY_IRQHandler
                0x0000e938        0x8 ./startup/startup_lpc55s28.o
                0x0000e938                USB1_PHY_IRQHandler
 .text.USB1_IRQHandler
                0x0000e940        0x8 ./startup/startup_lpc55s28.o
                0x0000e940                USB1_IRQHandler
 .text.USB1_NEEDCLK_IRQHandler
                0x0000e948        0x8 ./startup/startup_lpc55s28.o
                0x0000e948                USB1_NEEDCLK_IRQHandler
 .text.SEC_HYPERVISOR_CALL_IRQHandler
                0x0000e950        0x8 ./startup/startup_lpc55s28.o
                0x0000e950                SEC_HYPERVISOR_CALL_IRQHandler
 .text.SEC_GPIO_INT0_IRQ0_IRQHandler
                0x0000e958        0x8 ./startup/startup_lpc55s28.o
                0x0000e958                SEC_GPIO_INT0_IRQ0_IRQHandler
 .text.SEC_GPIO_INT0_IRQ1_IRQHandler
                0x0000e960        0x8 ./startup/startup_lpc55s28.o
                0x0000e960                SEC_GPIO_INT0_IRQ1_IRQHandler
 .text.PLU_IRQHandler
                0x0000e968        0x8 ./startup/startup_lpc55s28.o
                0x0000e968                PLU_IRQHandler
 .text.SEC_VIO_IRQHandler
                0x0000e970        0x8 ./startup/startup_lpc55s28.o
                0x0000e970                SEC_VIO_IRQHandler
 .text.HASHCRYPT_IRQHandler
                0x0000e978        0x8 ./startup/startup_lpc55s28.o
                0x0000e978                HASHCRYPT_IRQHandler
 .text.CASER_IRQHandler
                0x0000e980        0x8 ./startup/startup_lpc55s28.o
                0x0000e980                CASER_IRQHandler
 .text.PUF_IRQHandler
                0x0000e988        0x8 ./startup/startup_lpc55s28.o
                0x0000e988                PUF_IRQHandler
 .text.PQ_IRQHandler
                0x0000e990        0x8 ./startup/startup_lpc55s28.o
                0x0000e990                PQ_IRQHandler
 .text.DMA1_IRQHandler
                0x0000e998        0x8 ./startup/startup_lpc55s28.o
                0x0000e998                DMA1_IRQHandler
 .text.FLEXCOMM8_IRQHandler
                0x0000e9a0        0x8 ./startup/startup_lpc55s28.o
                0x0000e9a0                FLEXCOMM8_IRQHandler
 .text.CLOCK_EnableClock
                0x0000e9a8       0x30 ./source/inizializations.o
 .text.board_init
                0x0000e9d8       0x2c ./source/inizializations.o
                0x0000e9d8                board_init
 .text.HardFault_Handler
                0x0000ea04       0x2c ./source/semihost_hardfault.o
                0x0000ea04                HardFault_Handler
 .text.SDIF_GetControllerStatus
                0x0000ea30       0x18 ./sdmmc/src/fsl_sd.o
 .text.SDMMCHOST_SendCardActive
                0x0000ea48       0x1c ./sdmmc/src/fsl_sd.o
 .text.SDMMCHOST_SetCardClock
                0x0000ea64       0x24 ./sdmmc/src/fsl_sd.o
 .text.SDMMCHOST_IsCardBusy
                0x0000ea88       0x2c ./sdmmc/src/fsl_sd.o
 .text.SD_HostDoReset
                0x0000eab4       0x1a ./sdmmc/src/fsl_sd.o
                0x0000eab4                SD_HostDoReset
 .text.SDMMC_GoIdle
                0x0000eace       0x50 ./sdmmc/src/fsl_sdmmc_common.o
                0x0000eace                SDMMC_GoIdle
 .text.SDMMC_OSAInit
                0x0000eb1e        0xe ./sdmmc/osa/fsl_sdmmc_osa.o
                0x0000eb1e                SDMMC_OSAInit
 .text.SDMMC_OSADelay
                0x0000eb2c       0x16 ./sdmmc/osa/fsl_sdmmc_osa.o
                0x0000eb2c                SDMMC_OSADelay
 .text.SDIF_EnableCardPower
                0x0000eb42       0x38 ./sdmmc/host/fsl_sdmmc_host.o
 .text.SDIF_EnableCard1Power
                0x0000eb7a       0x38 ./sdmmc/host/fsl_sdmmc_host.o
 .text.SDIF_DetectCardInsert
                0x0000ebb2       0x46 ./sdmmc/host/fsl_sdmmc_host.o
 .text.SDIF_DetectCard1Insert
                0x0000ebf8       0x46 ./sdmmc/host/fsl_sdmmc_host.o
 .text.SDIF_EnableInterrupt
                0x0000ec3e       0x22 ./sdmmc/host/fsl_sdmmc_host.o
 .text.SDIF_GetControllerStatus
                0x0000ec60       0x18 ./sdmmc/host/fsl_sdmmc_host.o
 .text.SDMMCHOST_DetectCardInsertByHost
                0x0000ec78       0x4c ./sdmmc/host/fsl_sdmmc_host.o
 .text.SDMMCHOST_DetectCardRemoveByHost
                0x0000ecc4       0x4c ./sdmmc/host/fsl_sdmmc_host.o
 .text.SDMMCHOST_CardDetectInit
                0x0000ed10       0x76 ./sdmmc/host/fsl_sdmmc_host.o
                0x0000ed10                SDMMCHOST_CardDetectInit
 .text.SDMMCHOST_CardDetectStatus
                0x0000ed86       0x6e ./sdmmc/host/fsl_sdmmc_host.o
                0x0000ed86                SDMMCHOST_CardDetectStatus
 .text.SDMMCHOST_TransferCompleteCallback
                0x0000edf4       0x5a ./sdmmc/host/fsl_sdmmc_host.o
 .text.SDMMCHOST_TransferFunction
                0x0000ee4e       0xf4 ./sdmmc/host/fsl_sdmmc_host.o
                0x0000ee4e                SDMMCHOST_TransferFunction
 .text.SDMMCHOST_ErrorRecovery
                0x0000ef42       0x14 ./sdmmc/host/fsl_sdmmc_host.o
 .text.SDMMCHOST_SetCardPower
                0x0000ef56       0x64 ./sdmmc/host/fsl_sdmmc_host.o
                0x0000ef56                SDMMCHOST_SetCardPower
 .text.SDMMCHOST_Reset
                0x0000efba       0x1e ./sdmmc/host/fsl_sdmmc_host.o
                0x0000efba                SDMMCHOST_Reset
 .text.SDMMCHOST_SetCardBusWidth
                0x0000efd8       0x62 ./sdmmc/host/fsl_sdmmc_host.o
                0x0000efd8                SDMMCHOST_SetCardBusWidth
 .text.vPortSVCHandler_C
                0x0000f03a       0x30 ./freertos/freertos_kernel/portable/GCC/ARM_CM33_NTZ/non_secure/port.o
                0x0000f03a                vPortSVCHandler_C
 .text.ulSetInterruptMask
                0x0000f06a       0x1a ./freertos/freertos_kernel/portable/GCC/ARM_CM33_NTZ/non_secure/portasm.o
                0x0000f06a                ulSetInterruptMask
 .text.vClearInterruptMask
                0x0000f084       0x10 ./freertos/freertos_kernel/portable/GCC/ARM_CM33_NTZ/non_secure/portasm.o
                0x0000f084                vClearInterruptMask
 .text.xEventGroupCreate
                0x0000f094       0x2e ./freertos/freertos_kernel/event_groups.o
                0x0000f094                xEventGroupCreate
 .text.xEventGroupWaitBits
                0x0000f0c2      0x14c ./freertos/freertos_kernel/event_groups.o
                0x0000f0c2                xEventGroupWaitBits
 .text.xEventGroupClearBits
                0x0000f20e       0x50 ./freertos/freertos_kernel/event_groups.o
                0x0000f20e                xEventGroupClearBits
 .text.xEventGroupSetBits
                0x0000f25e       0xf6 ./freertos/freertos_kernel/event_groups.o
                0x0000f25e                xEventGroupSetBits
 .text.vEventGroupSetBitsCallback
                0x0000f354       0x1a ./freertos/freertos_kernel/event_groups.o
                0x0000f354                vEventGroupSetBitsCallback
 .text.vEventGroupClearBitsCallback
                0x0000f36e       0x1a ./freertos/freertos_kernel/event_groups.o
                0x0000f36e                vEventGroupClearBitsCallback
 .text.prvTestWaitCondition
                0x0000f388       0x44 ./freertos/freertos_kernel/event_groups.o
 .text.vListInitialise
                0x0000f3cc       0x40 ./freertos/freertos_kernel/list.o
                0x0000f3cc                vListInitialise
 .text.vListInitialiseItem
                0x0000f40c       0x1a ./freertos/freertos_kernel/list.o
                0x0000f40c                vListInitialiseItem
 .text.vListInsertEnd
                0x0000f426       0x48 ./freertos/freertos_kernel/list.o
                0x0000f426                vListInsertEnd
 .text.vListInsert
                0x0000f46e       0x72 ./freertos/freertos_kernel/list.o
                0x0000f46e                vListInsert
 .text.uxListRemove
                0x0000f4e0       0x54 ./freertos/freertos_kernel/list.o
                0x0000f4e0                uxListRemove
 .text.xQueueGenericReset
                0x0000f534       0xb0 ./freertos/freertos_kernel/queue.o
                0x0000f534                xQueueGenericReset
 .text.xQueueGenericCreate
                0x0000f5e4       0x5c ./freertos/freertos_kernel/queue.o
                0x0000f5e4                xQueueGenericCreate
 .text.prvInitialiseNewQueue
                0x0000f640       0x46 ./freertos/freertos_kernel/queue.o
 .text.xQueueGenericSend
                0x0000f686      0x192 ./freertos/freertos_kernel/queue.o
                0x0000f686                xQueueGenericSend
 .text.xQueueGenericSendFromISR
                0x0000f818       0xe2 ./freertos/freertos_kernel/queue.o
                0x0000f818                xQueueGenericSendFromISR
 .text.xQueueGiveFromISR
                0x0000f8fa       0xc6 ./freertos/freertos_kernel/queue.o
                0x0000f8fa                xQueueGiveFromISR
 .text.xQueueReceive
                0x0000f9c0      0x172 ./freertos/freertos_kernel/queue.o
                0x0000f9c0                xQueueReceive
 .text.xQueueSemaphoreTake
                0x0000fb32      0x1be ./freertos/freertos_kernel/queue.o
                0x0000fb32                xQueueSemaphoreTake
 .text.prvGetDisinheritPriorityAfterTimeout
                0x0000fcf0       0x30 ./freertos/freertos_kernel/queue.o
 .text.prvCopyDataToQueue
                0x0000fd20       0xd4 ./freertos/freertos_kernel/queue.o
 .text.prvCopyDataFromQueue
                0x0000fdf4       0x4c ./freertos/freertos_kernel/queue.o
 .text.prvUnlockQueue
                0x0000fe40       0xa4 ./freertos/freertos_kernel/queue.o
 .text.prvIsQueueEmpty
                0x0000fee4       0x2c ./freertos/freertos_kernel/queue.o
 .text.prvIsQueueFull
                0x0000ff10       0x30 ./freertos/freertos_kernel/queue.o
 .text.vQueueWaitForMessageRestricted
                0x0000ff40       0x68 ./freertos/freertos_kernel/queue.o
                0x0000ff40                vQueueWaitForMessageRestricted
 .text.xTaskCreate
                0x0000ffa8       0x82 ./freertos/freertos_kernel/tasks.o
                0x0000ffa8                xTaskCreate
 .text.prvInitialiseNewTask
                0x0001002a      0x130 ./freertos/freertos_kernel/tasks.o
 .text.prvDeleteTCB
                0x0001015a       0x20 ./freertos/freertos_kernel/tasks.o
 .text.prvTimerTask
                0x0001017a       0x24 ./freertos/freertos_kernel/timers.o
 .text.sd_disk_status
                0x0001019e       0x22 ./fatfs/source/fsl_sd_disk/fsl_sd_disk.o
                0x0001019e                sd_disk_status
 .text.disk_status
                0x000101c0       0x2c ./fatfs/source/diskio.o
                0x000101c0                disk_status
 .text.disk_initialize
                0x000101ec       0x2c ./fatfs/source/diskio.o
                0x000101ec                disk_initialize
 .text.disk_read
                0x00010218       0x36 ./fatfs/source/diskio.o
                0x00010218                disk_read
 .text.disk_write
                0x0001024e       0x36 ./fatfs/source/diskio.o
                0x0001024e                disk_write
 .text.disk_ioctl
                0x00010284       0x36 ./fatfs/source/diskio.o
                0x00010284                disk_ioctl
 .text.ld_word  0x000102ba       0x30 ./fatfs/source/ff.o
 .text.ld_dword
                0x000102ea       0x46 ./fatfs/source/ff.o
 .text.st_word  0x00010330       0x36 ./fatfs/source/ff.o
 .text.st_dword
                0x00010366       0x58 ./fatfs/source/ff.o
 .text.mem_cpy  0x000103be       0x42 ./fatfs/source/ff.o
 .text.mem_set  0x00010400       0x36 ./fatfs/source/ff.o
 .text.mem_cmp  0x00010436       0x4e ./fatfs/source/ff.o
 .text.chk_chr  0x00010484       0x36 ./fatfs/source/ff.o
 .text.dbc_1st  0x000104ba       0x40 ./fatfs/source/ff.o
 .text.dbc_2nd  0x000104fa       0x54 ./fatfs/source/ff.o
 .text.tchar2uni
                0x0001054e       0x8a ./fatfs/source/ff.o
 .text.sync_window
                0x000105d8       0x78 ./fatfs/source/ff.o
 .text.move_window
                0x00010650       0x5a ./fatfs/source/ff.o
 .text.clst2sect
                0x000106aa       0x3e ./fatfs/source/ff.o
 .text.get_fat  0x000106e8      0x150 ./fatfs/source/ff.o
 .text.put_fat  0x00010838      0x1d8 ./fatfs/source/ff.o
 .text.remove_chain
                0x00010a10       0xca ./fatfs/source/ff.o
 .text.create_chain
                0x00010ada      0x1a2 ./fatfs/source/ff.o
 .text.dir_clear
                0x00010c7c       0x90 ./fatfs/source/ff.o
 .text.dir_sdi  0x00010d0c       0xf6 ./fatfs/source/ff.o
 .text.dir_next
                0x00010e02      0x12c ./fatfs/source/ff.o
 .text.dir_alloc
                0x00010f2e       0x8e ./fatfs/source/ff.o
 .text.ld_clust
                0x00010fbc       0x3e ./fatfs/source/ff.o
 .text.st_clust
                0x00010ffa       0x40 ./fatfs/source/ff.o
 .text.gen_numname
                0x0001103a      0x148 ./fatfs/source/ff.o
 .text.sum_sfn  0x00011182       0x42 ./fatfs/source/ff.o
 .text.dir_find
                0x000111c4      0x180 ./fatfs/source/ff.o
 .text.follow_path
                0x00011344      0x11c ./fatfs/source/ff.o
 .text.find_volume
                0x00011460       0xc4 ./fatfs/source/ff.o
 .text.validate
                0x00011524       0x6a ./fatfs/source/ff.o
 .text.f_read   0x0001158e      0x266 ./fatfs/source/ff.o
                0x0001158e                f_read
 .text.f_write  0x000117f4      0x2d2 ./fatfs/source/ff.o
                0x000117f4                f_write
 .text.f_close  0x00011ac6       0x40 ./fatfs/source/ff.o
                0x00011ac6                f_close
 .text.f_lseek  0x00011b06      0x25a ./fatfs/source/ff.o
                0x00011b06                f_lseek
 .text.CLOCK_IsPLL0Locked
                0x00011d60       0x24 ./drivers/fsl_clock.o
 .text.findPll0PreDiv
                0x00011d84       0x3e ./drivers/fsl_clock.o
 .text.DelayLoop
                0x00011dc2       0x20 ./drivers/fsl_common.o
 .text.RESET_PeripheralReset
                0x00011de2       0x1c ./drivers/fsl_reset.o
                0x00011de2                RESET_PeripheralReset
 .text.CLOCK_EnableClock
                0x00011dfe       0x30 ./drivers/fsl_sdif.o
 .text.EnableIRQ
                0x00011e2e       0x2c ./drivers/fsl_sdif.o
 .text.SDIF_EnableCardClock
                0x00011e5a       0x38 ./drivers/fsl_sdif.o
 .text.SDIF_DetectCardInsert
                0x00011e92       0x46 ./drivers/fsl_sdif.o
 .text.SDIF_EnableGlobalInterrupt
                0x00011ed8       0x38 ./drivers/fsl_sdif.o
 .text.SDIF_EnableInterrupt
                0x00011f10       0x22 ./drivers/fsl_sdif.o
 .text.SDIF_DisableInterrupt
                0x00011f32       0x24 ./drivers/fsl_sdif.o
 .text.SDIF_GetInterruptStatus
                0x00011f56       0x18 ./drivers/fsl_sdif.o
 .text.SDIF_GetEnabledInterruptStatus
                0x00011f6e       0x22 ./drivers/fsl_sdif.o
 .text.SDIF_ClearInterruptStatus
                0x00011f90       0x22 ./drivers/fsl_sdif.o
 .text.SDIF_EnableDmaInterrupt
                0x00011fb2       0x26 ./drivers/fsl_sdif.o
 .text.SDIF_DisableDmaInterrupt
                0x00011fd8       0x28 ./drivers/fsl_sdif.o
 .text.SDIF_GetEnabledDMAInterruptStatus
                0x00012000       0x26 ./drivers/fsl_sdif.o
 .text.SDIF_ClearInternalDMAStatus
                0x00012026       0x26 ./drivers/fsl_sdif.o
 .text.SDIF_EnableInternalDMA
                0x0001204c       0x58 ./drivers/fsl_sdif.o
 .text.SDIF_ReadCommandResponse
                0x000120a4       0x82 ./drivers/fsl_sdif.o
 .text.SDIF_SetCommandRegister
                0x00012126       0x52 ./drivers/fsl_sdif.o
 .text.SDIF_ReadDataPort
                0x00012178       0xba ./drivers/fsl_sdif.o
 .text.SDIF_WriteDataPort
                0x00012232       0xb8 ./drivers/fsl_sdif.o
 .text.SDIF_Reset
                0x000122ea       0x6c ./drivers/fsl_sdif.o
                0x000122ea                SDIF_Reset
 .text.SDIF_SendCardActive
                0x00012356       0x90 ./drivers/fsl_sdif.o
                0x00012356                SDIF_SendCardActive
 .text.SDIF_SetCardBusWidth
                0x000123e6       0x50 ./drivers/fsl_sdif.o
                0x000123e6                SDIF_SetCardBusWidth
 .text.SDIF_SetCard1BusWidth
                0x00012436       0x50 ./drivers/fsl_sdif.o
                0x00012436                SDIF_SetCard1BusWidth
 .text.SDIF_TransferHandleDMA
                0x00012486       0x9e ./drivers/fsl_sdif.o
 .text.SDIF_TransferHandleSDIOInterrupt
                0x00012524       0x28 ./drivers/fsl_sdif.o
 .text.SDIF_TransferHandleCardDetect
                0x0001254c       0x4e ./drivers/fsl_sdif.o
 .text.SystemInitHook
                0x0001259a        0xe ./device/system_LPC55S28.o
                0x0001259a                SystemInitHook
 .text.cJSON_strdup
                0x000125a8       0x50 ./cJSON/cJSON.o
 .text.cJSON_New_Item
                0x000125f8       0x2c ./cJSON/cJSON.o
 .text.get_decimal_point
                0x00012624       0x10 ./cJSON/cJSON.o
 .text.ensure   0x00012634      0x134 ./cJSON/cJSON.o
 .text.update_offset
                0x00012768       0x42 ./cJSON/cJSON.o
 .text.parse_hex4
                0x000127aa       0xc4 ./cJSON/cJSON.o
 .text.print_string
                0x0001286e       0x20 ./cJSON/cJSON.o
 .text.buffer_skip_whitespace
                0x0001288e       0x80 ./cJSON/cJSON.o
 .text.cJSON_ParseWithOpts
                0x0001290e       0x38 ./cJSON/cJSON.o
                0x0001290e                cJSON_ParseWithOpts
 .text.cJSON_Parse
                0x00012946       0x1c ./cJSON/cJSON.o
                0x00012946                cJSON_Parse
 .text.parse_array
                0x00012962      0x188 ./cJSON/cJSON.o
 .text.print_array
                0x00012aea      0x10c ./cJSON/cJSON.o
 .text.parse_object
                0x00012bf6      0x1fe ./cJSON/cJSON.o
 .text.print_object
                0x00012df4      0x23c ./cJSON/cJSON.o
 .text.get_object_item
                0x00013030       0x90 ./cJSON/cJSON.o
 .text.cJSON_GetObjectItemCaseSensitive
                0x000130c0       0x1e ./cJSON/cJSON.o
                0x000130c0                cJSON_GetObjectItemCaseSensitive
 .text.suffix_object
                0x000130de       0x22 ./cJSON/cJSON.o
 .text.add_item_to_array
                0x00013100       0x6c ./cJSON/cJSON.o
 .text.cast_away_const
                0x0001316c       0x16 ./cJSON/cJSON.o
 .text.add_item_to_object
                0x00013182       0xaa ./cJSON/cJSON.o
 .text.cJSON_IsNumber
                0x0001322c       0x2e ./cJSON/cJSON.o
                0x0001322c                cJSON_IsNumber
 .text.cJSON_IsString
                0x0001325a       0x2e ./cJSON/cJSON.o
                0x0001325a                cJSON_IsString
 .text.DbgConsole_Init
                0x00013288       0x20 ./board/board.o
 .text.CLOCK_EnableClock
                0x000132a8       0x30 ./board/pin_mux.o
 .text.IOCON_PinMuxSet
                0x000132d8       0x2e ./board/pin_mux.o
 .text.memcpy   0x00013306       0x1a c:/nxp/mcuxpressoide_11.2.1_4149/ide/plugins/com.nxp.mcuxpresso.tools.win32_11.2.0.202008311134/tools/bin/../lib/gcc/arm-none-eabi/9.2.1/../../../../arm-none-eabi/lib/thumb/v8-m.main+fp/hard\libc_nano.a(lib_a-memcpy-stub.o)
                0x00013306                memcpy
 .text.memset   0x00013320       0x10 c:/nxp/mcuxpressoide_11.2.1_4149/ide/plugins/com.nxp.mcuxpresso.tools.win32_11.2.0.202008311134/tools/bin/../lib/gcc/arm-none-eabi/9.2.1/../../../../arm-none-eabi/lib/thumb/v8-m.main+fp/hard\libc_nano.a(lib_a-memset.o)
                0x00013320                memset
 .text._calloc_r
                0x00013330       0x1e c:/nxp/mcuxpressoide_11.2.1_4149/ide/plugins/com.nxp.mcuxpresso.tools.win32_11.2.0.202008311134/tools/bin/../lib/gcc/arm-none-eabi/9.2.1/../../../../arm-none-eabi/lib/thumb/v8-m.main+fp/hard\libc_nano.a(lib_a-nano-callocr.o)
                0x00013330                _calloc_r
 .text.__cvt    0x0001334e       0xc4 c:/nxp/mcuxpressoide_11.2.1_4149/ide/plugins/com.nxp.mcuxpresso.tools.win32_11.2.0.202008311134/tools/bin/../lib/gcc/arm-none-eabi/9.2.1/../../../../arm-none-eabi/lib/thumb/v8-m.main+fp/hard\libc_nano.a(lib_a-nano-vfprintf_float.o)
                0x0001334e                __cvt
 .text.__exponent
                0x00013412       0x7c c:/nxp/mcuxpressoide_11.2.1_4149/ide/plugins/com.nxp.mcuxpresso.tools.win32_11.2.0.202008311134/tools/bin/../lib/gcc/arm-none-eabi/9.2.1/../../../../arm-none-eabi/lib/thumb/v8-m.main+fp/hard\libc_nano.a(lib_a-nano-vfprintf_float.o)
                0x00013412                __exponent
 .text._printf_common
                0x0001348e       0xe0 c:/nxp/mcuxpressoide_11.2.1_4149/ide/plugins/com.nxp.mcuxpresso.tools.win32_11.2.0.202008311134/tools/bin/../lib/gcc/arm-none-eabi/9.2.1/../../../../arm-none-eabi/lib/thumb/v8-m.main+fp/hard\libc_nano.a(lib_a-nano-vfprintf_i.o)
                0x0001348e                _printf_common
 .text.__sread  0x0001356e       0x22 c:/nxp/mcuxpressoide_11.2.1_4149/ide/plugins/com.nxp.mcuxpresso.tools.win32_11.2.0.202008311134/tools/bin/../lib/gcc/arm-none-eabi/9.2.1/../../../../arm-none-eabi/lib/thumb/v8-m.main+fp/hard\libc_nano.a(lib_a-stdio.o)
                0x0001356e                __sread
 .text.__seofread
                0x00013590        0x4 c:/nxp/mcuxpressoide_11.2.1_4149/ide/plugins/com.nxp.mcuxpresso.tools.win32_11.2.0.202008311134/tools/bin/../lib/gcc/arm-none-eabi/9.2.1/../../../../arm-none-eabi/lib/thumb/v8-m.main+fp/hard\libc_nano.a(lib_a-stdio.o)
                0x00013590                __seofread
 .text.__swrite
                0x00013594       0x38 c:/nxp/mcuxpressoide_11.2.1_4149/ide/plugins/com.nxp.mcuxpresso.tools.win32_11.2.0.202008311134/tools/bin/../lib/gcc/arm-none-eabi/9.2.1/../../../../arm-none-eabi/lib/thumb/v8-m.main+fp/hard\libc_nano.a(lib_a-stdio.o)
                0x00013594                __swrite
 .text.__sseek  0x000135cc       0x24 c:/nxp/mcuxpressoide_11.2.1_4149/ide/plugins/com.nxp.mcuxpresso.tools.win32_11.2.0.202008311134/tools/bin/../lib/gcc/arm-none-eabi/9.2.1/../../../../arm-none-eabi/lib/thumb/v8-m.main+fp/hard\libc_nano.a(lib_a-stdio.o)
                0x000135cc                __sseek
 .text.__sclose
                0x000135f0        0x8 c:/nxp/mcuxpressoide_11.2.1_4149/ide/plugins/com.nxp.mcuxpresso.tools.win32_11.2.0.202008311134/tools/bin/../lib/gcc/arm-none-eabi/9.2.1/../../../../arm-none-eabi/lib/thumb/v8-m.main+fp/hard\libc_nano.a(lib_a-stdio.o)
                0x000135f0                __sclose
 .text          0x000135f8       0x14 c:/nxp/mcuxpressoide_11.2.1_4149/ide/plugins/com.nxp.mcuxpresso.tools.win32_11.2.0.202008311134/tools/bin/../lib/gcc/arm-none-eabi/9.2.1/../../../../arm-none-eabi/lib/thumb/v8-m.main+fp/hard\libc_nano.a(lib_a-strcmp.o)
                0x000135f8                strcmp
 .text.strcpy   0x0001360c       0x10 c:/nxp/mcuxpressoide_11.2.1_4149/ide/plugins/com.nxp.mcuxpresso.tools.win32_11.2.0.202008311134/tools/bin/../lib/gcc/arm-none-eabi/9.2.1/../../../../arm-none-eabi/lib/thumb/v8-m.main+fp/hard\libc_nano.a(lib_a-strcpy.o)
                0x0001360c                strcpy
 .text          0x0001361c       0x10 c:/nxp/mcuxpressoide_11.2.1_4149/ide/plugins/com.nxp.mcuxpresso.tools.win32_11.2.0.202008311134/tools/bin/../lib/gcc/arm-none-eabi/9.2.1/../../../../arm-none-eabi/lib/thumb/v8-m.main+fp/hard\libc_nano.a(lib_a-strlen.o)
                0x0001361c                strlen
 .text.strncmp  0x0001362c       0x24 c:/nxp/mcuxpressoide_11.2.1_4149/ide/plugins/com.nxp.mcuxpresso.tools.win32_11.2.0.202008311134/tools/bin/../lib/gcc/arm-none-eabi/9.2.1/../../../../arm-none-eabi/lib/thumb/v8-m.main+fp/hard\libc_nano.a(lib_a-strncmp.o)
                0x0001362c                strncmp