Archive member included to satisfy reference by file (symbol)

C:\Users\rapicano\Documents\MCUXpressoProjects\Test_cJSON\libs\libpower_hardabi.a(fsl_power_lib.o)
                              ./drivers/fsl_clock.o (POWER_SetVoltageForFreq)
c:/nxp/mcuxpressoide_11.2.1_4149/ide/plugins/com.nxp.mcuxpresso.tools.win32_11.2.0.202008311134/tools/bin/../lib/gcc/arm-none-eabi/9.2.1/../../../../arm-none-eabi/lib/thumb/v8-m.main+fp/hard\libcr_semihost_nf.a(__ciob.o)
                              ./source/Test_cJSON.o (__Ciob)
c:/nxp/mcuxpressoide_11.2.1_4149/ide/plugins/com.nxp.mcuxpresso.tools.win32_11.2.0.202008311134/tools/bin/../lib/gcc/arm-none-eabi/9.2.1/../../../../arm-none-eabi/lib/thumb/v8-m.main+fp/hard\libcr_semihost_nf.a(_cr__main.o)
                              ./startup/startup_lpc55s28.o (__main)
c:/nxp/mcuxpressoide_11.2.1_4149/ide/plugins/com.nxp.mcuxpresso.tools.win32_11.2.0.202008311134/tools/bin/../lib/gcc/arm-none-eabi/9.2.1/../../../../arm-none-eabi/lib/thumb/v8-m.main+fp/hard\libcr_c.a(memcpy.o)
                              ./utilities/fsl_str.o (memcpy)
c:/nxp/mcuxpressoide_11.2.1_4149/ide/plugins/com.nxp.mcuxpresso.tools.win32_11.2.0.202008311134/tools/bin/../lib/gcc/arm-none-eabi/9.2.1/../../../../arm-none-eabi/lib/thumb/v8-m.main+fp/hard\libcr_c.a(memset.o)
                              ./source/Test_cJSON.o (memset)
c:/nxp/mcuxpressoide_11.2.1_4149/ide/plugins/com.nxp.mcuxpresso.tools.win32_11.2.0.202008311134/tools/bin/../lib/gcc/arm-none-eabi/9.2.1/../../../../arm-none-eabi/lib/thumb/v8-m.main+fp/hard\libcr_c.a(__fillbuf.o)
                              ./source/Test_cJSON.o (__filbuf)
c:/nxp/mcuxpressoide_11.2.1_4149/ide/plugins/com.nxp.mcuxpresso.tools.win32_11.2.0.202008311134/tools/bin/../lib/gcc/arm-none-eabi/9.2.1/../../../../arm-none-eabi/lib/thumb/v8-m.main+fp/hard\libcr_c.a(_deferredlazyseek.o)
                              c:/nxp/mcuxpressoide_11.2.1_4149/ide/plugins/com.nxp.mcuxpresso.tools.win32_11.2.0.202008311134/tools/bin/../lib/gcc/arm-none-eabi/9.2.1/../../../../arm-none-eabi/lib/thumb/v8-m.main+fp/hard\libcr_c.a(__fillbuf.o) (_deferredlazyseek)
c:/nxp/mcuxpressoide_11.2.1_4149/ide/plugins/com.nxp.mcuxpresso.tools.win32_11.2.0.202008311134/tools/bin/../lib/gcc/arm-none-eabi/9.2.1/../../../../arm-none-eabi/lib/thumb/v8-m.main+fp/hard\libcr_c.a(_fflush.o)
                              c:/nxp/mcuxpressoide_11.2.1_4149/ide/plugins/com.nxp.mcuxpresso.tools.win32_11.2.0.202008311134/tools/bin/../lib/gcc/arm-none-eabi/9.2.1/../../../../arm-none-eabi/lib/thumb/v8-m.main+fp/hard\libcr_c.a(__fillbuf.o) (_fflush)
c:/nxp/mcuxpressoide_11.2.1_4149/ide/plugins/com.nxp.mcuxpresso.tools.win32_11.2.0.202008311134/tools/bin/../lib/gcc/arm-none-eabi/9.2.1/../../../../arm-none-eabi/lib/thumb/v8-m.main+fp/hard\libcr_c.a(_writebuf.o)
                              c:/nxp/mcuxpressoide_11.2.1_4149/ide/plugins/com.nxp.mcuxpresso.tools.win32_11.2.0.202008311134/tools/bin/../lib/gcc/arm-none-eabi/9.2.1/../../../../arm-none-eabi/lib/thumb/v8-m.main+fp/hard\libcr_c.a(_deferredlazyseek.o) (_Cwritebuf)
c:/nxp/mcuxpressoide_11.2.1_4149/ide/plugins/com.nxp.mcuxpresso.tools.win32_11.2.0.202008311134/tools/bin/../lib/gcc/arm-none-eabi/9.2.1/../../../../arm-none-eabi/lib/thumb/v8-m.main+fp/hard\libcr_c.a(alloc.o)
                              ./drivers/fsl_common.o (malloc)
c:/nxp/mcuxpressoide_11.2.1_4149/ide/plugins/com.nxp.mcuxpresso.tools.win32_11.2.0.202008311134/tools/bin/../lib/gcc/arm-none-eabi/9.2.1/../../../../arm-none-eabi/lib/thumb/v8-m.main+fp/hard\libcr_c.a(fseek.o)
                              c:/nxp/mcuxpressoide_11.2.1_4149/ide/plugins/com.nxp.mcuxpresso.tools.win32_11.2.0.202008311134/tools/bin/../lib/gcc/arm-none-eabi/9.2.1/../../../../arm-none-eabi/lib/thumb/v8-m.main+fp/hard\libcr_c.a(_deferredlazyseek.o) (fseek)
c:/nxp/mcuxpressoide_11.2.1_4149/ide/plugins/com.nxp.mcuxpresso.tools.win32_11.2.0.202008311134/tools/bin/../lib/gcc/arm-none-eabi/9.2.1/../../../../arm-none-eabi/lib/thumb/v8-m.main+fp/hard\libcr_c.a(ftell.o)
                              c:/nxp/mcuxpressoide_11.2.1_4149/ide/plugins/com.nxp.mcuxpresso.tools.win32_11.2.0.202008311134/tools/bin/../lib/gcc/arm-none-eabi/9.2.1/../../../../arm-none-eabi/lib/thumb/v8-m.main+fp/hard\libcr_c.a(fseek.o) (ftell)
c:/nxp/mcuxpressoide_11.2.1_4149/ide/plugins/com.nxp.mcuxpresso.tools.win32_11.2.0.202008311134/tools/bin/../lib/gcc/arm-none-eabi/9.2.1/../../../../arm-none-eabi/lib/thumb/v8-m.main+fp/hard\libcr_c.a(initio.o)
                              c:/nxp/mcuxpressoide_11.2.1_4149/ide/plugins/com.nxp.mcuxpresso.tools.win32_11.2.0.202008311134/tools/bin/../lib/gcc/arm-none-eabi/9.2.1/../../../../arm-none-eabi/lib/thumb/v8-m.main+fp/hard\libcr_semihost_nf.a(_cr__main.o) (_initio)
c:/nxp/mcuxpressoide_11.2.1_4149/ide/plugins/com.nxp.mcuxpresso.tools.win32_11.2.0.202008311134/tools/bin/../lib/gcc/arm-none-eabi/9.2.1/../../../../arm-none-eabi/lib/thumb/v8-m.main+fp/hard\libcr_c.a(memcmp.o)
[...]
Memory Configuration

Name             Origin             Length             Attributes
PROGRAM_FLASH    0x00000000         0x00080000         xr
SRAM             0x20000000         0x00030000         xrw
SRAM4            0x20040000         0x00004000         xrw
SRAMX            0x04000000         0x00008000         xrw
USB_RAM          0x40100000         0x00004000         xrw
*default*        0x00000000         0xffffffff

Linker script and memory map

LOAD ./utilities/fsl_assert.o
LOAD ./utilities/fsl_debug_console.o
LOAD ./utilities/fsl_str.o
LOAD ./startup/startup_lpc55s28.o
LOAD ./source/Test_cJSON.o
LOAD ./source/inizializations.o
LOAD ./source/sd_handler.o
LOAD ./source/semihost_hardfault.o
LOAD ./sdmmc/src/fsl_mmc.o
LOAD ./sdmmc/src/fsl_sd.o
LOAD ./sdmmc/src/fsl_sdio.o
LOAD ./sdmmc/src/fsl_sdmmc_common.o
LOAD ./sdmmc/osa/fsl_sdmmc_osa.o
LOAD ./sdmmc/host/fsl_sdmmc_host.o
LOAD ./fatfs/source/fsl_sd_disk/fsl_sd_disk.o
LOAD ./fatfs/source/fsl_ram_disk/fsl_ram_disk.o
LOAD ./fatfs/source/diskio.o
LOAD ./fatfs/source/ff.o
LOAD ./fatfs/source/ffsystem.o
LOAD ./fatfs/source/ffunicode.o
LOAD ./drivers/fsl_clock.o
LOAD ./drivers/fsl_common.o
LOAD ./drivers/fsl_flexcomm.o
LOAD ./drivers/fsl_gpio.o
LOAD ./drivers/fsl_i2c.o
LOAD ./drivers/fsl_power.o
LOAD ./drivers/fsl_reset.o
LOAD ./drivers/fsl_sdif.o
LOAD ./drivers/fsl_usart.o
LOAD ./device/system_LPC55S28.o
LOAD ./component/uart/usart_adapter.o
LOAD ./component/serial_manager/serial_manager.o
LOAD ./component/serial_manager/serial_port_uart.o
LOAD ./component/osa/fsl_os_abstraction_bm.o
LOAD ./component/lists/generic_list.o
LOAD ./board/board.o
LOAD ./board/clock_config.o
LOAD ./board/peripherals.o
LOAD ./board/pin_mux.o
LOAD ./board/sdmmc_config.o
LOAD C:\Users\rapicano\Documents\MCUXpressoProjects\Test_cJSON\libs\libpower_hardabi.a
START GROUP
LOAD c:/nxp/mcuxpressoide_11.2.1_4149/ide/plugins/com.nxp.mcuxpresso.tools.win32_11.2.0.202008311134/tools/bin/../lib/gcc/arm-none-eabi/9.2.1/../../../../arm-none-eabi/lib/thumb/v8-m.main+fp/hard\libcr_semihost_nf.a
LOAD c:/nxp/mcuxpressoide_11.2.1_4149/ide/plugins/com.nxp.mcuxpresso.tools.win32_11.2.0.202008311134/tools/bin/../lib/gcc/arm-none-eabi/9.2.1/../../../../arm-none-eabi/lib/thumb/v8-m.main+fp/hard\libcr_c.a
LOAD c:/nxp/mcuxpressoide_11.2.1_4149/ide/plugins/com.nxp.mcuxpresso.tools.win32_11.2.0.202008311134/tools/bin/../lib/gcc/arm-none-eabi/9.2.1/thumb/v8-m.main+fp/hard\libcr_eabihelpers.a
LOAD c:/nxp/mcuxpressoide_11.2.1_4149/ide/plugins/com.nxp.mcuxpresso.tools.win32_11.2.0.202008311134/tools/bin/../lib/gcc/arm-none-eabi/9.2.1/thumb/v8-m.main+fp/hard\libgcc.a
END GROUP
                0x00000000                __base_PROGRAM_FLASH = 0x0
                0x00000000                __base_Flash = 0x0
                0x00080000                __top_PROGRAM_FLASH = 0x80000
                0x00080000                __top_Flash = 0x80000
                0x20000000                __base_SRAM = 0x20000000
                0x20000000                __base_RAM = 0x20000000
                0x20030000                __top_SRAM = 0x20030000
                0x20030000                __top_RAM = 0x20030000
                0x20040000                __base_SRAM4 = 0x20040000
                0x20040000                __base_RAM2 = 0x20040000
                0x20044000                __top_SRAM4 = 0x20044000
                0x20044000                __top_RAM2 = 0x20044000
                0x04000000                __base_SRAMX = 0x4000000
                0x04000000                __base_RAM3 = 0x4000000
                0x04008000                __top_SRAMX = 0x4008000
                0x04008000                __top_RAM3 = 0x4008000
                0x40100000                __base_USB_RAM = 0x40100000
                0x40100000                __base_RAM4 = 0x40100000
                0x40104000                __top_USB_RAM = 0x40104000
                0x40104000                __top_RAM4 = 0x40104000

.text           0x00000000     0xac64
 FILL mask 0xff
                0x00000000                __vectors_start__ = ABSOLUTE (.)
 *(SORT_BY_ALIGNMENT(.isr_vector))
 .isr_vector    0x00000000      0x130 ./startup/startup_lpc55s28.o
                0x00000000                g_pfnVectors
                0x00000000                __Vectors
                0x00000130                . = ALIGN (0x4)
                0x00000130                __section_table_start = .
                0x00000130                __data_section_table = .
                0x00000130        0x4 LONG 0xac64 LOADADDR (.data)
                0x00000134        0x4 LONG 0x20000000 ADDR (.data)
                0x00000138        0x4 LONG 0x8 SIZEOF (.data)
                0x0000013c        0x4 LONG 0xac64 LOADADDR (.data_RAM2)
                0x00000140        0x4 LONG 0x20040000 ADDR (.data_RAM2)
                0x00000144        0x4 LONG 0x0 SIZEOF (.data_RAM2)
                0x00000148        0x4 LONG 0xac64 LOADADDR (.data_RAM3)
                0x0000014c        0x4 LONG 0x4000000 ADDR (.data_RAM3)
                0x00000150        0x4 LONG 0x0 SIZEOF (.data_RAM3)
                0x00000154        0x4 LONG 0xac64 LOADADDR (.data_RAM4)
                0x00000158        0x4 LONG 0x40100000 ADDR (.data_RAM4)
                0x0000015c        0x4 LONG 0x0 SIZEOF (.data_RAM4)
                0x00000160                __data_section_table_end = .
                0x00000160                __bss_section_table = .
                0x00000160        0x4 LONG 0x20000008 ADDR (.bss)
                0x00000164        0x4 LONG 0x848 SIZEOF (.bss)
                0x00000168        0x4 LONG 0x20040000 ADDR (.bss_RAM2)
                0x0000016c        0x4 LONG 0x0 SIZEOF (.bss_RAM2)
                0x00000170        0x4 LONG 0x4000000 ADDR (.bss_RAM3)
                0x00000174        0x4 LONG 0x0 SIZEOF (.bss_RAM3)
                0x00000178        0x4 LONG 0x40100000 ADDR (.bss_RAM4)
                0x0000017c        0x4 LONG 0x0 SIZEOF (.bss_RAM4)
                0x00000180                __bss_section_table_end = .
                0x00000180                __section_table_end = .
 *(SORT_BY_ALIGNMENT(.after_vectors*))
 .after_vectors.reset
                0x00000180       0x4c ./startup/startup_lpc55s28.o
                0x00000180                ResetISR
 .after_vectors.init_data
                0x000001cc       0x1e ./startup/startup_lpc55s28.o
                0x000001cc                data_init
 .after_vectors.init_bss
                0x000001ea       0x12 ./startup/startup_lpc55s28.o
                0x000001ea                bss_init
 .after_vectors
                0x000001fc       0x16 ./startup/startup_lpc55s28.o
                0x000001fc                NMI_Handler
                0x00000200                MemManage_Handler
                0x00000202                BusFault_Handler
                0x00000204                UsageFault_Handler
                0x00000206                SecureFault_Handler
                0x00000208                SVC_Handler
                0x0000020a                DebugMon_Handler
                0x0000020c                PendSV_Handler
                0x0000020e                SysTick_Handler
                0x00000210                Reserved56_DriverIRQHandler
                0x00000210                PIN_INT0_DriverIRQHandler
                0x00000210                CTIMER2_DriverIRQHandler
                0x00000210                PIN_INT2_DriverIRQHandler
                0x00000210                PIN_INT3_DriverIRQHandler
                0x00000210                IntDefaultHandler
                0x00000210                USB0_DriverIRQHandler
                0x00000210                CASER_DriverIRQHandler
                0x00000210                MRT0_DriverIRQHandler
                0x00000210                UTICK0_DriverIRQHandler
                0x00000210                Reserved41_DriverIRQHandler
                0x00000210                PIN_INT4_DriverIRQHandler
                0x00000210                PIN_INT5_DriverIRQHandler
                0x00000210                SEC_GPIO_INT0_IRQ0_DriverIRQHandler
                0x00000210                Reserved47_DriverIRQHandler
                0x00000210                CTIMER4_DriverIRQHandler
                0x00000210                GINT1_DriverIRQHandler
                0x00000210                PIN_INT7_DriverIRQHandler
                0x00000210                SEC_VIO_DriverIRQHandler
                0x00000210                HASHCRYPT_DriverIRQHandler
                0x00000210                USB0_NEEDCLK_DriverIRQHandler
                0x00000210                CTIMER0_DriverIRQHandler
                0x00000210                CTIMER1_DriverIRQHandler
                0x00000210                Reserved42_DriverIRQHandler
                0x00000210                PIN_INT6_DriverIRQHandler
                0x00000210                PQ_DriverIRQHandler
                0x00000210                PIN_INT1_DriverIRQHandler
                0x00000210                CTIMER3_DriverIRQHandler
                0x00000210                Reserved61_DriverIRQHandler
                0x00000210                SEC_GPIO_INT0_IRQ1_DriverIRQHandler
                0x00000210                PUF_DriverIRQHandler
                0x00000210                RTC_DriverIRQHandler
                0x00000210                DMA0_DriverIRQHandler
                0x00000210                Reserved39_DriverIRQHandler
                0x00000210                USB1_DriverIRQHandler
                0x00000210                Reserved60_DriverIRQHandler
                0x00000210                DMA1_DriverIRQHandler
                0x00000210                ADC0_DriverIRQHandler
                0x00000210                USB1_NEEDCLK_DriverIRQHandler
                0x00000210                Reserved59_DriverIRQHandler
                0x00000210                GINT0_DriverIRQHandler
                0x00000210                USB1_PHY_DriverIRQHandler
                0x00000210                ACMP_DriverIRQHandler
                0x00000210                Reserved57_DriverIRQHandler
                0x00000210                Reserved55_DriverIRQHandler
                0x00000210                Reserved46_DriverIRQHandler
                0x00000210                WDT_BOD_DriverIRQHandler
                0x00000210                SCT0_DriverIRQHandler
                0x00000210                PLU_DriverIRQHandler
                0x00000210                OS_EVENT_DriverIRQHandler
                0x00000210                SEC_HYPERVISOR_CALL_DriverIRQHandler
 *(SORT_BY_ALIGNMENT(.text*))
 *fill*         0x00000212        0x2 ff
 .text.__assertion_failed
                0x00000214       0x18 ./utilities/fsl_assert.o
                0x00000214                __assertion_failed
 .text.main     0x0000022c      0x36c ./source/Test_cJSON.o
                0x0000022c                main
 .text.POWER_SetBodVbatLevel
                0x00000598       0x58 ./source/inizializations.o
 .text.sdcardWaitCardInsert
                0x000005f0       0x6c ./source/sd_handler.o
                0x000005f0                sdcardWaitCardInsert
 .text.SD_SendApplicationCmd
                0x0000065c       0x30 ./sdmmc/src/fsl_sd.o
 .text.SD_GoIdle
                0x0000068c       0x2c ./sdmmc/src/fsl_sd.o
 .text.SD_SetBlockSize
                0x000006b8       0x30 ./sdmmc/src/fsl_sd.o
 .text.SD_StopTransmission
                0x000006e8       0x80 ./sdmmc/src/fsl_sd.o
 .text.SD_Transfer
                0x00000768       0x64 ./sdmmc/src/fsl_sd.o
 .text.SD_WaitWriteComplete
                0x000007cc       0x8c ./sdmmc/src/fsl_sd.o
 .text.SD_SendWriteSuccessBlocks
                0x00000858       0xe0 ./sdmmc/src/fsl_sd.o
 .text.SD_SendRca
                0x00000938       0x74 ./sdmmc/src/fsl_sd.o
 .text.SD_SwitchFunction
                0x000009ac       0xc8 ./sdmmc/src/fsl_sd.o
 .text.SD_DecodeScr
                0x00000a74      0x17c ./sdmmc/src/fsl_sd.o
 .text.SD_SendScr
                0x00000bf0      0x134 ./sdmmc/src/fsl_sd.o
 .text.SD_SelectFunction
                0x00000d24      0x2b0 ./sdmmc/src/fsl_sd.o
 .text.SD_SetDataBusWidth
                0x00000fd4       0xa0 ./sdmmc/src/fsl_sd.o
 .text.SD_DecodeCsd
                0x00001074      0x378 ./sdmmc/src/fsl_sd.o
 .text.SD_SendCsd
                0x000013ec       0x98 ./sdmmc/src/fsl_sd.o
 .text.SD_DecodeCid
                0x00001484       0xd4 ./sdmmc/src/fsl_sd.o
 .text.SD_AllSendCid
                0x00001558       0x8c ./sdmmc/src/fsl_sd.o
 .text.SD_ApplicationSendOperationCondition
                0x000015e4       0xdc ./sdmmc/src/fsl_sd.o
 .text.SD_SendInterfaceCondition
                0x000016c0       0x98 ./sdmmc/src/fsl_sd.o
 .text.SD_SelectBusTiming
                0x00001758       0xe0 ./sdmmc/src/fsl_sd.o
 .text.SD_DecodeStatus
                0x00001838      0x114 ./sdmmc/src/fsl_sd.o
 .text.SD_ReadStatus
                0x0000194c      0x160 ./sdmmc/src/fsl_sd.o
                0x0000194c                SD_ReadStatus
 .text.SD_SelectCard
                0x00001aac       0x38 ./sdmmc/src/fsl_sd.o
                0x00001aac                SD_SelectCard
 .text.SD_Read  0x00001ae4      0x12c ./sdmmc/src/fsl_sd.o
 .text.SD_Write
                0x00001c10      0x164 ./sdmmc/src/fsl_sd.o
 .text.SD_ReadBlocks
                0x00001d74      0x144 ./sdmmc/src/fsl_sd.o
                0x00001d74                SD_ReadBlocks
 .text.SD_WriteBlocks
                0x00001eb8      0x14c ./sdmmc/src/fsl_sd.o
                0x00001eb8                SD_WriteBlocks
 .text.SD_ProbeBusVoltage
                0x00002004       0x9c ./sdmmc/src/fsl_sd.o
                0x00002004                SD_ProbeBusVoltage
 .text.SD_CardInit
                0x000020a0      0x148 ./sdmmc/src/fsl_sd.o
                0x000020a0                SD_CardInit
 .text.SD_CardDeinit
                0x000021e8       0x28 ./sdmmc/src/fsl_sd.o
                0x000021e8                SD_CardDeinit
 .text.SD_HostInit
                0x00002210       0x80 ./sdmmc/src/fsl_sd.o
                0x00002210                SD_HostInit
 .text.SD_SetCardPower
                0x00002290       0x50 ./sdmmc/src/fsl_sd.o
                0x00002290                SD_SetCardPower
 .text.SD_PollingCardInsert
                0x000022e0       0xcc ./sdmmc/src/fsl_sd.o
                0x000022e0                SD_PollingCardInsert
 .text.SDMMC_SelectCard
                0x000023ac       0x80 ./sdmmc/src/fsl_sdmmc_common.o
                0x000023ac                SDMMC_SelectCard
 .text.SDMMC_SendApplicationCommand
                0x0000242c       0x7c ./sdmmc/src/fsl_sdmmc_common.o
                0x0000242c                SDMMC_SendApplicationCommand
 .text.SDMMC_SetBlockSize
                0x000024a8       0x68 ./sdmmc/src/fsl_sdmmc_common.o
                0x000024a8                SDMMC_SetBlockSize
 .text.SDMMC_OSAEventCreate
                0x00002510       0x2c ./sdmmc/osa/fsl_sdmmc_osa.o
                0x00002510                SDMMC_OSAEventCreate
 .text.SDMMC_OSAEventWait
                0x0000253c       0x60 ./sdmmc/osa/fsl_sdmmc_osa.o
                0x0000253c                SDMMC_OSAEventWait
 .text.SDMMC_OSAEventSet
                0x0000259c       0x2c ./sdmmc/osa/fsl_sdmmc_osa.o
                0x0000259c                SDMMC_OSAEventSet
 .text.SDMMC_OSAEventGet
                0x000025c8       0x40 ./sdmmc/osa/fsl_sdmmc_osa.o
                0x000025c8                SDMMC_OSAEventGet
 .text.SDMMC_OSAEventClear
                0x00002608       0x2c ./sdmmc/osa/fsl_sdmmc_osa.o
                0x00002608                SDMMC_OSAEventClear
 .text.SDMMC_OSADelay
                0x00002634       0x28 ./sdmmc/osa/fsl_sdmmc_osa.o
                0x00002634                SDMMC_OSADelay
 .text.SDMMCHOST_PollingCardDetectStatus
                0x0000265c       0xd4 ./sdmmc/host/fsl_sdmmc_host.o
                0x0000265c                SDMMCHOST_PollingCardDetectStatus
 .text.SDMMCHOST_Init
                0x00002730       0xbc ./sdmmc/host/fsl_sdmmc_host.o
                0x00002730                SDMMCHOST_Init
 .text.sd_disk_write
                0x000027ec       0x40 ./fatfs/source/fsl_sd_disk/fsl_sd_disk.o
                0x000027ec                sd_disk_write
 .text.sd_disk_read
                0x0000282c       0x40 ./fatfs/source/fsl_sd_disk/fsl_sd_disk.o
                0x0000282c                sd_disk_read
 .text.sd_disk_ioctl
                0x0000286c       0xa4 ./fatfs/source/fsl_sd_disk/fsl_sd_disk.o
                0x0000286c                sd_disk_ioctl
 .text.sd_disk_initialize
                0x00002910       0x68 ./fatfs/source/fsl_sd_disk/fsl_sd_disk.o
                0x00002910                sd_disk_initialize
 .text.sync_fs  0x00002978       0xdc ./fatfs/source/ff.o
 .text.create_name
                0x00002a54      0x200 ./fatfs/source/ff.o
 .text.get_ldnumber
                0x00002c54       0x90 ./fatfs/source/ff.o
 .text.check_fs
                0x00002ce4      0x118 ./fatfs/source/ff.o
 .text.mount_volume
                0x00002dfc      0x404 ./fatfs/source/ff.o
 .text.f_open   0x00003200      0x304 ./fatfs/source/ff.o
                0x00003200                f_open
 .text.f_sync   0x00003504      0x100 ./fatfs/source/ff.o
                0x00003504                f_sync
 .text.f_mkdir  0x00003604      0x1b8 ./fatfs/source/ff.o
                0x00003604                f_mkdir
 .text.POWER_EnablePD
                0x000037bc       0x20 ./drivers/fsl_clock.o
 .text.POWER_DisablePD
                0x000037dc       0x20 ./drivers/fsl_clock.o
 .text.CLOCK_AttachClk
                0x000037fc       0x98 ./drivers/fsl_clock.o
                0x000037fc                CLOCK_AttachClk
 .text.CLOCK_SetClkDiv
                0x00003894       0x5c ./drivers/fsl_clock.o
                0x00003894                CLOCK_SetClkDiv
 .text.CLOCK_SetupFROClocking
                0x000038f0       0x80 ./drivers/fsl_clock.o
                0x000038f0                CLOCK_SetupFROClocking
 .text.CLOCK_SetFLASHAccessCyclesForFreq
                0x00003970      0x148 ./drivers/fsl_clock.o
                0x00003970                CLOCK_SetFLASHAccessCyclesForFreq
 .text.CLOCK_SetupExtClocking
                0x00003ab8       0x50 ./drivers/fsl_clock.o
                0x00003ab8                CLOCK_SetupExtClocking
 .text.CLOCK_GetSdioClkFreq
                0x00003b08       0x88 ./drivers/fsl_clock.o
                0x00003b08                CLOCK_GetSdioClkFreq
 .text.CLOCK_GetFro12MFreq
                0x00003b90       0x28 ./drivers/fsl_clock.o
                0x00003b90                CLOCK_GetFro12MFreq
 .text.CLOCK_GetFro1MFreq
                0x00003bb8       0x28 ./drivers/fsl_clock.o
                0x00003bb8                CLOCK_GetFro1MFreq
 .text.CLOCK_GetExtClkFreq
                0x00003be0       0x2c ./drivers/fsl_clock.o
                0x00003be0                CLOCK_GetExtClkFreq
 .text.CLOCK_GetFroHfFreq
                0x00003c0c       0x28 ./drivers/fsl_clock.o
                0x00003c0c                CLOCK_GetFroHfFreq
 .text.CLOCK_GetPll0OutFreq
                0x00003c34       0x18 ./drivers/fsl_clock.o
                0x00003c34                CLOCK_GetPll0OutFreq
 .text.CLOCK_GetPll1OutFreq
                0x00003c4c       0x18 ./drivers/fsl_clock.o
                0x00003c4c                CLOCK_GetPll1OutFreq
 .text.CLOCK_GetOsc32KFreq
                0x00003c64       0x58 ./drivers/fsl_clock.o
                0x00003c64                CLOCK_GetOsc32KFreq
 .text.CLOCK_GetCoreSysClkFreq
                0x00003cbc       0xa8 ./drivers/fsl_clock.o
                0x00003cbc                CLOCK_GetCoreSysClkFreq
 .text.CLOCK_GetPLL0InClockRate
                0x00003d64       0x64 ./drivers/fsl_clock.o
                0x00003d64                CLOCK_GetPLL0InClockRate
 .text.CLOCK_SetPLL0Freq
                0x00003dc8      0x12c ./drivers/fsl_clock.o
                0x00003dc8                CLOCK_SetPLL0Freq
 .text.SDK_DelayAtLeastUs
                0x00003ef4       0x90 ./drivers/fsl_common.o
                0x00003ef4                SDK_DelayAtLeastUs
 .text.FLEXCOMM0_DriverIRQHandler
                0x00003f84       0x38 ./drivers/fsl_flexcomm.o
                0x00003f84                FLEXCOMM0_DriverIRQHandler
 .text.FLEXCOMM1_DriverIRQHandler
                0x00003fbc       0x38 ./drivers/fsl_flexcomm.o
                0x00003fbc                FLEXCOMM1_DriverIRQHandler
 .text.FLEXCOMM2_DriverIRQHandler
                0x00003ff4       0x38 ./drivers/fsl_flexcomm.o
                0x00003ff4                FLEXCOMM2_DriverIRQHandler
 .text.FLEXCOMM3_DriverIRQHandler
                0x0000402c       0x38 ./drivers/fsl_flexcomm.o
                0x0000402c                FLEXCOMM3_DriverIRQHandler
 .text.FLEXCOMM4_DriverIRQHandler
                0x00004064       0x38 ./drivers/fsl_flexcomm.o
                0x00004064                FLEXCOMM4_DriverIRQHandler
 .text.FLEXCOMM5_DriverIRQHandler
                0x0000409c       0x38 ./drivers/fsl_flexcomm.o
                0x0000409c                FLEXCOMM5_DriverIRQHandler
 .text.FLEXCOMM6_DriverIRQHandler
                0x000040d4       0x38 ./drivers/fsl_flexcomm.o
                0x000040d4                FLEXCOMM6_DriverIRQHandler
 .text.FLEXCOMM7_DriverIRQHandler
                0x0000410c       0x38 ./drivers/fsl_flexcomm.o
                0x0000410c                FLEXCOMM7_DriverIRQHandler
 .text.FLEXCOMM8_DriverIRQHandler
                0x00004144       0x38 ./drivers/fsl_flexcomm.o
                0x00004144                FLEXCOMM8_DriverIRQHandler
 .text.RESET_SetPeripheralReset
                0x0000417c       0x5c ./drivers/fsl_reset.o
                0x0000417c                RESET_SetPeripheralReset
 .text.RESET_ClearPeripheralReset
                0x000041d8       0x60 ./drivers/fsl_reset.o
                0x000041d8                RESET_ClearPeripheralReset
 .text.__NVIC_EnableIRQ
                0x00004238       0x3c ./drivers/fsl_sdif.o
 .text.SDIF_GetInstance
                0x00004274       0x40 ./drivers/fsl_sdif.o
 .text.SDIF_TransferConfig
                0x000042b4      0x1a4 ./drivers/fsl_sdif.o
 .text.SDIF_SendCommand
                0x00004458       0x58 ./drivers/fsl_sdif.o
                0x00004458                SDIF_SendCommand
 .text.SDIF_ConfigClockDelay
                0x000044b0       0x6c ./drivers/fsl_sdif.o
                0x000044b0                SDIF_ConfigClockDelay
 .text.SDIF_SetCardClock
                0x0000451c       0xec ./drivers/fsl_sdif.o
                0x0000451c                SDIF_SetCardClock
 .text.SDIF_InternalDMAConfig
                0x00004608      0x294 ./drivers/fsl_sdif.o
                0x00004608                SDIF_InternalDMAConfig
 .text.SDIF_Init
                0x0000489c       0x80 ./drivers/fsl_sdif.o
                0x0000489c                SDIF_Init
 .text.SDIF_TransferNonBlocking
                0x0000491c       0xe0 ./drivers/fsl_sdif.o
                0x0000491c                SDIF_TransferNonBlocking
 .text.SDIF_TransferCreateHandle
                0x000049fc       0xb0 ./drivers/fsl_sdif.o
                0x000049fc                SDIF_TransferCreateHandle
 .text.SDIF_TransferHandleCommand
                0x00004aac       0xb4 ./drivers/fsl_sdif.o
 .text.SDIF_TransferHandleData
                0x00004b60      0x158 ./drivers/fsl_sdif.o
 .text.SDIF_TransferHandleIRQ
                0x00004cb8       0xa8 ./drivers/fsl_sdif.o
 .text.SDIO_DriverIRQHandler
                0x00004d60       0x34 ./drivers/fsl_sdif.o
                0x00004d60                SDIO_DriverIRQHandler
 .text.SystemInit
                0x00004d94       0x64 ./device/system_LPC55S28.o
                0x00004d94                SystemInit
 .text.OSA_EventCreate
                0x00004df8       0x48 ./component/osa/fsl_os_abstraction_bm.o
                0x00004df8                OSA_EventCreate
 .text.BOARD_InitDebugConsole
                0x00004e40       0x38 ./board/board.o
                0x00004e40                BOARD_InitDebugConsole
 .text.POWER_DisablePD
                0x00004e78       0x20 ./board/clock_config.o
 .text.BOARD_BootClockPLL150M
                0x00004e98      0x130 ./board/clock_config.o
                0x00004e98                BOARD_BootClockPLL150M
 .text.BOARD_InitPins
                0x00004fc8      0x104 ./board/pin_mux.o
                0x00004fc8                BOARD_InitPins
 .text.__NVIC_SetPriority
                0x000050cc       0x54 ./board/sdmmc_config.o
 .text.BOARD_SDIF0ClockConfiguration
                0x00005120       0x38 ./board/sdmmc_config.o
                0x00005120                BOARD_SDIF0ClockConfiguration
 .text.BOARD_SDCardDetectInit
                0x00005158       0x34 ./board/sdmmc_config.o
                0x00005158                BOARD_SDCardDetectInit
 .text.BOARD_SD_Config
                0x0000518c       0x80 ./board/sdmmc_config.o
                0x0000518c                BOARD_SD_Config
 .text.lowpower_set_system_voltage
                0x0000520c       0xa0 C:\Users\rapicano\Documents\MCUXpressoProjects\Test_cJSON\libs\libpower_hardabi.a(fsl_power_lib.o)
 .text.lowpower_set_voltage_for_process
                0x000052ac       0x84 C:\Users\rapicano\Documents\MCUXpressoProjects\Test_cJSON\libs\libpower_hardabi.a(fsl_power_lib.o)
 .text.POWER_SetVoltageForFreq
                0x00005330       0x84 C:\Users\rapicano\Documents\MCUXpressoProjects\Test_cJSON\libs\libpower_hardabi.a(fsl_power_lib.o)
                0x00005330                POWER_SetVoltageForFreq
 .text.__filbuf
                0x000053b4      0x178 c:/nxp/mcuxpressoide_11.2.1_4149/ide/plugins/com.nxp.mcuxpresso.tools.win32_11.2.0.202008311134/tools/bin/../lib/gcc/arm-none-eabi/9.2.1/../../../../arm-none-eabi/lib/thumb/v8-m.main+fp/hard\libcr_c.a(__fillbuf.o)
                0x000053b4                __filbuf
 .text._Cwritebuf
                0x0000552c       0x6c c:/nxp/mcuxpressoide_11.2.1_4149/ide/plugins/com.nxp.mcuxpresso.tools.win32_11.2.0.202008311134/tools/bin/../lib/gcc/arm-none-eabi/9.2.1/../../../../arm-none-eabi/lib/thumb/v8-m.main+fp/hard\libcr_c.a(_writebuf.o)
                0x0000552c                _Cwritebuf
 .text.malloc   0x00005598       0xc8 c:/nxp/mcuxpressoide_11.2.1_4149/ide/plugins/com.nxp.mcuxpresso.tools.win32_11.2.0.202008311134/tools/bin/../lib/gcc/arm-none-eabi/9.2.1/../../../../arm-none-eabi/lib/thumb/v8-m.main+fp/hard\libcr_c.a(alloc.o)
                0x00005598                malloc
 .text._Csys_alloc
                0x00005660       0x20 c:/nxp/mcuxpressoide_11.2.1_4149/ide/plugins/com.nxp.mcuxpresso.tools.win32_11.2.0.202008311134/tools/bin/../lib/gcc/arm-none-eabi/9.2.1/../../../../arm-none-eabi/lib/thumb/v8-m.main+fp/hard\libcr_c.a(alloc.o)
                0x00005660                _Csys_alloc
 .text.fseek    0x00005680      0x100 c:/nxp/mcuxpressoide_11.2.1_4149/ide/plugins/com.nxp.mcuxpresso.tools.win32_11.2.0.202008311134/tools/bin/../lib/gcc/arm-none-eabi/9.2.1/../../../../arm-none-eabi/lib/thumb/v8-m.main+fp/hard\libcr_c.a(fseek.o)
                0x00005680                fseek
 .text.ftell    0x00005780       0x44 c:/nxp/mcuxpressoide_11.2.1_4149/ide/plugins/com.nxp.mcuxpresso.tools.win32_11.2.0.202008311134/tools/bin/../lib/gcc/arm-none-eabi/9.2.1/../../../../arm-none-eabi/lib/thumb/v8-m.main+fp/hard\libcr_c.a(ftell.o)
                0x00005780                ftell
 .text._initio  0x000057c4       0x78 c:/nxp/mcuxpressoide_11.2.1_4149/ide/plugins/com.nxp.mcuxpresso.tools.win32_11.2.0.202008311134/tools/bin/../lib/gcc/arm-none-eabi/9.2.1/../../../../arm-none-eabi/lib/thumb/v8-m.main+fp/hard\libcr_c.a(initio.o)
                0x000057c4                _initio
 .text.__vfprintf
                0x0000583c      0xcdc c:/nxp/mcuxpressoide_11.2.1_4149/ide/plugins/com.nxp.mcuxpresso.tools.win32_11.2.0.202008311134/tools/bin/../lib/gcc/arm-none-eabi/9.2.1/../../../../arm-none-eabi/lib/thumb/v8-m.main+fp/hard\libcr_c.a(printf.o)
                0x0000583c                __vfprintf
 .text._vsnprintf
                0x00006518       0x68 c:/nxp/mcuxpressoide_11.2.1_4149/ide/plugins/com.nxp.mcuxpresso.tools.win32_11.2.0.202008311134/tools/bin/../lib/gcc/arm-none-eabi/9.2.1/../../../../arm-none-eabi/lib/thumb/v8-m.main+fp/hard\libcr_c.a(printf.o)
                0x00006518                _vsnprintf
 .text._printf  0x00006580       0x54 c:/nxp/mcuxpressoide_11.2.1_4149/ide/plugins/com.nxp.mcuxpresso.tools.win32_11.2.0.202008311134/tools/bin/../lib/gcc/arm-none-eabi/9.2.1/../../../../arm-none-eabi/lib/thumb/v8-m.main+fp/hard\libcr_c.a(printf.o)
                0x00006580                _printf
 .text._sbrk    0x000065d4       0x3c c:/nxp/mcuxpressoide_11.2.1_4149/ide/plugins/com.nxp.mcuxpresso.tools.win32_11.2.0.202008311134/tools/bin/../lib/gcc/arm-none-eabi/9.2.1/../../../../arm-none-eabi/lib/thumb/v8-m.main+fp/hard\libcr_c.a(_cr_sbrk.o)
                0x000065d4                _sbrk
 .text.fflush   0x00006610       0x44 c:/nxp/mcuxpressoide_11.2.1_4149/ide/plugins/com.nxp.mcuxpresso.tools.win32_11.2.0.202008311134/tools/bin/../lib/gcc/arm-none-eabi/9.2.1/../../../../arm-none-eabi/lib/thumb/v8-m.main+fp/hard\libcr_c.a(fflush.o)
                0x00006610                fflush
 .text.__check_heap_overflow
                0x00006654       0x18 c:/nxp/mcuxpressoide_11.2.1_4149/ide/plugins/com.nxp.mcuxpresso.tools.win32_11.2.0.202008311134/tools/bin/../lib/gcc/arm-none-eabi/9.2.1/../../../../arm-none-eabi/lib/thumb/v8-m.main+fp/hard\libcr_c.a(_cr_check_heap.o)
                0x00006654                __check_heap_overflow
 .text.__sys_appexit
                0x0000666c        0xc c:/nxp/mcuxpressoide_11.2.1_4149/ide/plugins/com.nxp.mcuxpresso.tools.win32_11.2.0.202008311134/tools/bin/../lib/gcc/arm-none-eabi/9.2.1/../../../../arm-none-eabi/lib/thumb/v8-m.main+fp/hard\libcr_semihost_nf.a(__sys_appexit.o)
                0x0000666c                __sys_appexit
                0x0000666c                __exit
 .text.WDT_BOD_IRQHandler
                0x00006678        0x8 ./startup/startup_lpc55s28.o
                0x00006678                WDT_BOD_IRQHandler
 .text.DMA0_IRQHandler
                0x00006680        0x8 ./startup/startup_lpc55s28.o
                0x00006680                DMA0_IRQHandler
 .text.GINT0_IRQHandler
                0x00006688        0x8 ./startup/startup_lpc55s28.o
                0x00006688                GINT0_IRQHandler
 .text.GINT1_IRQHandler
                0x00006690        0x8 ./startup/startup_lpc55s28.o
                0x00006690                GINT1_IRQHandler
 .text.PIN_INT0_IRQHandler
                0x00006698        0x8 ./startup/startup_lpc55s28.o
                0x00006698                PIN_INT0_IRQHandler
 .text.PIN_INT1_IRQHandler
                0x000066a0        0x8 ./startup/startup_lpc55s28.o
                0x000066a0                PIN_INT1_IRQHandler
 .text.PIN_INT2_IRQHandler
                0x000066a8        0x8 ./startup/startup_lpc55s28.o
                0x000066a8                PIN_INT2_IRQHandler
 .text.PIN_INT3_IRQHandler
                0x000066b0        0x8 ./startup/startup_lpc55s28.o
                0x000066b0                PIN_INT3_IRQHandler
 .text.UTICK0_IRQHandler
                0x000066b8        0x8 ./startup/startup_lpc55s28.o
                0x000066b8                UTICK0_IRQHandler
 .text.MRT0_IRQHandler
                0x000066c0        0x8 ./startup/startup_lpc55s28.o
                0x000066c0                MRT0_IRQHandler
 .text.CTIMER0_IRQHandler
                0x000066c8        0x8 ./startup/startup_lpc55s28.o
                0x000066c8                CTIMER0_IRQHandler
 .text.CTIMER1_IRQHandler
                0x000066d0        0x8 ./startup/startup_lpc55s28.o
                0x000066d0                CTIMER1_IRQHandler
 .text.SCT0_IRQHandler
                0x000066d8        0x8 ./startup/startup_lpc55s28.o
                0x000066d8                SCT0_IRQHandler
 .text.CTIMER3_IRQHandler
                0x000066e0        0x8 ./startup/startup_lpc55s28.o
                0x000066e0                CTIMER3_IRQHandler
 .text.FLEXCOMM0_IRQHandler
                0x000066e8        0x8 ./startup/startup_lpc55s28.o
                0x000066e8                FLEXCOMM0_IRQHandler
 .text.FLEXCOMM1_IRQHandler
                0x000066f0        0x8 ./startup/startup_lpc55s28.o
                0x000066f0                FLEXCOMM1_IRQHandler
 .text.FLEXCOMM2_IRQHandler
                0x000066f8        0x8 ./startup/startup_lpc55s28.o
                0x000066f8                FLEXCOMM2_IRQHandler
 .text.FLEXCOMM3_IRQHandler
                0x00006700        0x8 ./startup/startup_lpc55s28.o
                0x00006700                FLEXCOMM3_IRQHandler
 .text.FLEXCOMM4_IRQHandler
                0x00006708        0x8 ./startup/startup_lpc55s28.o
                0x00006708                FLEXCOMM4_IRQHandler
 .text.FLEXCOMM5_IRQHandler
                0x00006710        0x8 ./startup/startup_lpc55s28.o
                0x00006710                FLEXCOMM5_IRQHandler
 .text.FLEXCOMM6_IRQHandler
                0x00006718        0x8 ./startup/startup_lpc55s28.o
                0x00006718                FLEXCOMM6_IRQHandler
 .text.FLEXCOMM7_IRQHandler
                0x00006720        0x8 ./startup/startup_lpc55s28.o
                0x00006720                FLEXCOMM7_IRQHandler
 .text.ADC0_IRQHandler
                0x00006728        0x8 ./startup/startup_lpc55s28.o
                0x00006728                ADC0_IRQHandler
 .text.Reserved39_IRQHandler
                0x00006730        0x8 ./startup/startup_lpc55s28.o
                0x00006730                Reserved39_IRQHandler
 .text.ACMP_IRQHandler
                0x00006738        0x8 ./startup/startup_lpc55s28.o
                0x00006738                ACMP_IRQHandler
 .text.Reserved41_IRQHandler
                0x00006740        0x8 ./startup/startup_lpc55s28.o
                0x00006740                Reserved41_IRQHandler
 .text.Reserved42_IRQHandler
                0x00006748        0x8 ./startup/startup_lpc55s28.o
                0x00006748                Reserved42_IRQHandler
 .text.USB0_NEEDCLK_IRQHandler
                0x00006750        0x8 ./startup/startup_lpc55s28.o
                0x00006750                USB0_NEEDCLK_IRQHandler
 .text.USB0_IRQHandler
                0x00006758        0x8 ./startup/startup_lpc55s28.o
                0x00006758                USB0_IRQHandler
 .text.RTC_IRQHandler
                0x00006760        0x8 ./startup/startup_lpc55s28.o
                0x00006760                RTC_IRQHandler
 .text.Reserved46_IRQHandler
                0x00006768        0x8 ./startup/startup_lpc55s28.o
                0x00006768                Reserved46_IRQHandler
 .text.Reserved47_IRQHandler
                0x00006770        0x8 ./startup/startup_lpc55s28.o
                0x00006770                Reserved47_IRQHandler
 .text.PIN_INT4_IRQHandler
                0x00006778        0x8 ./startup/startup_lpc55s28.o
                0x00006778                PIN_INT4_IRQHandler
 .text.PIN_INT5_IRQHandler
                0x00006780        0x8 ./startup/startup_lpc55s28.o
                0x00006780                PIN_INT5_IRQHandler
 .text.PIN_INT6_IRQHandler
                0x00006788        0x8 ./startup/startup_lpc55s28.o
                0x00006788                PIN_INT6_IRQHandler
 .text.PIN_INT7_IRQHandler
                0x00006790        0x8 ./startup/startup_lpc55s28.o
                0x00006790                PIN_INT7_IRQHandler
 .text.CTIMER2_IRQHandler
                0x00006798        0x8 ./startup/startup_lpc55s28.o
                0x00006798                CTIMER2_IRQHandler
 .text.CTIMER4_IRQHandler
                0x000067a0        0x8 ./startup/startup_lpc55s28.o
                0x000067a0                CTIMER4_IRQHandler
 .text.OS_EVENT_IRQHandler
                0x000067a8        0x8 ./startup/startup_lpc55s28.o
                0x000067a8                OS_EVENT_IRQHandler
 .text.Reserved55_IRQHandler
                0x000067b0        0x8 ./startup/startup_lpc55s28.o
                0x000067b0                Reserved55_IRQHandler
 .text.Reserved56_IRQHandler
                0x000067b8        0x8 ./startup/startup_lpc55s28.o
                0x000067b8                Reserved56_IRQHandler
 .text.Reserved57_IRQHandler
                0x000067c0        0x8 ./startup/startup_lpc55s28.o
                0x000067c0                Reserved57_IRQHandler
 .text.SDIO_IRQHandler
                0x000067c8        0x8 ./startup/startup_lpc55s28.o
                0x000067c8                SDIO_IRQHandler
 .text.Reserved59_IRQHandler
                0x000067d0        0x8 ./startup/startup_lpc55s28.o
                0x000067d0                Reserved59_IRQHandler
 .text.Reserved60_IRQHandler
                0x000067d8        0x8 ./startup/startup_lpc55s28.o
                0x000067d8                Reserved60_IRQHandler
 .text.Reserved61_IRQHandler
                0x000067e0        0x8 ./startup/startup_lpc55s28.o
                0x000067e0                Reserved61_IRQHandler
 .text.USB1_PHY_IRQHandler
                0x000067e8        0x8 ./startup/startup_lpc55s28.o
                0x000067e8                USB1_PHY_IRQHandler
 .text.USB1_IRQHandler
                0x000067f0        0x8 ./startup/startup_lpc55s28.o
                0x000067f0                USB1_IRQHandler
 .text.USB1_NEEDCLK_IRQHandler
                0x000067f8        0x8 ./startup/startup_lpc55s28.o
                0x000067f8                USB1_NEEDCLK_IRQHandler
 .text.SEC_HYPERVISOR_CALL_IRQHandler
                0x00006800        0x8 ./startup/startup_lpc55s28.o
                0x00006800                SEC_HYPERVISOR_CALL_IRQHandler
 .text.SEC_GPIO_INT0_IRQ0_IRQHandler
                0x00006808        0x8 ./startup/startup_lpc55s28.o
                0x00006808                SEC_GPIO_INT0_IRQ0_IRQHandler
 .text.SEC_GPIO_INT0_IRQ1_IRQHandler
                0x00006810        0x8 ./startup/startup_lpc55s28.o
                0x00006810                SEC_GPIO_INT0_IRQ1_IRQHandler
 .text.PLU_IRQHandler
                0x00006818        0x8 ./startup/startup_lpc55s28.o
                0x00006818                PLU_IRQHandler
 .text.SEC_VIO_IRQHandler
                0x00006820        0x8 ./startup/startup_lpc55s28.o
                0x00006820                SEC_VIO_IRQHandler
 .text.HASHCRYPT_IRQHandler
                0x00006828        0x8 ./startup/startup_lpc55s28.o
                0x00006828                HASHCRYPT_IRQHandler
 .text.CASER_IRQHandler
                0x00006830        0x8 ./startup/startup_lpc55s28.o
                0x00006830                CASER_IRQHandler
 .text.PUF_IRQHandler
                0x00006838        0x8 ./startup/startup_lpc55s28.o
                0x00006838                PUF_IRQHandler
 .text.PQ_IRQHandler
                0x00006840        0x8 ./startup/startup_lpc55s28.o
                0x00006840                PQ_IRQHandler
 .text.DMA1_IRQHandler
                0x00006848        0x8 ./startup/startup_lpc55s28.o
                0x00006848                DMA1_IRQHandler
 .text.FLEXCOMM8_IRQHandler
                0x00006850        0x8 ./startup/startup_lpc55s28.o
                0x00006850                FLEXCOMM8_IRQHandler
 .text.CLOCK_EnableClock
                0x00006858       0x30 ./source/inizializations.o
 .text.board_init
                0x00006888       0x2c ./source/inizializations.o
                0x00006888                board_init
 .text.HardFault_Handler
                0x000068b4       0x2c ./source/semihost_hardfault.o
                0x000068b4                HardFault_Handler
 .text.SDIF_GetControllerStatus
                0x000068e0       0x18 ./sdmmc/src/fsl_sd.o
 .text.SDMMCHOST_SendCardActive
                0x000068f8       0x1c ./sdmmc/src/fsl_sd.o
 .text.SDMMCHOST_SetCardClock
                0x00006914       0x24 ./sdmmc/src/fsl_sd.o
 .text.SDMMCHOST_IsCardBusy
                0x00006938       0x2c ./sdmmc/src/fsl_sd.o
 .text.SD_HostDoReset
                0x00006964       0x1a ./sdmmc/src/fsl_sd.o
                0x00006964                SD_HostDoReset
 .text.SDMMC_GoIdle
                0x0000697e       0x50 ./sdmmc/src/fsl_sdmmc_common.o
                0x0000697e                SDMMC_GoIdle
 .text.SDMMC_OSAInit
                0x000069ce        0xe ./sdmmc/osa/fsl_sdmmc_osa.o
                0x000069ce                SDMMC_OSAInit
 .text.SDIF_EnableCardPower
                0x000069dc       0x38 ./sdmmc/host/fsl_sdmmc_host.o
 .text.SDIF_EnableCard1Power
                0x00006a14       0x38 ./sdmmc/host/fsl_sdmmc_host.o
 .text.SDIF_DetectCardInsert
                0x00006a4c       0x46 ./sdmmc/host/fsl_sdmmc_host.o
 .text.SDIF_DetectCard1Insert
                0x00006a92       0x46 ./sdmmc/host/fsl_sdmmc_host.o
 .text.SDIF_EnableInterrupt
                0x00006ad8       0x22 ./sdmmc/host/fsl_sdmmc_host.o
 .text.SDIF_GetControllerStatus
                0x00006afa       0x18 ./sdmmc/host/fsl_sdmmc_host.o
 .text.SDMMCHOST_DetectCardInsertByHost
                0x00006b12       0x4c ./sdmmc/host/fsl_sdmmc_host.o
 .text.SDMMCHOST_DetectCardRemoveByHost
                0x00006b5e       0x4c ./sdmmc/host/fsl_sdmmc_host.o
 .text.SDMMCHOST_CardDetectInit
                0x00006baa       0x76 ./sdmmc/host/fsl_sdmmc_host.o
                0x00006baa                SDMMCHOST_CardDetectInit
 .text.SDMMCHOST_CardDetectStatus
                0x00006c20       0x6e ./sdmmc/host/fsl_sdmmc_host.o
                0x00006c20                SDMMCHOST_CardDetectStatus
 .text.SDMMCHOST_TransferCompleteCallback
                0x00006c8e       0x5a ./sdmmc/host/fsl_sdmmc_host.o
 .text.SDMMCHOST_TransferFunction
                0x00006ce8       0xf4 ./sdmmc/host/fsl_sdmmc_host.o
                0x00006ce8                SDMMCHOST_TransferFunction
 .text.SDMMCHOST_ErrorRecovery
                0x00006ddc       0x14 ./sdmmc/host/fsl_sdmmc_host.o
 .text.SDMMCHOST_SetCardPower
                0x00006df0       0x64 ./sdmmc/host/fsl_sdmmc_host.o
                0x00006df0                SDMMCHOST_SetCardPower
 .text.SDMMCHOST_Reset
                0x00006e54       0x1e ./sdmmc/host/fsl_sdmmc_host.o
                0x00006e54                SDMMCHOST_Reset
 .text.SDMMCHOST_SetCardBusWidth
                0x00006e72       0x62 ./sdmmc/host/fsl_sdmmc_host.o
                0x00006e72                SDMMCHOST_SetCardBusWidth
 .text.sd_disk_status
                0x00006ed4       0x22 ./fatfs/source/fsl_sd_disk/fsl_sd_disk.o
                0x00006ed4                sd_disk_status
 .text.disk_status
                0x00006ef6       0x2c ./fatfs/source/diskio.o
                0x00006ef6                disk_status
 .text.disk_initialize
                0x00006f22       0x2c ./fatfs/source/diskio.o
                0x00006f22                disk_initialize
 .text.disk_read
                0x00006f4e       0x36 ./fatfs/source/diskio.o
                0x00006f4e                disk_read
 .text.disk_write
                0x00006f84       0x36 ./fatfs/source/diskio.o
                0x00006f84                disk_write
 .text.disk_ioctl
                0x00006fba       0x36 ./fatfs/source/diskio.o
                0x00006fba                disk_ioctl
 .text.ld_word  0x00006ff0       0x30 ./fatfs/source/ff.o
 .text.ld_dword
                0x00007020       0x46 ./fatfs/source/ff.o
 .text.st_word  0x00007066       0x36 ./fatfs/source/ff.o
 .text.st_dword
                0x0000709c       0x58 ./fatfs/source/ff.o
 .text.mem_cpy  0x000070f4       0x42 ./fatfs/source/ff.o
 .text.mem_set  0x00007136       0x36 ./fatfs/source/ff.o
 .text.mem_cmp  0x0000716c       0x4e ./fatfs/source/ff.o
 .text.chk_chr  0x000071ba       0x36 ./fatfs/source/ff.o
 .text.dbc_1st  0x000071f0       0x40 ./fatfs/source/ff.o
 .text.dbc_2nd  0x00007230       0x54 ./fatfs/source/ff.o
 .text.sync_window
                0x00007284       0x78 ./fatfs/source/ff.o
 .text.move_window
                0x000072fc       0x5a ./fatfs/source/ff.o
 .text.clst2sect
                0x00007356       0x3e ./fatfs/source/ff.o
 .text.get_fat  0x00007394      0x150 ./fatfs/source/ff.o
 .text.put_fat  0x000074e4      0x1d8 ./fatfs/source/ff.o
 .text.remove_chain
                0x000076bc       0xca ./fatfs/source/ff.o
 .text.create_chain
                0x00007786      0x1a2 ./fatfs/source/ff.o
 .text.dir_clear
                0x00007928       0x90 ./fatfs/source/ff.o
 .text.dir_sdi  0x000079b8       0xf6 ./fatfs/source/ff.o
 .text.dir_next
                0x00007aae      0x12c ./fatfs/source/ff.o
 .text.dir_alloc
                0x00007bda       0x8e ./fatfs/source/ff.o
 .text.ld_clust
                0x00007c68       0x3e ./fatfs/source/ff.o
 .text.st_clust
                0x00007ca6       0x40 ./fatfs/source/ff.o
 .text.dir_read
                0x00007ce6       0xba ./fatfs/source/ff.o
 .text.dir_find
                0x00007da0       0xaa ./fatfs/source/ff.o
 .text.dir_register
                0x00007e4a       0x64 ./fatfs/source/ff.o
 .text.get_fileinfo
                0x00007eae       0xc6 ./fatfs/source/ff.o
 .text.follow_path
                0x00007f74      0x11c ./fatfs/source/ff.o
 .text.find_volume
                0x00008090       0xc4 ./fatfs/source/ff.o
 .text.validate
                0x00008154       0x6a ./fatfs/source/ff.o
 .text.f_read   0x000081be      0x266 ./fatfs/source/ff.o
                0x000081be                f_read
 .text.f_write  0x00008424      0x2d2 ./fatfs/source/ff.o
                0x00008424                f_write
 .text.f_close  0x000086f6       0x40 ./fatfs/source/ff.o
                0x000086f6                f_close
 .text.f_lseek  0x00008736      0x25a ./fatfs/source/ff.o
                0x00008736                f_lseek
 .text.f_opendir
                0x00008990       0xb2 ./fatfs/source/ff.o
                0x00008990                f_opendir
 .text.f_readdir
                0x00008a42       0x7a ./fatfs/source/ff.o
                0x00008a42                f_readdir
 .text.CLOCK_IsPLL0Locked
                0x00008abc       0x24 ./drivers/fsl_clock.o
 .text.findPll0PreDiv
                0x00008ae0       0x3e ./drivers/fsl_clock.o
 .text.DelayLoop
                0x00008b1e       0x20 ./drivers/fsl_common.o
 .text.RESET_PeripheralReset
                0x00008b3e       0x1c ./drivers/fsl_reset.o
                0x00008b3e                RESET_PeripheralReset
 .text.CLOCK_EnableClock
                0x00008b5a       0x30 ./drivers/fsl_sdif.o
 .text.EnableIRQ
                0x00008b8a       0x2c ./drivers/fsl_sdif.o
 .text.SDIF_EnableCardClock
                0x00008bb6       0x38 ./drivers/fsl_sdif.o
 .text.SDIF_DetectCardInsert
                0x00008bee       0x46 ./drivers/fsl_sdif.o
 .text.SDIF_EnableGlobalInterrupt
                0x00008c34       0x38 ./drivers/fsl_sdif.o
 .text.SDIF_EnableInterrupt
                0x00008c6c       0x22 ./drivers/fsl_sdif.o
 .text.SDIF_DisableInterrupt
                0x00008c8e       0x24 ./drivers/fsl_sdif.o
 .text.SDIF_GetInterruptStatus
                0x00008cb2       0x18 ./drivers/fsl_sdif.o
 .text.SDIF_GetEnabledInterruptStatus
                0x00008cca       0x22 ./drivers/fsl_sdif.o
 .text.SDIF_ClearInterruptStatus
                0x00008cec       0x22 ./drivers/fsl_sdif.o
 .text.SDIF_EnableDmaInterrupt
                0x00008d0e       0x26 ./drivers/fsl_sdif.o
 .text.SDIF_DisableDmaInterrupt
                0x00008d34       0x28 ./drivers/fsl_sdif.o
 .text.SDIF_GetEnabledDMAInterruptStatus
                0x00008d5c       0x26 ./drivers/fsl_sdif.o
 .text.SDIF_ClearInternalDMAStatus
                0x00008d82       0x26 ./drivers/fsl_sdif.o
 .text.SDIF_EnableInternalDMA
                0x00008da8       0x58 ./drivers/fsl_sdif.o
 .text.SDIF_ReadCommandResponse
                0x00008e00       0x82 ./drivers/fsl_sdif.o
 .text.SDIF_SetCommandRegister
                0x00008e82       0x52 ./drivers/fsl_sdif.o
 .text.SDIF_ReadDataPort
                0x00008ed4       0xba ./drivers/fsl_sdif.o
 .text.SDIF_WriteDataPort
                0x00008f8e       0xb8 ./drivers/fsl_sdif.o
 .text.SDIF_Reset
                0x00009046       0x6c ./drivers/fsl_sdif.o
                0x00009046                SDIF_Reset
 .text.SDIF_SendCardActive
                0x000090b2       0x90 ./drivers/fsl_sdif.o
                0x000090b2                SDIF_SendCardActive
 .text.SDIF_SetCardBusWidth
                0x00009142       0x50 ./drivers/fsl_sdif.o
                0x00009142                SDIF_SetCardBusWidth
 .text.SDIF_SetCard1BusWidth
                0x00009192       0x50 ./drivers/fsl_sdif.o
                0x00009192                SDIF_SetCard1BusWidth
 .text.SDIF_TransferHandleDMA
                0x000091e2       0x9e ./drivers/fsl_sdif.o
 .text.SDIF_TransferHandleSDIOInterrupt
                0x00009280       0x28 ./drivers/fsl_sdif.o
 .text.SDIF_TransferHandleCardDetect
                0x000092a8       0x4e ./drivers/fsl_sdif.o
 .text.SystemInitHook
                0x000092f6        0xe ./device/system_LPC55S28.o
                0x000092f6                SystemInitHook
 .text.DisableGlobalIRQ
                0x00009304       0x22 ./component/osa/fsl_os_abstraction_bm.o
 .text.EnableGlobalIRQ
                0x00009326       0x20 ./component/osa/fsl_os_abstraction_bm.o
 .text.OSA_EnterCritical
                0x00009346       0x1a ./component/osa/fsl_os_abstraction_bm.o
                0x00009346                OSA_EnterCritical
 .text.OSA_ExitCritical
                0x00009360       0x16 ./component/osa/fsl_os_abstraction_bm.o
                0x00009360                OSA_ExitCritical
 .text.OSA_EventSet
                0x00009376       0x36 ./component/osa/fsl_os_abstraction_bm.o
                0x00009376                OSA_EventSet
 .text.OSA_EventClear
                0x000093ac       0x3c ./component/osa/fsl_os_abstraction_bm.o
                0x000093ac                OSA_EventClear
 .text.OSA_EventGet
                0x000093e8       0x44 ./component/osa/fsl_os_abstraction_bm.o
                0x000093e8                OSA_EventGet
 .text.OSA_EventWait
                0x0000942c       0x94 ./component/osa/fsl_os_abstraction_bm.o
                0x0000942c                OSA_EventWait
 .text.DbgConsole_Init
                0x000094c0       0x20 ./board/board.o
 .text.CLOCK_EnableClock
                0x000094e0       0x30 ./board/pin_mux.o
 .text.IOCON_PinMuxSet
                0x00009510       0x2e ./board/pin_mux.o
 .text.__main   0x0000953e        0xe c:/nxp/mcuxpressoide_11.2.1_4149/ide/plugins/com.nxp.mcuxpresso.tools.win32_11.2.0.202008311134/tools/bin/../lib/gcc/arm-none-eabi/9.2.1/../../../../arm-none-eabi/lib/thumb/v8-m.main+fp/hard\libcr_semihost_nf.a(_cr__main.o)
                0x0000953e                __CR_SEMIHOST
                0x0000953e                __main
 .text.memcpy   0x0000954c        0x4 c:/nxp/mcuxpressoide_11.2.1_4149/ide/plugins/com.nxp.mcuxpresso.tools.win32_11.2.0.202008311134/tools/bin/../lib/gcc/arm-none-eabi/9.2.1/../../../../arm-none-eabi/lib/thumb/v8-m.main+fp/hard\libcr_c.a(memcpy.o)
                0x0000954c                memcpy
 .text.memset   0x00009550        0x4 c:/nxp/mcuxpressoide_11.2.1_4149/ide/plugins/com.nxp.mcuxpresso.tools.win32_11.2.0.202008311134/tools/bin/../lib/gcc/arm-none-eabi/9.2.1/../../../../arm-none-eabi/lib/thumb/v8-m.main+fp/hard\libcr_c.a(memset.o)
                0x00009550                memset
 .text._Csys_read_
                0x00009554       0x22 c:/nxp/mcuxpressoide_11.2.1_4149/ide/plugins/com.nxp.mcuxpresso.tools.win32_11.2.0.202008311134/tools/bin/../lib/gcc/arm-none-eabi/9.2.1/../../../../arm-none-eabi/lib/thumb/v8-m.main+fp/hard\libcr_c.a(__fillbuf.o)
                0x00009554                _Csys_read_
 .text._deferredlazyseek
                0x00009576       0x40 c:/nxp/mcuxpressoide_11.2.1_4149/ide/plugins/com.nxp.mcuxpresso.tools.win32_11.2.0.202008311134/tools/bin/../lib/gcc/arm-none-eabi/9.2.1/../../../../arm-none-eabi/lib/thumb/v8-m.main+fp/hard\libcr_c.a(_deferredlazyseek.o)
                0x00009576                _deferredlazyseek
 .text.__flsbuf
                0x000095b6      0x140 c:/nxp/mcuxpressoide_11.2.1_4149/ide/plugins/com.nxp.mcuxpresso.tools.win32_11.2.0.202008311134/tools/bin/../lib/gcc/arm-none-eabi/9.2.1/../../../../arm-none-eabi/lib/thumb/v8-m.main+fp/hard\libcr_c.a(_deferredlazyseek.o)
                0x000095b6                __flsbuf
 .text._fflush  0x000096f6       0x52 c:/nxp/mcuxpressoide_11.2.1_4149/ide/plugins/com.nxp.mcuxpresso.tools.win32_11.2.0.202008311134/tools/bin/../lib/gcc/arm-none-eabi/9.2.1/../../../../arm-none-eabi/lib/thumb/v8-m.main+fp/hard\libcr_c.a(_fflush.o)
                0x000096f6                _fflush
 .text.free     0x00009748       0x30 c:/nxp/mcuxpressoide_11.2.1_4149/ide/plugins/com.nxp.mcuxpresso.tools.win32_11.2.0.202008311134/tools/bin/../lib/gcc/arm-none-eabi/9.2.1/../../../../arm-none-eabi/lib/thumb/v8-m.main+fp/hard\libcr_c.a(alloc.o)
                0x00009748                free
 .text.memcmp   0x00009778       0x42 c:/nxp/mcuxpressoide_11.2.1_4149/ide/plugins/com.nxp.mcuxpresso.tools.win32_11.2.0.202008311134/tools/bin/../lib/gcc/arm-none-eabi/9.2.1/../../../../arm-none-eabi/lib/thumb/v8-m.main+fp/hard\libcr_c.a(memcmp.o)
                0x00009778                memcmp
 .text.no_fp_display
                0x000097ba        0x4 c:/nxp/mcuxpressoide_11.2.1_4149/ide/plugins/com.nxp.mcuxpresso.tools.win32_11.2.0.202008311134/tools/bin/../lib/gcc/arm-none-eabi/9.2.1/../../../../arm-none-eabi/lib/thumb/v8-m.main+fp/hard\libcr_c.a(printf.o)
 .text.setvbuf  0x000097be       0x3e c:/nxp/mcuxpressoide_11.2.1_4149/ide/plugins/com.nxp.mcuxpresso.tools.win32_11.2.0.202008311134/tools/bin/../lib/gcc/arm-none-eabi/9.2.1/../../../../arm-none-eabi/lib/thumb/v8-m.main+fp/hard\libcr_c.a(setvbuf.o)
                0x000097be                setvbuf
 .text.strlen   0x000097fc       0x4c c:/nxp/mcuxpressoide_11.2.1_4149/ide/plugins/com.nxp.mcuxpresso.tools.win32_11.2.0.202008311134/tools/bin/../lib/gcc/arm-none-eabi/9.2.1/../../../../arm-none-eabi/lib/thumb/v8-m.main+fp/hard\libcr_c.a(strlen.o)
                0x000097fc                strlen
 .text._fdopen  0x00009848       0x68 c:/nxp/mcuxpressoide_11.2.1_4149/ide/plugins/com.nxp.mcuxpresso.tools.win32_11.2.0.202008311134/tools/bin/../lib/gcc/arm-none-eabi/9.2.1/../../../../arm-none-eabi/lib/thumb/v8-m.main+fp/hard\libcr_c.a(_fdopen.o)
                0x00009848                _fdopen
 .text.fclose   0x000098b0       0x58 c:/nxp/mcuxpressoide_11.2.1_4149/ide/plugins/com.nxp.mcuxpresso.tools.win32_11.2.0.202008311134/tools/bin/../lib/gcc/arm-none-eabi/9.2.1/../../../../arm-none-eabi/lib/thumb/v8-m.main+fp/hard\libcr_c.a(fclose.o)
                0x000098b0                fclose
 .text.remove   0x00009908       0x14 c:/nxp/mcuxpressoide_11.2.1_4149/ide/plugins/com.nxp.mcuxpresso.tools.win32_11.2.0.202008311134/tools/bin/../lib/gcc/arm-none-eabi/9.2.1/../../../../arm-none-eabi/lib/thumb/v8-m.main+fp/hard\libcr_c.a(remove.o)
                0x00009908                remove
 .text._do_fflush
                0x0000991c       0x40 c:/nxp/mcuxpressoide_11.2.1_4149/ide/plugins/com.nxp.mcuxpresso.tools.win32_11.2.0.202008311134/tools/bin/../lib/gcc/arm-none-eabi/9.2.1/../../../../arm-none-eabi/lib/thumb/v8-m.main+fp/hard\libcr_c.a(_do_fflush.o)
                0x0000991c                _do_fflush
 .text.__aeabi_division_uldivmod
                0x0000995c      0x174 c:/nxp/mcuxpressoide_11.2.1_4149/ide/plugins/com.nxp.mcuxpresso.tools.win32_11.2.0.202008311134/tools/bin/../lib/gcc/arm-none-eabi/9.2.1/thumb/v8-m.main+fp/hard\libcr_eabihelpers.a(division_64.o)
                0x0000995c                __aeabi_uldivmod
                0x00009960                __bhs_ldivmod1
 .text.__aeabi_division_idiv0
                0x00009ad0        0x2 c:/nxp/mcuxpressoide_11.2.1_4149/ide/plugins/com.nxp.mcuxpresso.tools.win32_11.2.0.202008311134/tools/bin/../lib/gcc/arm-none-eabi/9.2.1/thumb/v8-m.main+fp/hard\libcr_eabihelpers.a(division_idiv0.o)
                0x00009ad0                __aeabi_idiv0
 .text.__aeabi_memcpy
                0x00009ad2       0x34 c:/nxp/mcuxpressoide_11.2.1_4149/ide/plugins/com.nxp.mcuxpresso.tools.win32_11.2.0.202008311134/tools/bin/../lib/gcc/arm-none-eabi/9.2.1/thumb/v8-m.main+fp/hard\libcr_eabihelpers.a(memcpy.o)
                0x00009ad2                __aeabi_memcpy
                0x00009adc                __aeabi_memcpy8
                0x00009adc                __aeabi_memcpy4
 .text.__aeabi_memset_lowlevel
                0x00009b06       0x32 c:/nxp/mcuxpressoide_11.2.1_4149/ide/plugins/com.nxp.mcuxpresso.tools.win32_11.2.0.202008311134/tools/bin/../lib/gcc/arm-none-eabi/9.2.1/thumb/v8-m.main+fp/hard\libcr_eabihelpers.a(memcpy.o)
                0x00009b06                __aeabi_lowlevel_memset
 .text.__sys_close
                0x00009b38        0xc c:/nxp/mcuxpressoide_11.2.1_4149/ide/plugins/com.nxp.mcuxpresso.tools.win32_11.2.0.202008311134/tools/bin/../lib/gcc/arm-none-eabi/9.2.1/../../../../arm-none-eabi/lib/thumb/v8-m.main+fp/hard\libcr_semihost_nf.a(__sys_close.o)
                0x00009b38                __sys_close
 .text.__sys_flen
                0x00009b44        0xc c:/nxp/mcuxpressoide_11.2.1_4149/ide/plugins/com.nxp.mcuxpresso.tools.win32_11.2.0.202008311134/tools/bin/../lib/gcc/arm-none-eabi/9.2.1/../../../../arm-none-eabi/lib/thumb/v8-m.main+fp/hard\libcr_semihost_nf.a(__sys_flen.o)
                0x00009b44                __sys_flen
 .text.__sys_istty
                0x00009b50        0xc c:/nxp/mcuxpressoide_11.2.1_4149/ide/plugins/com.nxp.mcuxpresso.tools.win32_11.2.0.202008311134/tools/bin/../lib/gcc/arm-none-eabi/9.2.1/../../../../arm-none-eabi/lib/thumb/v8-m.main+fp/hard\libcr_semihost_nf.a(__sys_istty.o)
                0x00009b50                __sys_istty
 .text.__sys_read
                0x00009b5c        0xc c:/nxp/mcuxpressoide_11.2.1_4149/ide/plugins/com.nxp.mcuxpresso.tools.win32_11.2.0.202008311134/tools/bin/../lib/gcc/arm-none-eabi/9.2.1/../../../../arm-none-eabi/lib/thumb/v8-m.main+fp/hard\libcr_semihost_nf.a(__sys_read.o)
                0x00009b5c                __sys_read
 .text.__sys_readc
                0x00009b68        0x8 c:/nxp/mcuxpressoide_11.2.1_4149/ide/plugins/com.nxp.mcuxpresso.tools.win32_11.2.0.202008311134/tools/bin/../lib/gcc/arm-none-eabi/9.2.1/../../../../arm-none-eabi/lib/thumb/v8-m.main+fp/hard\libcr_semihost_nf.a(__sys_readc.o)
                0x00009b68                __sys_readc
                0x00009b68                __readc
 .text.__sys_remove
                0x00009b70        0xc c:/nxp/mcuxpressoide_11.2.1_4149/ide/plugins/com.nxp.mcuxpresso.tools.win32_11.2.0.202008311134/tools/bin/../lib/gcc/arm-none-eabi/9.2.1/../../../../arm-none-eabi/lib/thumb/v8-m.main+fp/hard\libcr_semihost_nf.a(__sys_remove.o)
                0x00009b70                __sys_remove
 .text.__sys_seek
                0x00009b7c        0xc c:/nxp/mcuxpressoide_11.2.1_4149/ide/plugins/com.nxp.mcuxpresso.tools.win32_11.2.0.202008311134/tools/bin/../lib/gcc/arm-none-eabi/9.2.1/../../../../arm-none-eabi/lib/thumb/v8-m.main+fp/hard\libcr_semihost_nf.a(__sys_seek.o)
                0x00009b7c                __sys_seek
 .text.__sys_tmpnam
                0x00009b88        0xc c:/nxp/mcuxpressoide_11.2.1_4149/ide/plugins/com.nxp.mcuxpresso.tools.win32_11.2.0.202008311134/tools/bin/../lib/gcc/arm-none-eabi/9.2.1/../../../../arm-none-eabi/lib/thumb/v8-m.main+fp/hard\libcr_semihost_nf.a(__sys_tmpnam.o)
                0x00009b88                __sys_tmpnam
 .text.__sys_write
                0x00009b94        0xc c:/nxp/mcuxpressoide_11.2.1_4149/ide/plugins/com.nxp.mcuxpresso.tools.win32_11.2.0.202008311134/tools/bin/../lib/gcc/arm-none-eabi/9.2.1/../../../../arm-none-eabi/lib/thumb/v8-m.main+fp/hard\libcr_semihost_nf.a(__sys_write.o)
                0x00009b94                __sys_write
 *(SORT_BY_ALIGNMENT(.rodata) SORT_BY_ALIGNMENT(.rodata.*) SORT_BY_ALIGNMENT(.constdata) SORT_BY_ALIGNMENT(.constdata.*))
 .rodata.__assertion_failed.str1.4
                0x00009ba0       0x14 ./utilities/fsl_assert.o
 .rodata.main.str1.4
                0x00009bb4      0x3db ./source/Test_cJSON.o
 *fill*         0x00009f8f        0x1 ff
 .rodata.sdcardWaitCardInsert.str1.4
                0x00009f90       0x42 ./source/sd_handler.o
 *fill*         0x00009fd2        0x2 ff
 .rodata.SD_SendApplicationCmd.str1.4
                0x00009fd4       0x15 ./sdmmc/src/fsl_sd.o
 *fill*         0x00009fe9        0x3 ff
 .rodata.SD_GoIdle.str1.4
                0x00009fec       0x15 ./sdmmc/src/fsl_sd.o
 *fill*         0x0000a001        0x3 ff
 .rodata.SD_SetBlockSize.str1.4
                0x0000a004       0x15 ./sdmmc/src/fsl_sd.o
 *fill*         0x0000a019        0x3 ff
 .rodata.SD_StopTransmission.str1.4
                0x0000a01c       0x15 ./sdmmc/src/fsl_sd.o
 *fill*         0x0000a031        0x3 ff
 .rodata.SD_Transfer.str1.4
                0x0000a034       0x18 ./sdmmc/src/fsl_sd.o
 .rodata.SD_WaitWriteComplete.str1.4
                0x0000a04c       0x15 ./sdmmc/src/fsl_sd.o
 *fill*         0x0000a061        0x3 ff
 .rodata.SD_SendWriteSuccessBlocks.str1.4
                0x0000a064       0x15 ./sdmmc/src/fsl_sd.o
 *fill*         0x0000a079        0x3 ff
 .rodata.SD_SendRca.str1.4
                0x0000a07c       0x15 ./sdmmc/src/fsl_sd.o
 *fill*         0x0000a091        0x3 ff
 .rodata.SD_SwitchFunction.str1.4
                0x0000a094       0x2f ./sdmmc/src/fsl_sd.o
 *fill*         0x0000a0c3        0x1 ff
 .rodata.SD_DecodeScr.str1.4
                0x0000a0c4       0x2f ./sdmmc/src/fsl_sd.o
 *fill*         0x0000a0f3        0x1 ff
 .rodata.SD_SendScr.str1.4
                0x0000a0f4       0x15 ./sdmmc/src/fsl_sd.o
 *fill*         0x0000a109        0x3 ff
 .rodata.SD_SelectFunction.str1.4
                0x0000a10c       0x15 ./sdmmc/src/fsl_sd.o
 *fill*         0x0000a121        0x3 ff
 .rodata.SD_SetDataBusWidth.str1.4
                0x0000a124       0x15 ./sdmmc/src/fsl_sd.o
 *fill*         0x0000a139        0x3 ff
 .rodata.SD_DecodeCsd.str1.4
                0x0000a13c       0x2f ./sdmmc/src/fsl_sd.o
 *fill*         0x0000a16b        0x1 ff
 .rodata.SD_SendCsd.str1.4
                0x0000a16c       0x16 ./sdmmc/src/fsl_sd.o
 *fill*         0x0000a182        0x2 ff
 .rodata.SD_DecodeCid.str1.4
                0x0000a184       0x30 ./sdmmc/src/fsl_sd.o
 .rodata.SD_AllSendCid.str1.4
                0x0000a1b4       0x16 ./sdmmc/src/fsl_sd.o
 *fill*         0x0000a1ca        0x2 ff
 .rodata.SD_ApplicationSendOperationCondition.str1.4
                0x0000a1cc       0x16 ./sdmmc/src/fsl_sd.o
 *fill*         0x0000a1e2        0x2 ff
 .rodata.SD_SendInterfaceCondition.str1.4
                0x0000a1e4       0x16 ./sdmmc/src/fsl_sd.o
 *fill*         0x0000a1fa        0x2 ff
 .rodata.SD_SelectBusTiming.str1.4
                0x0000a1fc       0x16 ./sdmmc/src/fsl_sd.o
 *fill*         0x0000a212        0x2 ff
 .rodata.SD_DecodeStatus.str1.4
                0x0000a214       0x2d ./sdmmc/src/fsl_sd.o
 *fill*         0x0000a241        0x3 ff
 .rodata.SD_ReadStatus.str1.4
                0x0000a244       0x16 ./sdmmc/src/fsl_sd.o
 *fill*         0x0000a25a        0x2 ff
 .rodata.SD_SelectCard.str1.4
                0x0000a25c       0x16 ./sdmmc/src/fsl_sd.o
 *fill*         0x0000a272        0x2 ff
 .rodata.SD_Read.str1.4
                0x0000a274       0x87 ./sdmmc/src/fsl_sd.o
 *fill*         0x0000a2fb        0x1 ff
 .rodata.SD_Write.str1.4
                0x0000a2fc       0x87 ./sdmmc/src/fsl_sd.o
 *fill*         0x0000a383        0x1 ff
 .rodata.SD_ReadBlocks.str1.4
                0x0000a384       0x8b ./sdmmc/src/fsl_sd.o
 *fill*         0x0000a40f        0x1 ff
 .rodata.SD_WriteBlocks.str1.4
                0x0000a410       0x8b ./sdmmc/src/fsl_sd.o
 *fill*         0x0000a49b        0x1 ff
 .rodata.SD_ProbeBusVoltage.str1.4
                0x0000a49c       0x16 ./sdmmc/src/fsl_sd.o
 *fill*         0x0000a4b2        0x2 ff
 .rodata.SD_CardInit.str1.4
                0x0000a4b4       0x43 ./sdmmc/src/fsl_sd.o
 *fill*         0x0000a4f7        0x1 ff
 .rodata.SD_CardDeinit.str1.4
                0x0000a4f8       0x16 ./sdmmc/src/fsl_sd.o
 *fill*         0x0000a50e        0x2 ff
 .rodata.SD_HostInit.str1.4
                0x0000a510       0x43 ./sdmmc/src/fsl_sd.o
 *fill*         0x0000a553        0x1 ff
 .rodata.SD_SetCardPower.str1.4
                0x0000a554       0x1e ./sdmmc/src/fsl_sd.o
 *fill*         0x0000a572        0x2 ff
 .rodata.SD_PollingCardInsert.str1.4
                0x0000a574       0x4b ./sdmmc/src/fsl_sd.o
 *fill*         0x0000a5bf        0x1 ff
 .rodata.SDMMC_OSAEventCreate.str1.4
                0x0000a5c0       0x2a ./sdmmc/osa/fsl_sdmmc_osa.o
 *fill*         0x0000a5ea        0x2 ff
 .rodata.SDMMC_OSAEventWait.str1.4
                0x0000a5ec       0x2a ./sdmmc/osa/fsl_sdmmc_osa.o
 *fill*         0x0000a616        0x2 ff
 .rodata.SDMMC_OSAEventSet.str1.4
                0x0000a618       0x2a ./sdmmc/osa/fsl_sdmmc_osa.o
 *fill*         0x0000a642        0x2 ff
 .rodata.SDMMC_OSAEventGet.str1.4
                0x0000a644       0x50 ./sdmmc/osa/fsl_sdmmc_osa.o
 .rodata.SDMMC_OSAEventClear.str1.4
                0x0000a694       0x2b ./sdmmc/osa/fsl_sdmmc_osa.o
 *fill*         0x0000a6bf        0x1 ff
 .rodata.SDMMCHOST_PollingCardDetectStatus.str1.4
                0x0000a6c0       0x51 ./sdmmc/host/fsl_sdmmc_host.o
 *fill*         0x0000a711        0x3 ff
 .rodata.SDMMCHOST_Init.str1.4
                0x0000a714       0x58 ./sdmmc/host/fsl_sdmmc_host.o
 .rodata.create_name.str1.4
                0x0000a76c        0xf ./fatfs/source/ff.o
 *fill*         0x0000a77b        0x1 ff
 .rodata.check_fs.str1.4
                0x0000a77c        0x9 ./fatfs/source/ff.o
 *fill*         0x0000a785        0x3 ff
 .rodata.CLOCK_GetSdioClkFreq.str1.4
                0x0000a788       0x19 ./drivers/fsl_clock.o
 *fill*         0x0000a7a1        0x3 ff
 .rodata.SDK_DelayAtLeastUs.str1.4
                0x0000a7a4       0x4c ./drivers/fsl_common.o
 .rodata.FLEXCOMM0_DriverIRQHandler.str1.4
                0x0000a7f0       0x2e ./drivers/fsl_flexcomm.o
 *fill*         0x0000a81e        0x2 ff
 .rodata.FLEXCOMM1_DriverIRQHandler.str1.4
                0x0000a820       0x2e ./drivers/fsl_flexcomm.o
 *fill*         0x0000a84e        0x2 ff
 .rodata.FLEXCOMM2_DriverIRQHandler.str1.4
                0x0000a850       0x2e ./drivers/fsl_flexcomm.o
 *fill*         0x0000a87e        0x2 ff
 .rodata.FLEXCOMM3_DriverIRQHandler.str1.4
                0x0000a880       0x2e ./drivers/fsl_flexcomm.o
 *fill*         0x0000a8ae        0x2 ff
 .rodata.FLEXCOMM4_DriverIRQHandler.str1.4
                0x0000a8b0       0x2e ./drivers/fsl_flexcomm.o
 *fill*         0x0000a8de        0x2 ff
 .rodata.FLEXCOMM5_DriverIRQHandler.str1.4
                0x0000a8e0       0x2e ./drivers/fsl_flexcomm.o
 *fill*         0x0000a90e        0x2 ff
 .rodata.FLEXCOMM6_DriverIRQHandler.str1.4
                0x0000a910       0x2e ./drivers/fsl_flexcomm.o
 *fill*         0x0000a93e        0x2 ff
 .rodata.FLEXCOMM7_DriverIRQHandler.str1.4
                0x0000a940       0x2e ./drivers/fsl_flexcomm.o
 *fill*         0x0000a96e        0x2 ff
 .rodata.FLEXCOMM8_DriverIRQHandler.str1.4
                0x0000a970       0x2e ./drivers/fsl_flexcomm.o
 *fill*         0x0000a99e        0x2 ff
 .rodata.RESET_SetPeripheralReset.str1.4
                0x0000a9a0       0x1f ./drivers/fsl_reset.o
 *fill*         0x0000a9bf        0x1 ff
 .rodata.RESET_ClearPeripheralReset.str1.4
                0x0000a9c0       0x1f ./drivers/fsl_reset.o
 *fill*         0x0000a9df        0x1 ff
 .rodata.SDIF_GetInstance.str1.4
                0x0000a9e0       0x34 ./drivers/fsl_sdif.o
 .rodata.SDIF_SendCommand.str1.4
                0x0000aa14       0x1e ./drivers/fsl_sdif.o
 *fill*         0x0000aa32        0x2 ff
 .rodata.SDIF_SetCardClock.str1.4
                0x0000aa34       0x18 ./drivers/fsl_sdif.o
 .rodata.SDIF_InternalDMAConfig.str1.4
                0x0000aa4c       0x43 ./drivers/fsl_sdif.o
 *fill*         0x0000aa8f        0x1 ff
 .rodata.SDIF_Init.str1.4
                0x0000aa90       0x22 ./drivers/fsl_sdif.o
 *fill*         0x0000aab2        0x2 ff
 .rodata.SDIF_TransferNonBlocking.str1.4
                0x0000aab4       0x24 ./drivers/fsl_sdif.o
 .rodata.SDIF_TransferCreateHandle.str1.4
                0x0000aad8       0x48 ./drivers/fsl_sdif.o
 .rodata.SDIF_TransferHandleCommand.str1.4
                0x0000ab20       0x2b ./drivers/fsl_sdif.o
 *fill*         0x0000ab4b        0x1 ff
 .rodata.SDIF_TransferHandleData.str1.4
                0x0000ab4c       0x28 ./drivers/fsl_sdif.o
 .rodata.SDIF_TransferHandleIRQ.str1.4
                0x0000ab74       0x22 ./drivers/fsl_sdif.o
 *fill*         0x0000ab96        0x2 ff
 .rodata.SDIO_DriverIRQHandler.str1.4
                0x0000ab98       0x2b ./drivers/fsl_sdif.o
 *fill*         0x0000abc3        0x1 ff
 .rodata.OSA_EventCreate.str1.4
                0x0000abc4       0x2b ./component/osa/fsl_os_abstraction_bm.o
 *fill*         0x0000abef        0x1 ff
 .rodata.BOARD_SD_Config.str1.4
                0x0000abf0       0x1a ./board/sdmmc_config.o
 *fill*         0x0000ac0a        0x2 ff
 .rodata.__num_Ciob_streams
                0x0000ac0c        0x4 c:/nxp/mcuxpressoide_11.2.1_4149/ide/plugins/com.nxp.mcuxpresso.tools.win32_11.2.0.202008311134/tools/bin/../lib/gcc/arm-none-eabi/9.2.1/../../../../arm-none-eabi/lib/thumb/v8-m.main+fp/hard\libcr_semihost_nf.a(__ciob.o)
                0x0000ac0c                __num_Ciob_streams
 .rodata._Csys_alloc.str1.1
                0x0000ac10       0x18 c:/nxp/mcuxpressoide_11.2.1_4149/ide/plugins/com.nxp.mcuxpresso.tools.win32_11.2.0.202008311134/tools/bin/../lib/gcc/arm-none-eabi/9.2.1/../../../../arm-none-eabi/lib/thumb/v8-m.main+fp/hard\libcr_c.a(alloc.o)
 .rodata._initio.str1.1
                0x0000ac28        0x4 c:/nxp/mcuxpressoide_11.2.1_4149/ide/plugins/com.nxp.mcuxpresso.tools.win32_11.2.0.202008311134/tools/bin/../lib/gcc/arm-none-eabi/9.2.1/../../../../arm-none-eabi/lib/thumb/v8-m.main+fp/hard\libcr_c.a(initio.o)
 .rodata.__vfprintf.str1.1
                0x0000ac2c       0x37 c:/nxp/mcuxpressoide_11.2.1_4149/ide/plugins/com.nxp.mcuxpresso.tools.win32_11.2.0.202008311134/tools/bin/../lib/gcc/arm-none-eabi/9.2.1/../../../../arm-none-eabi/lib/thumb/v8-m.main+fp/hard\libcr_c.a(printf.o)
                                 0x38 (size before relaxing)
                0x0000ac64                . = ALIGN (0x4)
 *fill*         0x0000ac63        0x1 ff

.glue_7         0x0000ac64        0x0
 .glue_7        0x0000ac64        0x0 linker stubs

.glue_7t        0x0000ac64        0x0
 .glue_7t       0x0000ac64        0x0 linker stubs

.vfp11_veneer   0x0000ac64        0x0
 .vfp11_veneer  0x0000ac64        0x0 linker stubs

.v4_bx          0x0000ac64        0x0
 .v4_bx         0x0000ac64        0x0 linker stubs

.iplt           0x0000ac64        0x0
 .iplt          0x0000ac64        0x0 ./utilities/fsl_assert.o

.rel.dyn        0x0000ac64        0x0
 .rel.iplt      0x0000ac64        0x0 ./utilities/fsl_assert.o

.ARM.extab
 *(SORT_BY_ALIGNMENT(.ARM.extab*) SORT_BY_ALIGNMENT(.gnu.linkonce.armextab.*))

.ARM.exidx      0x0000ac64        0x0
                0x0000ac64                __exidx_start = .
 *(SORT_BY_ALIGNMENT(.ARM.exidx*) SORT_BY_ALIGNMENT(.gnu.linkonce.armexidx.*))
                0x0000ac64                __exidx_end = .
                0x0000ac64                _etext = .

.m_usb_data
 *(SORT_BY_ALIGNMENT(m_usb_global))

.data_RAM2      0x20040000        0x0 load address 0x0000ac64
 FILL mask 0xff
                [!provide]                PROVIDE (__start_data_RAM2 = .)
                [!provide]                PROVIDE (__start_data_SRAM4 = .)
 *(SORT_BY_ALIGNMENT(.ramfunc.$RAM2))
 *(SORT_BY_ALIGNMENT(.ramfunc.$SRAM4))
 *(SORT_BY_ALIGNMENT(.data.$RAM2))
 *(SORT_BY_ALIGNMENT(.data.$SRAM4))
 *(SORT_BY_ALIGNMENT(.data.$RAM2.*))
 *(SORT_BY_ALIGNMENT(.data.$SRAM4.*))
                0x20040000                . = ALIGN (0x4)
                [!provide]                PROVIDE (__end_data_RAM2 = .)
                [!provide]                PROVIDE (__end_data_SRAM4 = .)

.data_RAM3      0x04000000        0x0 load address 0x0000ac64
 FILL mask 0xff
                [!provide]                PROVIDE (__start_data_RAM3 = .)
                [!provide]                PROVIDE (__start_data_SRAMX = .)
 *(SORT_BY_ALIGNMENT(.ramfunc.$RAM3))
 *(SORT_BY_ALIGNMENT(.ramfunc.$SRAMX))
 *(SORT_BY_ALIGNMENT(.data.$RAM3))
 *(SORT_BY_ALIGNMENT(.data.$SRAMX))
 *(SORT_BY_ALIGNMENT(.data.$RAM3.*))
 *(SORT_BY_ALIGNMENT(.data.$SRAMX.*))
                0x04000000                . = ALIGN (0x4)
                [!provide]                PROVIDE (__end_data_RAM3 = .)
                [!provide]                PROVIDE (__end_data_SRAMX = .)

.data_RAM4      0x40100000        0x0 load address 0x0000ac64
 FILL mask 0xff
                [!provide]                PROVIDE (__start_data_RAM4 = .)
                [!provide]                PROVIDE (__start_data_USB_RAM = .)
 *(SORT_BY_ALIGNMENT(.ramfunc.$RAM4))
 *(SORT_BY_ALIGNMENT(.ramfunc.$USB_RAM))
 *(SORT_BY_ALIGNMENT(.data.$RAM4))
 *(SORT_BY_ALIGNMENT(.data.$USB_RAM))
 *(SORT_BY_ALIGNMENT(.data.$RAM4.*))
 *(SORT_BY_ALIGNMENT(.data.$USB_RAM.*))
                0x40100000                . = ALIGN (0x4)
                [!provide]                PROVIDE (__end_data_RAM4 = .)
                [!provide]                PROVIDE (__end_data_USB_RAM = .)

.uninit_RESERVED
                0x20000000        0x0
                0x20000000                _start_uninit_RESERVED = .
 *(SORT_BY_ALIGNMENT(.bss.$RESERVED*))
                0x20000000                . = ALIGN (0x4)
                0x20000000                _end_uninit_RESERVED = .

.data           0x20000000        0x8 load address 0x0000ac64
 FILL mask 0xff
                0x20000000                _data = .
                [!provide]                PROVIDE (__start_data_RAM = .)
                [!provide]                PROVIDE (__start_data_SRAM = .)
 *(SORT_BY_ALIGNMENT(vtable))
 *(SORT_BY_ALIGNMENT(.ramfunc*))
 *(SORT_BY_ALIGNMENT(CodeQuickAccess))
 *(SORT_BY_ALIGNMENT(DataQuickAccess))
 *(SORT_BY_ALIGNMENT(RamFunction))
 *(SORT_BY_ALIGNMENT(.data*))
 .data.s_Ext_Clk_Freq
                0x20000000        0x4 ./drivers/fsl_clock.o
 .data.SystemCoreClock
                0x20000004        0x4 ./device/system_LPC55S28.o
                0x20000004                SystemCoreClock
                0x20000008                . = ALIGN (0x4)
                0x20000008                _edata = .
                [!provide]                PROVIDE (__end_data_RAM = .)
                [!provide]                PROVIDE (__end_data_SRAM = .)

.igot.plt       0x20000008        0x0 load address 0x0000ac6c
 .igot.plt      0x20000008        0x0 ./utilities/fsl_assert.o

.bss_RAM2       0x20040000        0x0
                [!provide]                PROVIDE (__start_bss_RAM2 = .)
                [!provide]                PROVIDE (__start_bss_SRAM4 = .)
 *(SORT_BY_ALIGNMENT(.bss.$RAM2))
 *(SORT_BY_ALIGNMENT(.bss.$SRAM4))
 *(SORT_BY_ALIGNMENT(.bss.$RAM2.*))
 *(SORT_BY_ALIGNMENT(.bss.$SRAM4.*))
                0x20040000                . = ALIGN ((. != 0x0)?0x4:0x1)
                [!provide]                PROVIDE (__end_bss_RAM2 = .)
                [!provide]                PROVIDE (__end_bss_SRAM4 = .)

.bss_RAM3       0x04000000        0x0
                [!provide]                PROVIDE (__start_bss_RAM3 = .)
                [!provide]                PROVIDE (__start_bss_SRAMX = .)
 *(SORT_BY_ALIGNMENT(.bss.$RAM3))
 *(SORT_BY_ALIGNMENT(.bss.$SRAMX))
 *(SORT_BY_ALIGNMENT(.bss.$RAM3.*))
 *(SORT_BY_ALIGNMENT(.bss.$SRAMX.*))
                0x04000000                . = ALIGN ((. != 0x0)?0x4:0x1)
                [!provide]                PROVIDE (__end_bss_RAM3 = .)
                [!provide]                PROVIDE (__end_bss_SRAMX = .)

.bss_RAM4       0x40100000        0x0
                [!provide]                PROVIDE (__start_bss_RAM4 = .)
                [!provide]                PROVIDE (__start_bss_USB_RAM = .)
 *(SORT_BY_ALIGNMENT(.bss.$RAM4))
 *(SORT_BY_ALIGNMENT(.bss.$USB_RAM))
 *(SORT_BY_ALIGNMENT(.bss.$RAM4.*))
 *(SORT_BY_ALIGNMENT(.bss.$USB_RAM.*))
                0x40100000                . = ALIGN ((. != 0x0)?0x4:0x1)
                [!provide]                PROVIDE (__end_bss_RAM4 = .)
                [!provide]                PROVIDE (__end_bss_USB_RAM = .)

.bss            0x20000008      0x848
                0x20000008                _bss = .
                [!provide]                PROVIDE (__start_bss_RAM = .)
                [!provide]                PROVIDE (__start_bss_SRAM = .)
 *(SORT_BY_ALIGNMENT(.bss*))
 .bss.g_fileObject
                0x20000008      0x228 ./source/Test_cJSON.o
 .bss.g_bufferWrite
                0x20000230       0x64 ./source/Test_cJSON.o
                0x20000230                g_bufferWrite
 .bss.g_bufferRead
                0x20000294       0x64 ./source/Test_cJSON.o
                0x20000294                g_bufferRead
 .bss.g_sd      0x200002f8      0x294 ./fatfs/source/fsl_sd_disk/fsl_sd_disk.o
                0x200002f8                g_sd
 .bss.FatFs     0x2000058c       0x14 ./fatfs/source/ff.o
 .bss.s_Pll0_Freq
                0x200005a0        0x4 ./drivers/fsl_clock.o
 .bss.s_Pll1_Freq
                0x200005a4        0x4 ./drivers/fsl_clock.o
 .bss.s_flexcommIrqHandler
                0x200005a8       0x24 ./drivers/fsl_flexcomm.o
 .bss.s_flexcommHandle
                0x200005cc       0x24 ./drivers/fsl_flexcomm.o
 .bss.s_sdifHandle
                0x200005f0        0x4 ./drivers/fsl_sdif.o
 .bss.s_sdifIsr
                0x200005f4        0x4 ./drivers/fsl_sdif.o
 .bss.s_sdmmcHostDmaBuffer
                0x200005f8      0x100 ./board/sdmmc_config.o
 .bss.s_cd      0x200006f8       0x14 ./board/sdmmc_config.o
 .bss.s_host    0x2000070c       0x70 ./board/sdmmc_config.o
 .bss.s_event   0x2000077c       0x10 ./board/sdmmc_config.o
                0x2000077c                s_event
 .bss.__Ciob    0x2000078c       0xb4 c:/nxp/mcuxpressoide_11.2.1_4149/ide/plugins/com.nxp.mcuxpresso.tools.win32_11.2.0.202008311134/tools/bin/../lib/gcc/arm-none-eabi/9.2.1/../../../../arm-none-eabi/lib/thumb/v8-m.main+fp/hard\libcr_semihost_nf.a(__ciob.o)
                0x2000078c                __Ciob
 .bss.__end_of_heap
                0x20000840        0x4 c:/nxp/mcuxpressoide_11.2.1_4149/ide/plugins/com.nxp.mcuxpresso.tools.win32_11.2.0.202008311134/tools/bin/../lib/gcc/arm-none-eabi/9.2.1/../../../../arm-none-eabi/lib/thumb/v8-m.main+fp/hard\libcr_c.a(__init_alloc.o)
                0x20000840                __end_of_heap
 .bss.__heaps   0x20000844        0x4 c:/nxp/mcuxpressoide_11.2.1_4149/ide/plugins/com.nxp.mcuxpresso.tools.win32_11.2.0.202008311134/tools/bin/../lib/gcc/arm-none-eabi/9.2.1/../../../../arm-none-eabi/lib/thumb/v8-m.main+fp/hard\libcr_c.a(__init_alloc.o)
                0x20000844                __heaps
 .bss.errno     0x20000848        0x4 c:/nxp/mcuxpressoide_11.2.1_4149/ide/plugins/com.nxp.mcuxpresso.tools.win32_11.2.0.202008311134/tools/bin/../lib/gcc/arm-none-eabi/9.2.1/../../../../arm-none-eabi/lib/thumb/v8-m.main+fp/hard\libcr_c.a(errno.o)
                0x20000848                errno
 .bss.Fsid      0x2000084c        0x2 ./fatfs/source/ff.o
 .bss.CurrVol   0x2000084e        0x1 ./fatfs/source/ff.o
 *(SORT_BY_ALIGNMENT(COMMON))
                0x20000850                . = ALIGN (0x4)
 *fill*         0x2000084f        0x1 
                0x20000850                _ebss = .
                [!provide]                PROVIDE (__end_bss_RAM = .)
                [!provide]                PROVIDE (__end_bss_SRAM = .)
                [!provide]                PROVIDE (end = .)

.noinit_RAM2    0x20040000        0x0
                [!provide]                PROVIDE (__start_noinit_RAM2 = .)
                [!provide]                PROVIDE (__start_noinit_SRAM4 = .)
 *(SORT_BY_ALIGNMENT(.noinit.$RAM2))
 *(SORT_BY_ALIGNMENT(.noinit.$SRAM4))
 *(SORT_BY_ALIGNMENT(.noinit.$RAM2.*))
 *(SORT_BY_ALIGNMENT(.noinit.$SRAM4.*))
                0x20040000                . = ALIGN (0x4)
                [!provide]                PROVIDE (__end_noinit_RAM2 = .)
                [!provide]                PROVIDE (__end_noinit_SRAM4 = .)

.noinit_RAM3    0x04000000        0x0
                [!provide]                PROVIDE (__start_noinit_RAM3 = .)
                [!provide]                PROVIDE (__start_noinit_SRAMX = .)
 *(SORT_BY_ALIGNMENT(.noinit.$RAM3))
 *(SORT_BY_ALIGNMENT(.noinit.$SRAMX))
 *(SORT_BY_ALIGNMENT(.noinit.$RAM3.*))
 *(SORT_BY_ALIGNMENT(.noinit.$SRAMX.*))
                0x04000000                . = ALIGN (0x4)
                [!provide]                PROVIDE (__end_noinit_RAM3 = .)
                [!provide]                PROVIDE (__end_noinit_SRAMX = .)

.noinit_RAM4    0x40100000        0x0
                [!provide]                PROVIDE (__start_noinit_RAM4 = .)
                [!provide]                PROVIDE (__start_noinit_USB_RAM = .)
 *(SORT_BY_ALIGNMENT(.noinit.$RAM4))
 *(SORT_BY_ALIGNMENT(.noinit.$USB_RAM))
 *(SORT_BY_ALIGNMENT(.noinit.$RAM4.*))
 *(SORT_BY_ALIGNMENT(.noinit.$USB_RAM.*))
                0x40100000                . = ALIGN (0x4)
                [!provide]                PROVIDE (__end_noinit_RAM4 = .)
                [!provide]                PROVIDE (__end_noinit_USB_RAM = .)

.noinit         0x20000850        0x0
                0x20000850                _noinit = .
                [!provide]                PROVIDE (__start_noinit_RAM = .)
                [!provide]                PROVIDE (__start_noinit_SRAM = .)
 *(SORT_BY_ALIGNMENT(.noinit*))
                0x20000850                . = ALIGN (0x4)
                0x20000850                _end_noinit = .
                [!provide]                PROVIDE (__end_noinit_RAM = .)
                [!provide]                PROVIDE (__end_noinit_SRAM = .)
                0x00001000                _HeapSize = 0x1000

.heap           0x20000850     0x1000
                0x20000850                _pvHeapStart = .
                0x20001850                . = (. + _HeapSize)
 *fill*         0x20000850     0x1000 
                0x20001850                . = ALIGN (0x4)
                0x20001850                _pvHeapLimit = .
                0x00001000                _StackSize = 0x1000

.heap2stackfill
                0x20001850     0x1000
                0x20002850                . = (. + _StackSize)
 *fill*         0x20001850     0x1000 

.stack          0x2002f000        0x0
                0x2002f000                _vStackBase = .
                0x2002f000                . = ALIGN (0x4)
                0x20030000                _vStackTop = (. + _StackSize)
                [!provide]                PROVIDE (__valid_user_code_checksum = (0x0 - ((((((_vStackTop + (ResetISR + 0x1)) + (NMI_Handler + 0x1)) + (HardFault_Handler + 0x1)) + (DEFINED (MemManage_Handler)?MemManage_Handler:0x0 + 0x1)) + (DEFINED (BusFault_Handler)?BusFault_Handler:0x0 + 0x1)) + (DEFINED (UsageFault_Handler)?UsageFault_Handler:0x0 + 0x1))))
                0x00000000                _image_start = LOADADDR (.text)
                0x0000ac6c                _image_end = (LOADADDR (.data) + SIZEOF (.data))
                0x0000ac6c                _image_size = (_image_end - _image_start)
OUTPUT(Test_cJSON.axf elf32-littlearm)

.debug_info     0x00000000    0x21f44
 .debug_info    0x00000000      0x243 ./utilities/fsl_assert.o
 .debug_info    0x00000243      0x6fb ./startup/startup_lpc55s28.o
 .debug_info    0x0000093e     0x1802 ./source/Test_cJSON.o
 .debug_info    0x00002140     0x1701 ./source/inizializations.o
 .debug_info    0x00003841     0x175f ./source/sd_handler.o
 .debug_info    0x00004fa0       0x3c ./source/semihost_hardfault.o
 .debug_info    0x00004fdc     0x2d5a ./sdmmc/src/fsl_sd.o
 .debug_info    0x00007d36      0xd04 ./sdmmc/src/fsl_sdmmc_common.o
 .debug_info    0x00008a3a      0x336 ./sdmmc/osa/fsl_sdmmc_osa.o
 .debug_info    0x00008d70     0x1397 ./sdmmc/host/fsl_sdmmc_host.o
 .debug_info    0x0000a107     0x1518 ./fatfs/source/fsl_sd_disk/fsl_sd_disk.o
 .debug_info    0x0000b61f     0x113c ./fatfs/source/diskio.o
 .debug_info    0x0000c75b     0x24c3 ./fatfs/source/ff.o
 .debug_info    0x0000ec1e     0x315a ./drivers/fsl_clock.o
 .debug_info    0x00011d78      0x2a8 ./drivers/fsl_common.o
 .debug_info    0x00012020     0x19a6 ./drivers/fsl_flexcomm.o
 .debug_info    0x000139c6      0xed1 ./drivers/fsl_reset.o
 .debug_info    0x00014897     0x3067 ./drivers/fsl_sdif.o
 .debug_info    0x000178fe     0x136f ./device/system_LPC55S28.o
 .debug_info    0x00018c6d     0x1010 ./component/osa/fsl_os_abstraction_bm.o
 .debug_info    0x00019c7d      0xa4b ./board/board.o
 .debug_info    0x0001a6c8     0x15a9 ./board/clock_config.o
 .debug_info    0x0001bc71      0xf69 ./board/pin_mux.o
 .debug_info    0x0001cbda     0x1ea4 ./board/sdmmc_config.o
 .debug_info    0x0001ea7e     0x34c6 C:\Users\rapicano\Documents\MCUXpressoProjects\Test_cJSON\libs\libpower_hardabi.a(fsl_power_lib.o)

.debug_abbrev   0x00000000     0x39e1
 .debug_abbrev  0x00000000       0xe9 ./utilities/fsl_assert.o
 .debug_abbrev  0x000000e9      0x15a ./startup/startup_lpc55s28.o
 .debug_abbrev  0x00000243      0x26d ./source/Test_cJSON.o
 .debug_abbrev  0x000004b0      0x203 ./source/inizializations.o
 .debug_abbrev  0x000006b3      0x2a2 ./source/sd_handler.o
 .debug_abbrev  0x00000955       0x31 ./source/semihost_hardfault.o
 .debug_abbrev  0x00000986      0x382 ./sdmmc/src/fsl_sd.o
 .debug_abbrev  0x00000d08      0x1f9 ./sdmmc/src/fsl_sdmmc_common.o
 .debug_abbrev  0x00000f01      0x145 ./sdmmc/osa/fsl_sdmmc_osa.o
 .debug_abbrev  0x00001046      0x311 ./sdmmc/host/fsl_sdmmc_host.o
 .debug_abbrev  0x00001357      0x257 ./fatfs/source/fsl_sd_disk/fsl_sd_disk.o
 .debug_abbrev  0x000015ae      0x297 ./fatfs/source/diskio.o
 .debug_abbrev  0x00001845      0x27b ./fatfs/source/ff.o
 .debug_abbrev  0x00001ac0      0x38c ./drivers/fsl_clock.o
 .debug_abbrev  0x00001e4c      0x153 ./drivers/fsl_common.o
 .debug_abbrev  0x00001f9f      0x2d6 ./drivers/fsl_flexcomm.o
 .debug_abbrev  0x00002275      0x195 ./drivers/fsl_reset.o
 .debug_abbrev  0x0000240a      0x355 ./drivers/fsl_sdif.o
 .debug_abbrev  0x0000275f      0x1fa ./device/system_LPC55S28.o
 .debug_abbrev  0x00002959      0x389 ./component/osa/fsl_os_abstraction_bm.o
 .debug_abbrev  0x00002ce2      0x172 ./board/board.o
 .debug_abbrev  0x00002e54      0x212 ./board/clock_config.o
 .debug_abbrev  0x00003066      0x20b ./board/pin_mux.o
 .debug_abbrev  0x00003271      0x2dc ./board/sdmmc_config.o
 .debug_abbrev  0x0000354d      0x494 C:\Users\rapicano\Documents\MCUXpressoProjects\Test_cJSON\libs\libpower_hardabi.a(fsl_power_lib.o)

.debug_aranges  0x00000000     0x1110
 .debug_aranges
                0x00000000       0x20 ./utilities/fsl_assert.o
 .debug_aranges
                0x00000020      0x268 ./startup/startup_lpc55s28.o
 .debug_aranges
                0x00000288       0x20 ./source/Test_cJSON.o
 .debug_aranges
                0x000002a8       0x30 ./source/inizializations.o
 .debug_aranges
                0x000002d8       0x40 ./source/sd_handler.o
 .debug_aranges
                0x00000318       0x20 ./source/semihost_hardfault.o
 .debug_aranges
                0x00000338      0x1b0 ./sdmmc/src/fsl_sd.o
 .debug_aranges
                0x000004e8       0x48 ./sdmmc/src/fsl_sdmmc_common.o
 .debug_aranges
                0x00000530       0x58 ./sdmmc/osa/fsl_sdmmc_osa.o
 .debug_aranges
                0x00000588       0xf8 ./sdmmc/host/fsl_sdmmc_host.o
 .debug_aranges
                0x00000680       0x40 ./fatfs/source/fsl_sd_disk/fsl_sd_disk.o
 .debug_aranges
                0x000006c0       0x40 ./fatfs/source/diskio.o
 .debug_aranges
                0x00000700      0x218 ./fatfs/source/ff.o
 .debug_aranges
                0x00000918      0x220 ./drivers/fsl_clock.o
 .debug_aranges
                0x00000b38       0x38 ./drivers/fsl_common.o
 .debug_aranges
                0x00000b70       0x90 ./drivers/fsl_flexcomm.o
 .debug_aranges
                0x00000c00       0x30 ./drivers/fsl_reset.o
 .debug_aranges
                0x00000c30      0x1b0 ./drivers/fsl_sdif.o
 .debug_aranges
                0x00000de0       0x88 ./device/system_LPC55S28.o
 .debug_aranges
                0x00000e68      0x128 ./component/osa/fsl_os_abstraction_bm.o
 .debug_aranges
                0x00000f90       0x30 ./board/board.o
 .debug_aranges
                0x00000fc0       0x50 ./board/clock_config.o
 .debug_aranges
                0x00001010       0x38 ./board/pin_mux.o
 .debug_aranges
                0x00001048       0x38 ./board/sdmmc_config.o
 .debug_aranges
                0x00001080       0x90 C:\Users\rapicano\Documents\MCUXpressoProjects\Test_cJSON\libs\libpower_hardabi.a(fsl_power_lib.o)

.debug_ranges   0x00000000     0x10e8
 .debug_ranges  0x00000000       0x10 ./utilities/fsl_assert.o
 .debug_ranges  0x00000010      0x258 ./startup/startup_lpc55s28.o
 .debug_ranges  0x00000268       0x10 ./source/Test_cJSON.o
 .debug_ranges  0x00000278       0x20 ./source/inizializations.o
 .debug_ranges  0x00000298       0x30 ./source/sd_handler.o
 .debug_ranges  0x000002c8       0x10 ./source/semihost_hardfault.o
 .debug_ranges  0x000002d8      0x1a0 ./sdmmc/src/fsl_sd.o
 .debug_ranges  0x00000478       0x38 ./sdmmc/src/fsl_sdmmc_common.o
 .debug_ranges  0x000004b0       0x48 ./sdmmc/osa/fsl_sdmmc_osa.o
 .debug_ranges  0x000004f8       0xe8 ./sdmmc/host/fsl_sdmmc_host.o
 .debug_ranges  0x000005e0       0x30 ./fatfs/source/fsl_sd_disk/fsl_sd_disk.o
 .debug_ranges  0x00000610       0x30 ./fatfs/source/diskio.o
 .debug_ranges  0x00000640      0x208 ./fatfs/source/ff.o
 .debug_ranges  0x00000848      0x210 ./drivers/fsl_clock.o
 .debug_ranges  0x00000a58       0x28 ./drivers/fsl_common.o
 .debug_ranges  0x00000a80       0x80 ./drivers/fsl_flexcomm.o
 .debug_ranges  0x00000b00       0x20 ./drivers/fsl_reset.o
 .debug_ranges  0x00000b20      0x1a0 ./drivers/fsl_sdif.o
 .debug_ranges  0x00000cc0       0x78 ./device/system_LPC55S28.o
 .debug_ranges  0x00000d38      0x118 ./component/osa/fsl_os_abstraction_bm.o
 .debug_ranges  0x00000e50       0x20 ./board/board.o
 .debug_ranges  0x00000e70       0x40 ./board/clock_config.o
 .debug_ranges  0x00000eb0       0x28 ./board/pin_mux.o
 .debug_ranges  0x00000ed8       0x28 ./board/sdmmc_config.o
 .debug_ranges  0x00000f00      0x1e8 C:\Users\rapicano\Documents\MCUXpressoProjects\Test_cJSON\libs\libpower_hardabi.a(fsl_power_lib.o)

.debug_macro    0x00000000    0x175c6
 .debug_macro   0x00000000      0x166 ./utilities/fsl_assert.o
 .debug_macro   0x00000166      0xaea ./utilities/fsl_assert.o
 .debug_macro   0x00000c50       0x10 ./utilities/fsl_assert.o
 .debug_macro   0x00000c60       0x1c ./utilities/fsl_assert.o
 .debug_macro   0x00000c7c       0x22 ./utilities/fsl_assert.o
 .debug_macro   0x00000c9e      0x12e ./utilities/fsl_assert.o
 .debug_macro   0x00000dcc      0x5b3 ./utilities/fsl_assert.o
 .debug_macro   0x0000137f       0x22 ./utilities/fsl_assert.o
 .debug_macro   0x000013a1       0x10 ./utilities/fsl_assert.o
 .debug_macro   0x000013b1       0x46 ./utilities/fsl_assert.o
 .debug_macro   0x000013f7       0x1c ./utilities/fsl_assert.o
 .debug_macro   0x00001413       0x29 ./utilities/fsl_assert.o
 .debug_macro   0x0000143c      0x101 ./utilities/fsl_assert.o
 .debug_macro   0x0000153d     0x1336 ./utilities/fsl_assert.o
 .debug_macro   0x00002873       0x5e ./utilities/fsl_assert.o
 .debug_macro   0x000028d1       0x2e ./utilities/fsl_assert.o
 .debug_macro   0x000028ff    0x1058a ./utilities/fsl_assert.o
 .debug_macro   0x00012e89      0x3a2 ./utilities/fsl_assert.o
 .debug_macro   0x0001322b       0xd7 ./utilities/fsl_assert.o
 .debug_macro   0x00013302      0x2ca ./utilities/fsl_assert.o
 .debug_macro   0x000135cc       0x16 ./utilities/fsl_assert.o
 .debug_macro   0x000135e2       0xd2 ./utilities/fsl_assert.o
 .debug_macro   0x000136b4       0x2e ./utilities/fsl_assert.o
 .debug_macro   0x000136e2       0x2e ./utilities/fsl_assert.o
 .debug_macro   0x00013710       0x47 ./utilities/fsl_assert.o
 .debug_macro   0x00013757       0x16 ./utilities/fsl_assert.o
 .debug_macro   0x0001376d       0xd2 ./utilities/fsl_assert.o
 .debug_macro   0x0001383f       0x1c ./utilities/fsl_assert.o
 .debug_macro   0x0001385b       0x29 ./startup/startup_lpc55s28.o
 .debug_macro   0x00013884      0x23e ./source/Test_cJSON.o
 .debug_macro   0x00013ac2       0xd8 ./source/Test_cJSON.o
 .debug_macro   0x00013b9a       0x64 ./source/Test_cJSON.o
 .debug_macro   0x00013bfe       0x22 ./source/Test_cJSON.o
 .debug_macro   0x00013c20       0x10 ./source/Test_cJSON.o
 .debug_macro   0x00013c30       0xdb ./source/Test_cJSON.o
 .debug_macro   0x00013d0b       0x40 ./source/Test_cJSON.o
 .debug_macro   0x00013d4b       0x19 ./source/Test_cJSON.o
 .debug_macro   0x00013d64       0x28 ./source/Test_cJSON.o
 .debug_macro   0x00013d8c       0x7c ./source/Test_cJSON.o
 .debug_macro   0x00013e08      0x329 ./source/Test_cJSON.o
 .debug_macro   0x00014131       0x40 ./source/Test_cJSON.o
 .debug_macro   0x00014171       0x2e ./source/Test_cJSON.o
 .debug_macro   0x0001419f      0x113 ./source/Test_cJSON.o
 .debug_macro   0x000142b2       0xee ./source/Test_cJSON.o
 .debug_macro   0x000143a0       0xb8 ./source/Test_cJSON.o
 .debug_macro   0x00014458       0x10 ./source/Test_cJSON.o
 .debug_macro   0x00014468       0x35 ./source/Test_cJSON.o
 .debug_macro   0x0001449d       0x10 ./source/Test_cJSON.o
 .debug_macro   0x000144ad       0x34 ./source/Test_cJSON.o
 .debug_macro   0x000144e1       0xf6 ./source/Test_cJSON.o
 .debug_macro   0x000145d7      0x171 ./source/inizializations.o
 .debug_macro   0x00014748       0xdf ./source/inizializations.o
 .debug_macro   0x00014827       0x2f ./source/inizializations.o
 .debug_macro   0x00014856      0x240 ./source/inizializations.o
 .debug_macro   0x00014a96      0x457 ./source/inizializations.o
 .debug_macro   0x00014eed      0x238 ./source/sd_handler.o
 .debug_macro   0x00015125       0x11 ./source/semihost_hardfault.o
 .debug_macro   0x00015136      0x19d ./sdmmc/src/fsl_sd.o
 .debug_macro   0x000152d3      0x187 ./sdmmc/src/fsl_sdmmc_common.o
 .debug_macro   0x0001545a      0x157 ./sdmmc/osa/fsl_sdmmc_osa.o