lv_mem.h:214:44:_lv_memcpy_small	32	static
lv_area.h:100:20:lv_area_copy	16	static
lv_area.h:110:26:lv_area_get_width	16	static
lv_area.h:120:26:lv_area_get_height	16	static
lv_color.h:454:48:lv_color_mix	24	static
lv_color.h:621:26:lv_color_make	16	static
lv_color.h:626:26:lv_color_hex	16	static
lv_anim.h:129:20:lv_anim_set_var	16	static
lv_anim.h:141:20:lv_anim_set_exec_cb	16	static
lv_anim.h:151:20:lv_anim_set_time	16	static
lv_anim.h:161:20:lv_anim_set_delay	16	static
lv_anim.h:172:20:lv_anim_set_values	16	static
lv_anim.h:200:20:lv_anim_set_path	16	static
lv_anim.h:211:20:lv_anim_set_start_cb	16	static
lv_anim.h:221:20:lv_anim_set_ready_cb	16	static
lv_style.h:310:28:lv_style_list_get_style	16	static
lv_obj_style_dec.h:102:1:lv_obj_get_style_radius	16	static
lv_obj_style_dec.h:103:1:lv_obj_get_style_clip_corner	16	static
lv_obj_style_dec.h:105:1:lv_obj_get_style_transform_width	16	static
lv_obj_style_dec.h:106:1:lv_obj_get_style_transform_height	16	static
lv_obj_style_dec.h:107:1:lv_obj_get_style_transform_angle	16	static
lv_obj_style_dec.h:108:1:lv_obj_get_style_transform_zoom	16	static
lv_obj_style_dec.h:109:1:lv_obj_get_style_opa_scale	16	static
lv_obj_style_dec.h:109:1:lv_obj_set_style_local_opa_scale	16	static
lv_obj_style_dec.h:110:1:lv_obj_get_style_pad_top	16	static
lv_obj_style_dec.h:111:1:lv_obj_get_style_pad_bottom	16	static
lv_obj_style_dec.h:112:1:lv_obj_get_style_pad_left	16	static
lv_obj_style_dec.h:113:1:lv_obj_get_style_pad_right	16	static
lv_obj_style_dec.h:114:1:lv_obj_get_style_pad_inner	16	static
lv_obj_style_dec.h:115:1:lv_obj_get_style_margin_top	16	static
lv_obj_style_dec.h:116:1:lv_obj_get_style_margin_bottom	16	static
lv_obj_style_dec.h:117:1:lv_obj_get_style_margin_left	16	static
lv_obj_style_dec.h:118:1:lv_obj_get_style_margin_right	16	static
lv_obj_style_dec.h:119:1:lv_obj_get_style_bg_blend_mode	16	static
lv_obj_style_dec.h:120:1:lv_obj_get_style_bg_main_stop	16	static
lv_obj_style_dec.h:121:1:lv_obj_get_style_bg_grad_stop	16	static
lv_obj_style_dec.h:122:1:lv_obj_get_style_bg_grad_dir	16	static
lv_obj_style_dec.h:123:1:lv_obj_get_style_bg_color	16	static
lv_obj_style_dec.h:124:1:lv_obj_get_style_bg_grad_color	16	static
lv_obj_style_dec.h:125:1:lv_obj_get_style_bg_opa	16	static
lv_obj_style_dec.h:126:1:lv_obj_get_style_border_width	16	static
lv_obj_style_dec.h:127:1:lv_obj_get_style_border_side	16	static
lv_obj_style_dec.h:128:1:lv_obj_get_style_border_blend_mode	16	static
lv_obj_style_dec.h:129:1:lv_obj_get_style_border_post	16	static
lv_obj_style_dec.h:130:1:lv_obj_get_style_border_color	16	static
lv_obj_style_dec.h:131:1:lv_obj_get_style_border_opa	16	static
lv_obj_style_dec.h:132:1:lv_obj_get_style_outline_width	16	static
lv_obj_style_dec.h:133:1:lv_obj_get_style_outline_pad	16	static
lv_obj_style_dec.h:134:1:lv_obj_get_style_outline_blend_mode	16	static
lv_obj_style_dec.h:135:1:lv_obj_get_style_outline_color	16	static
lv_obj_style_dec.h:136:1:lv_obj_get_style_outline_opa	16	static
lv_obj_style_dec.h:137:1:lv_obj_get_style_shadow_width	16	static
lv_obj_style_dec.h:138:1:lv_obj_get_style_shadow_ofs_x	16	static
lv_obj_style_dec.h:139:1:lv_obj_get_style_shadow_ofs_y	16	static
lv_obj_style_dec.h:140:1:lv_obj_get_style_shadow_spread	16	static
lv_obj_style_dec.h:141:1:lv_obj_get_style_shadow_blend_mode	16	static
lv_obj_style_dec.h:142:1:lv_obj_get_style_shadow_color	16	static
lv_obj_style_dec.h:143:1:lv_obj_get_style_shadow_opa	16	static
lv_obj_style_dec.h:144:1:lv_obj_get_style_pattern_repeat	16	static
lv_obj_style_dec.h:145:1:lv_obj_get_style_pattern_blend_mode	16	static
lv_obj_style_dec.h:146:1:lv_obj_get_style_pattern_recolor	16	static
lv_obj_style_dec.h:147:1:lv_obj_get_style_pattern_opa	16	static
lv_obj_style_dec.h:148:1:lv_obj_get_style_pattern_recolor_opa	16	static
lv_obj_style_dec.h:149:1:lv_obj_get_style_pattern_image	16	static
lv_obj_style_dec.h:150:1:lv_obj_get_style_value_letter_space	16	static
lv_obj_style_dec.h:151:1:lv_obj_get_style_value_line_space	16	static
lv_obj_style_dec.h:152:1:lv_obj_get_style_value_blend_mode	16	static
lv_obj_style_dec.h:153:1:lv_obj_get_style_value_ofs_x	16	static
lv_obj_style_dec.h:154:1:lv_obj_get_style_value_ofs_y	16	static
lv_obj_style_dec.h:155:1:lv_obj_get_style_value_align	16	static
lv_obj_style_dec.h:156:1:lv_obj_get_style_value_color	16	static
lv_obj_style_dec.h:157:1:lv_obj_get_style_value_opa	16	static
lv_obj_style_dec.h:158:1:lv_obj_get_style_value_font	16	static
lv_obj_style_dec.h:159:1:lv_obj_get_style_value_str	16	static
lv_obj_style_dec.h:160:1:lv_obj_get_style_text_letter_space	16	static
lv_obj_style_dec.h:161:1:lv_obj_get_style_text_line_space	16	static
lv_obj_style_dec.h:162:1:lv_obj_get_style_text_decor	16	static
lv_obj_style_dec.h:163:1:lv_obj_get_style_text_blend_mode	16	static
lv_obj_style_dec.h:164:1:lv_obj_get_style_text_color	16	static
lv_obj_style_dec.h:165:1:lv_obj_get_style_text_sel_color	16	static
lv_obj_style_dec.h:166:1:lv_obj_get_style_text_opa	16	static
lv_obj_style_dec.h:167:1:lv_obj_get_style_text_font	16	static
lv_obj_style_dec.h:168:1:lv_obj_get_style_line_width	16	static
lv_obj_style_dec.h:169:1:lv_obj_get_style_line_blend_mode	16	static
lv_obj_style_dec.h:170:1:lv_obj_get_style_line_dash_width	16	static
lv_obj_style_dec.h:171:1:lv_obj_get_style_line_dash_gap	16	static
lv_obj_style_dec.h:172:1:lv_obj_get_style_line_rounded	16	static
lv_obj_style_dec.h:173:1:lv_obj_get_style_line_color	16	static
lv_obj_style_dec.h:174:1:lv_obj_get_style_line_opa	16	static
lv_obj_style_dec.h:175:1:lv_obj_get_style_image_blend_mode	16	static
lv_obj_style_dec.h:176:1:lv_obj_get_style_image_recolor	16	static
lv_obj_style_dec.h:177:1:lv_obj_get_style_image_opa	16	static
lv_obj_style_dec.h:178:1:lv_obj_get_style_image_recolor_opa	16	static
lv_obj_style_dec.h:179:1:lv_obj_get_style_transition_time	16	static
lv_obj_style_dec.h:180:1:lv_obj_get_style_transition_delay	16	static
lv_obj_style_dec.h:181:1:lv_obj_get_style_transition_prop_1	16	static
lv_obj_style_dec.h:182:1:lv_obj_get_style_transition_prop_2	16	static
lv_obj_style_dec.h:183:1:lv_obj_get_style_transition_prop_3	16	static
lv_obj_style_dec.h:184:1:lv_obj_get_style_transition_prop_4	16	static
lv_obj_style_dec.h:185:1:lv_obj_get_style_transition_prop_5	16	static
lv_obj_style_dec.h:186:1:lv_obj_get_style_transition_prop_6	16	static
lv_obj_style_dec.h:188:1:lv_obj_get_style_transition_path	16	static
lv_obj.c:132:6:lv_init	48	static
lv_obj.c:207:6:lv_deinit	8	static
lv_obj.c:234:12:lv_obj_create	32	static
lv_obj.c:439:10:lv_obj_del	32	static
lv_obj.c:474:6:lv_obj_del_anim_ready_cb	16	static
lv_obj.c:486:6:lv_obj_del_async	16	static
lv_obj.c:496:6:lv_obj_clean	24	static
lv_obj.c:516:6:lv_obj_invalidate_area	32	static
lv_obj.c:531:6:lv_obj_invalidate	32	static
lv_obj.c:554:6:lv_obj_area_is_visible	40	static
lv_obj.c:599:6:lv_obj_is_visible	32	static
lv_obj.c:628:6:lv_obj_set_parent	40	static
lv_obj.c:684:6:lv_obj_move_foreground	24	static
lv_obj.c:707:6:lv_obj_move_background	24	static
lv_obj.c:736:6:lv_obj_set_pos	32	static
lv_obj.c:788:6:lv_obj_set_x	16	static
lv_obj.c:800:6:lv_obj_set_y	16	static
lv_obj.c:813:6:lv_obj_set_size	32	static
lv_obj.c:867:6:lv_obj_set_width	16	static
lv_obj.c:879:6:lv_obj_set_height	16	static
lv_obj.c:891:6:lv_obj_set_width_fit	24	static
lv_obj.c:904:6:lv_obj_set_height_fit	24	static
lv_obj.c:918:6:lv_obj_set_width_margin	24	static
lv_obj.c:932:6:lv_obj_set_height_margin	24	static
lv_obj.c:948:6:lv_obj_align	40	static
lv_obj.c:975:6:lv_obj_align_x	40	static
lv_obj.c:993:6:lv_obj_align_y	40	static
lv_obj.c:1012:6:lv_obj_align_mid	40	static
lv_obj.c:1042:6:lv_obj_align_mid_x	40	static
lv_obj.c:1064:6:lv_obj_align_mid_y	40	static
lv_obj.c:1082:6:lv_obj_realign	24	static
lv_obj.c:1103:6:lv_obj_set_auto_realign	16	static
lv_obj.c:1127:6:lv_obj_set_ext_click_area	24	static
lv_obj.c:1159:6:lv_obj_add_style	32	static
lv_obj.c:1183:6:lv_obj_remove_style	32	static
lv_obj.c:1208:6:lv_obj_clean_style_list	24	static
lv_obj.c:1230:6:lv_obj_reset_style_list	16	static
lv_obj.c:1249:6:_lv_obj_set_style_local_int	32	static
lv_obj.c:1271:6:_lv_obj_set_style_local_color	32	static
lv_obj.c:1293:6:_lv_obj_set_style_local_opa	24	static
lv_obj.c:1315:6:_lv_obj_set_style_local_ptr	32	static
lv_obj.c:1336:6:lv_obj_remove_style_local_prop	24	static
lv_obj.c:1350:6:lv_obj_refresh_style	24	static
lv_obj.c:1430:6:lv_obj_report_style_mod	24	static
lv_obj.c:1448:6:_lv_obj_disable_style_caching	32	static
lv_obj.c:1472:6:lv_obj_set_hidden	24	static
lv_obj.c:1491:6:lv_obj_set_adv_hittest	16	static
lv_obj.c:1503:6:lv_obj_set_click	16	static
lv_obj.c:1516:6:lv_obj_set_top	16	static
lv_obj.c:1528:6:lv_obj_set_drag	16	static
lv_obj.c:1541:6:lv_obj_set_drag_dir	16	static
lv_obj.c:1555:6:lv_obj_set_drag_throw	16	static
lv_obj.c:1568:6:lv_obj_set_drag_parent	16	static
lv_obj.c:1581:6:lv_obj_set_gesture_parent	16	static
lv_obj.c:1592:6:lv_obj_set_focus_parent	16	static
lv_obj.c:1616:6:lv_obj_set_parent_event	16	static
lv_obj.c:1628:6:lv_obj_set_base_dir	16	static
lv_obj.c:1650:6:lv_obj_add_protect	16	static
lv_obj.c:1662:6:lv_obj_clear_protect	16	static
lv_obj.c:1677:6:lv_obj_set_state	128	static
lv_obj.c:1750:6:lv_obj_add_state	24	static
lv_obj.c:1767:6:lv_obj_clear_state	24	static
lv_obj.c:1783:6:lv_obj_finish_transitions	24	static
lv_obj.c:1804:6:lv_obj_set_event_cb	16	static
lv_obj.c:1818:10:lv_event_send	32	static
lv_obj.c:1834:10:lv_event_send_refresh	16	static
lv_obj.c:1843:6:lv_event_send_refresh_recursive	32	static
lv_obj.c:1885:10:lv_event_send_func	48	static
lv_obj.c:1942:14:lv_event_get_data	4	static
lv_obj.c:1953:6:lv_obj_set_signal_cb	16	static
lv_obj.c:1966:10:lv_signal_send	32	static
lv_obj.c:1981:6:lv_obj_set_design_cb	16	static
lv_obj.c:1999:8:lv_obj_allocate_ext_attr	24	static
lv_obj.c:2015:6:lv_obj_refresh_ext_draw_pad	16	static
lv_obj.c:2033:12:lv_obj_get_screen	24	static
lv_obj.c:2053:13:lv_obj_get_disp	32	static
lv_obj.c:2085:12:lv_obj_get_parent	16	static
lv_obj.c:2099:12:lv_obj_get_child	24	static
lv_obj.c:2122:12:lv_obj_get_child_back	24	static
lv_obj.c:2143:10:lv_obj_count_children	24	static
lv_obj.c:2159:10:lv_obj_count_children_recursive	24	static
lv_obj.c:2183:6:lv_obj_get_coords	16	static
lv_obj.c:2195:6:lv_obj_get_inner_coords	24	static
lv_obj.c:2216:12:lv_obj_get_x	24	static
lv_obj.c:2236:12:lv_obj_get_y	24	static
lv_obj.c:2256:12:lv_obj_get_width	16	static
lv_obj.c:2268:12:lv_obj_get_height	16	static
lv_obj.c:2280:12:lv_obj_get_width_fit	24	static
lv_obj.c:2295:12:lv_obj_get_height_fit	24	static
lv_obj.c:2311:12:lv_obj_get_height_margin	24	static
lv_obj.c:2325:12:lv_obj_get_width_margin	24	static
lv_obj.c:2343:12:lv_obj_get_width_grid	24	static
lv_obj.c:2364:12:lv_obj_get_height_grid	24	static
lv_obj.c:2380:6:lv_obj_get_auto_realign	16	static
lv_obj.c:2397:12:lv_obj_get_ext_click_pad_left	16	static
lv_obj.c:2416:12:lv_obj_get_ext_click_pad_right	16	static
lv_obj.c:2435:12:lv_obj_get_ext_click_pad_top	16	static
lv_obj.c:2454:12:lv_obj_get_ext_click_pad_bottom	16	static
lv_obj.c:2473:12:lv_obj_get_ext_draw_pad	16	static
lv_obj.c:2484:19:lv_obj_get_style_list	32	static
lv_obj.c:2514:16:_lv_obj_get_style_int	40	static
lv_obj.c:2639:12:_lv_obj_get_style_color	40	static
lv_obj.c:2695:10:_lv_obj_get_style_opa	40	static
lv_obj.c:2774:14:_lv_obj_get_style_ptr	40	static
lv_obj.c:2847:14:lv_obj_get_local_style	24	static
lv_obj.c:2863:6:lv_obj_get_hidden	16	static
lv_obj.c:2875:6:lv_obj_get_adv_hittest	16	static
lv_obj.c:2887:6:lv_obj_get_click	16	static
lv_obj.c:2899:6:lv_obj_get_top	16	static
lv_obj.c:2911:6:lv_obj_get_drag	16	static
lv_obj.c:2923:15:lv_obj_get_drag_dir	16	static
lv_obj.c:2935:6:lv_obj_get_drag_throw	16	static
lv_obj.c:2947:6:lv_obj_get_drag_parent	16	static
lv_obj.c:2957:6:lv_obj_get_gesture_parent	16	static
lv_obj.c:2967:6:lv_obj_get_focus_parent	16	static
lv_obj.c:2977:6:lv_obj_get_parent_event	16	static
lv_obj.c:2985:15:lv_obj_get_base_dir	16	static
lv_obj.c:3010:9:lv_obj_get_protect	16	static
lv_obj.c:3023:6:lv_obj_is_protected	16	static
lv_obj.c:3030:12:lv_obj_get_state	24	static
lv_obj.c:3053:16:lv_obj_get_signal_cb	16	static
lv_obj.c:3065:16:lv_obj_get_design_cb	16	static
lv_obj.c:3077:15:lv_obj_get_event_cb	16	static
lv_obj.c:3094:8:lv_obj_get_ext_attr	16	static
lv_obj.c:3107:6:lv_obj_get_type	56	static
lv_obj.c:3175:8:lv_obj_get_group	16	static
lv_obj.c:3192:6:lv_obj_is_focused	16	static
lv_obj.c:3220:6:lv_obj_is_point_on_coords	24	static
lv_obj.c:3252:6:lv_obj_hittest	24	static
lv_obj.c:3272:10:lv_obj_handle_get_type_signal	24	static
lv_obj.c:3291:6:lv_obj_init_draw_rect_dsc	40	static
lv_obj.c:3427:6:lv_obj_init_draw_label_dsc	40	static
lv_obj.c:3459:6:lv_obj_init_draw_img_dsc	40	static
lv_obj.c:3486:6:lv_obj_init_draw_line_dsc	40	static
lv_obj.c:3522:12:lv_obj_get_draw_rect_ext_pad_size	96	static
lv_obj.c:3598:6:lv_obj_fade_in	96	static
lv_obj.c:3623:6:lv_obj_fade_out	96	static
lv_obj.c:3647:6:lv_debug_check_obj_type	56	static
lv_obj.c:3669:6:lv_debug_check_obj_valid	32	static
lv_obj.c:3691:13:lv_obj_del_async_cb	16	static
lv_obj.c:3698:13:obj_del_core	40	static
lv_obj.c:3785:24:lv_obj_design	160	static
lv_obj.c:3880:12:lv_obj_get_focused_obj	24	static
lv_obj.c:3898:17:lv_obj_signal	40	static
lv_obj.c:3977:13:refresh_children_position	24	static
lv_obj.c:3995:13:report_style_mod_core	32	static
lv_obj.c:4025:13:refresh_children_style	24	static
lv_obj.c:4038:13:base_dir_refr_children	24	static
lv_obj.c:4053:13:obj_align_core	40	static
lv_obj.c:4073:13:obj_align_mid_core	48	static
lv_obj.c:4218:27:trans_create	56	static
lv_obj.c:4329:13:trans_del	40	static
lv_obj.c:4355:13:trans_anim_cb	40	static
lv_obj.c:4391:13:trans_anim_start_cb	32	static
lv_obj.c:4420:13:trans_anim_ready_cb	40	static
lv_obj.c:4446:13:opa_scale_anim	16	static
lv_obj.c:4451:13:fade_in_anim_ready	16	static
lv_obj.c:4458:13:lv_event_mark_deleted	24	static
lv_obj.c:4468:13:obj_valid_child	24	static
lv_obj.c:4483:13:style_prop_is_cacheble	16	static
lv_obj.c:4534:13:update_style_cache	24	static
lv_obj.c:4614:13:update_style_cache_children	40	static
lv_obj.c:4651:13:invalidate_style_cache	32	static
