system_LPC55S28.c:60:17:findPll0PreDiv	16	static
system_LPC55S28.c:77:17:findPll0PostDiv	16	static
system_LPC55S28.c:100:14:findPll0MMult	24	static
system_LPC55S28.c:126:17:findPll1PreDiv	16	static
system_LPC55S28.c:143:17:findPll1PostDiv	16	static
system_LPC55S28.c:166:17:findPll1MMult	16	static
system_LPC55S28.c:183:17:GetFro12MFreq	4	static
system_LPC55S28.c:192:17:GetFro1MFreq	4	static
system_LPC55S28.c:201:17:GetExtClkFreq	4	static
system_LPC55S28.c:210:17:GetFroHfFreq	4	static
system_LPC55S28.c:219:17:GetOsc32KFreq	4	static
system_LPC55S28.c:240:28:SystemInit	8	static
system_LPC55S28.c:275:6:SystemCoreClockUpdate	48	static
system_LPC55S28.c:376:29:SystemInitHook	4	static
