lv_color.h:621:26:lv_color_make	16	static
lv_obj_style_dec.h:102:1:lv_style_set_radius	16	static
lv_obj_style_dec.h:110:1:lv_style_set_pad_top	16	static
lv_obj_style_dec.h:111:1:lv_style_set_pad_bottom	16	static
lv_obj_style_dec.h:112:1:lv_style_set_pad_left	16	static
lv_obj_style_dec.h:113:1:lv_style_set_pad_right	16	static
lv_obj_style_dec.h:122:1:lv_style_set_bg_grad_dir	16	static
lv_obj_style_dec.h:123:1:lv_style_set_bg_color	16	static
lv_obj_style_dec.h:124:1:lv_style_set_bg_grad_color	16	static
lv_obj_style_dec.h:125:1:lv_style_set_bg_opa	16	static
lv_obj_style_dec.h:126:1:lv_style_set_border_width	16	static
lv_obj_style_dec.h:130:1:lv_style_set_border_color	16	static
lv_obj_style_dec.h:131:1:lv_style_set_border_opa	16	static
lv_obj_style_dec.h:160:1:lv_style_set_text_letter_space	16	static
lv_obj_style_dec.h:164:1:lv_style_set_text_color	16	static
lv_obj_style_dec.h:167:1:lv_style_set_text_font	24	static
lv_disp.h:159:26:lv_scr_act	8	static
lv_cont.h:169:20:lv_cont_set_fit	24	static
setup_scr_page2_screen.c:17:13:kb_event_cb	16	static
setup_scr_page2_screen.c:27:13:text_area_event_cb	24	static
setup_scr_page2_screen.c:42:6:open_kb_callback	24	static
setup_scr_page2_screen.c:49:6:send_char_cb	16	static
setup_scr_page2_screen.c:53:6:setup_scr_page2_screen	32	static
setup_scr_page2_screen.c:169:6:return_to_home_callback	24	static
